Archive member included because of file (symbol)

e:/private/courses/embedded/imt diploma/imt tools/sdk/imt_sdk_win_64/winavr/bin/../lib/gcc/avr/4.3.3/avr5\libgcc.a(_mulsi3.o)
                              ./FreeRTOS/Src/integer.o (__mulsi3)
e:/private/courses/embedded/imt diploma/imt tools/sdk/imt_sdk_win_64/winavr/bin/../lib/gcc/avr/4.3.3/avr5\libgcc.a(_divmodsi4.o)
                              ./FreeRTOS/Src/integer.o (__divmodsi4)
e:/private/courses/embedded/imt diploma/imt tools/sdk/imt_sdk_win_64/winavr/bin/../lib/gcc/avr/4.3.3/avr5\libgcc.a(_exit.o)
                              e:/private/courses/embedded/imt diploma/imt tools/sdk/imt_sdk_win_64/winavr/bin/../lib/gcc/avr/4.3.3/../../../../avr/lib/avr5/crtm32.o (exit)
e:/private/courses/embedded/imt diploma/imt tools/sdk/imt_sdk_win_64/winavr/bin/../lib/gcc/avr/4.3.3/avr5\libgcc.a(_copy_data.o)
                              ./MCAL/Timer0_Driver_V4/Timer0_prog.o (__do_copy_data)
e:/private/courses/embedded/imt diploma/imt tools/sdk/imt_sdk_win_64/winavr/bin/../lib/gcc/avr/4.3.3/avr5\libgcc.a(_clear_bss.o)
                              ./MCAL/Timer0_Driver_V4/Timer0_prog.o (__do_clear_bss)
e:/private/courses/embedded/imt diploma/imt tools/sdk/imt_sdk_win_64/winavr/bin/../lib/gcc/avr/4.3.3/avr5\libgcc.a(_fixunssfsi.o)
                              ./MCAL/Timer0_Driver_V4/Timer0_prog.o (__fixunssfsi)
e:/private/courses/embedded/imt diploma/imt tools/sdk/imt_sdk_win_64/winavr/bin/../lib/gcc/avr/4.3.3/avr5\libgcc.a(_addsub_sf.o)
                              e:/private/courses/embedded/imt diploma/imt tools/sdk/imt_sdk_win_64/winavr/bin/../lib/gcc/avr/4.3.3/avr5\libgcc.a(_fixunssfsi.o) (__subsf3)
e:/private/courses/embedded/imt diploma/imt tools/sdk/imt_sdk_win_64/winavr/bin/../lib/gcc/avr/4.3.3/avr5\libgcc.a(_mul_sf.o)
                              ./MCAL/Timer0_Driver_V4/Timer0_prog.o (__mulsf3)
e:/private/courses/embedded/imt diploma/imt tools/sdk/imt_sdk_win_64/winavr/bin/../lib/gcc/avr/4.3.3/avr5\libgcc.a(_div_sf.o)
                              ./MCAL/Timer0_Driver_V4/Timer0_prog.o (__divsf3)
e:/private/courses/embedded/imt diploma/imt tools/sdk/imt_sdk_win_64/winavr/bin/../lib/gcc/avr/4.3.3/avr5\libgcc.a(_ge_sf.o)
                              e:/private/courses/embedded/imt diploma/imt tools/sdk/imt_sdk_win_64/winavr/bin/../lib/gcc/avr/4.3.3/avr5\libgcc.a(_fixunssfsi.o) (__gesf2)
e:/private/courses/embedded/imt diploma/imt tools/sdk/imt_sdk_win_64/winavr/bin/../lib/gcc/avr/4.3.3/avr5\libgcc.a(_sf_to_si.o)
                              e:/private/courses/embedded/imt diploma/imt tools/sdk/imt_sdk_win_64/winavr/bin/../lib/gcc/avr/4.3.3/avr5\libgcc.a(_fixunssfsi.o) (__fixsfsi)
e:/private/courses/embedded/imt diploma/imt tools/sdk/imt_sdk_win_64/winavr/bin/../lib/gcc/avr/4.3.3/avr5\libgcc.a(_thenan_sf.o)
                              e:/private/courses/embedded/imt diploma/imt tools/sdk/imt_sdk_win_64/winavr/bin/../lib/gcc/avr/4.3.3/avr5\libgcc.a(_addsub_sf.o) (__thenan_sf)
e:/private/courses/embedded/imt diploma/imt tools/sdk/imt_sdk_win_64/winavr/bin/../lib/gcc/avr/4.3.3/avr5\libgcc.a(_usi_to_sf.o)
                              ./MCAL/Timer0_Driver_V4/Timer0_prog.o (__floatunsisf)
e:/private/courses/embedded/imt diploma/imt tools/sdk/imt_sdk_win_64/winavr/bin/../lib/gcc/avr/4.3.3/avr5\libgcc.a(_udivmodsi4.o)
                              e:/private/courses/embedded/imt diploma/imt tools/sdk/imt_sdk_win_64/winavr/bin/../lib/gcc/avr/4.3.3/avr5\libgcc.a(_divmodsi4.o) (__udivmodsi4)
e:/private/courses/embedded/imt diploma/imt tools/sdk/imt_sdk_win_64/winavr/bin/../lib/gcc/avr/4.3.3/avr5\libgcc.a(_prologue.o)
                              e:/private/courses/embedded/imt diploma/imt tools/sdk/imt_sdk_win_64/winavr/bin/../lib/gcc/avr/4.3.3/avr5\libgcc.a(_addsub_sf.o) (__prologue_saves__)
e:/private/courses/embedded/imt diploma/imt tools/sdk/imt_sdk_win_64/winavr/bin/../lib/gcc/avr/4.3.3/avr5\libgcc.a(_epilogue.o)
                              e:/private/courses/embedded/imt diploma/imt tools/sdk/imt_sdk_win_64/winavr/bin/../lib/gcc/avr/4.3.3/avr5\libgcc.a(_addsub_sf.o) (__epilogue_restores__)
e:/private/courses/embedded/imt diploma/imt tools/sdk/imt_sdk_win_64/winavr/bin/../lib/gcc/avr/4.3.3/avr5\libgcc.a(_clzsi2.o)
                              e:/private/courses/embedded/imt diploma/imt tools/sdk/imt_sdk_win_64/winavr/bin/../lib/gcc/avr/4.3.3/avr5\libgcc.a(_usi_to_sf.o) (__clzsi2)
e:/private/courses/embedded/imt diploma/imt tools/sdk/imt_sdk_win_64/winavr/bin/../lib/gcc/avr/4.3.3/avr5\libgcc.a(_pack_sf.o)
                              e:/private/courses/embedded/imt diploma/imt tools/sdk/imt_sdk_win_64/winavr/bin/../lib/gcc/avr/4.3.3/avr5\libgcc.a(_addsub_sf.o) (__pack_f)
e:/private/courses/embedded/imt diploma/imt tools/sdk/imt_sdk_win_64/winavr/bin/../lib/gcc/avr/4.3.3/avr5\libgcc.a(_unpack_sf.o)
                              e:/private/courses/embedded/imt diploma/imt tools/sdk/imt_sdk_win_64/winavr/bin/../lib/gcc/avr/4.3.3/avr5\libgcc.a(_addsub_sf.o) (__unpack_f)
e:/private/courses/embedded/imt diploma/imt tools/sdk/imt_sdk_win_64/winavr/bin/../lib/gcc/avr/4.3.3/avr5\libgcc.a(_fpcmp_parts_sf.o)
                              e:/private/courses/embedded/imt diploma/imt tools/sdk/imt_sdk_win_64/winavr/bin/../lib/gcc/avr/4.3.3/avr5\libgcc.a(_ge_sf.o) (__fpcmp_parts_f)
e:/private/courses/embedded/imt diploma/imt tools/sdk/imt_sdk_win_64/winavr/bin/../lib/gcc/avr/4.3.3/avr5\libgcc.a(_clz.o)
                              e:/private/courses/embedded/imt diploma/imt tools/sdk/imt_sdk_win_64/winavr/bin/../lib/gcc/avr/4.3.3/avr5\libgcc.a(_clzsi2.o) (__clz_tab)
e:/private/courses/embedded/imt diploma/imt tools/sdk/imt_sdk_win_64/winavr/bin/../lib/gcc/avr/4.3.3/../../../../avr/lib/avr5\libc.a(memcpy.o)
                              ./FreeRTOS/Src/queue.o (memcpy)

Allocating common symbols
Common symbol       size              file

REC_Message         0x10              ./HAL/MCP2515_driver/MCP2515_Programe.o
xQueue              0x2               ./APP/main.o

Memory Configuration

Name             Origin             Length             Attributes
text             0x00000000         0x00020000         xr
data             0x00800060         0x0000ffa0         rw !x
eeprom           0x00810000         0x00010000         rw !x
fuse             0x00820000         0x00000400         rw !x
lock             0x00830000         0x00000400         rw !x
signature        0x00840000         0x00000400         rw !x
*default*        0x00000000         0xffffffff

Linker script and memory map

LOAD e:/private/courses/embedded/imt diploma/imt tools/sdk/imt_sdk_win_64/winavr/bin/../lib/gcc/avr/4.3.3/../../../../avr/lib/avr5/crtm32.o
LOAD ./MCAL/Timer0_Driver_V4/Timer0_prog.o
LOAD ./MCAL/SPI_driver/SPI_Program.o
LOAD ./MCAL/EXTI_Driver_V2/EXTI_prg.o
LOAD ./MCAL/DIO_V1/DIO_prg.o
LOAD ./HAL/MCP2515_driver/MCP2515_Programe.o
LOAD ./HAL/LED_Handler_V1/LED_prog.o
LOAD ./FreeRTOS/Src/PollQ.o
LOAD ./FreeRTOS/Src/croutine.o
LOAD ./FreeRTOS/Src/event_groups.o
LOAD ./FreeRTOS/Src/heap_1.o
LOAD ./FreeRTOS/Src/integer.o
LOAD ./FreeRTOS/Src/list.o
LOAD ./FreeRTOS/Src/port.o
LOAD ./FreeRTOS/Src/queue.o
LOAD ./FreeRTOS/Src/tasks.o
LOAD ./APP/main.o
LOAD e:/private/courses/embedded/imt diploma/imt tools/sdk/imt_sdk_win_64/winavr/bin/../lib/gcc/avr/4.3.3/avr5\libgcc.a
LOAD e:/private/courses/embedded/imt diploma/imt tools/sdk/imt_sdk_win_64/winavr/bin/../lib/gcc/avr/4.3.3/../../../../avr/lib/avr5\libc.a
LOAD e:/private/courses/embedded/imt diploma/imt tools/sdk/imt_sdk_win_64/winavr/bin/../lib/gcc/avr/4.3.3/avr5\libgcc.a

.hash
 *(.hash)

.dynsym
 *(.dynsym)

.dynstr
 *(.dynstr)

.gnu.version
 *(.gnu.version)

.gnu.version_d
 *(.gnu.version_d)

.gnu.version_r
 *(.gnu.version_r)

.rel.init
 *(.rel.init)

.rela.init
 *(.rela.init)

.rel.text
 *(.rel.text)
 *(.rel.text.*)
 *(.rel.gnu.linkonce.t*)

.rela.text
 *(.rela.text)
 *(.rela.text.*)
 *(.rela.gnu.linkonce.t*)

.rel.fini
 *(.rel.fini)

.rela.fini
 *(.rela.fini)

.rel.rodata
 *(.rel.rodata)
 *(.rel.rodata.*)
 *(.rel.gnu.linkonce.r*)

.rela.rodata
 *(.rela.rodata)
 *(.rela.rodata.*)
 *(.rela.gnu.linkonce.r*)

.rel.data
 *(.rel.data)
 *(.rel.data.*)
 *(.rel.gnu.linkonce.d*)

.rela.data
 *(.rela.data)
 *(.rela.data.*)
 *(.rela.gnu.linkonce.d*)

.rel.ctors
 *(.rel.ctors)

.rela.ctors
 *(.rela.ctors)

.rel.dtors
 *(.rel.dtors)

.rela.dtors
 *(.rela.dtors)

.rel.got
 *(.rel.got)

.rela.got
 *(.rela.got)

.rel.bss
 *(.rel.bss)

.rela.bss
 *(.rela.bss)

.rel.plt
 *(.rel.plt)

.rela.plt
 *(.rela.plt)

.text           0x00000000     0x67b0
 *(.vectors)
 .vectors       0x00000000       0x54 e:/private/courses/embedded/imt diploma/imt tools/sdk/imt_sdk_win_64/winavr/bin/../lib/gcc/avr/4.3.3/../../../../avr/lib/avr5/crtm32.o
                0x00000000                __vectors
                0x00000000                __vector_default
 *(.vectors)
 *(.progmem.gcc*)
 *(.progmem*)
                0x00000054                . = ALIGN (0x2)
                0x00000054                __trampolines_start = .
 *(.trampolines)
 .trampolines   0x00000054        0x0 linker stubs
 *(.trampolines*)
                0x00000054                __trampolines_end = .
 *(.jumptables)
 *(.jumptables*)
 *(.lowtext)
 *(.lowtext*)
                0x00000054                __ctors_start = .
 *(.ctors)
                0x00000054                __ctors_end = .
                0x00000054                __dtors_start = .
 *(.dtors)
                0x00000054                __dtors_end = .
 SORT(*)(.ctors)
 SORT(*)(.dtors)
 *(.init0)
 .init0         0x00000054        0x0 e:/private/courses/embedded/imt diploma/imt tools/sdk/imt_sdk_win_64/winavr/bin/../lib/gcc/avr/4.3.3/../../../../avr/lib/avr5/crtm32.o
                0x00000054                __init
 *(.init0)
 *(.init1)
 *(.init1)
 *(.init2)
 .init2         0x00000054        0xc e:/private/courses/embedded/imt diploma/imt tools/sdk/imt_sdk_win_64/winavr/bin/../lib/gcc/avr/4.3.3/../../../../avr/lib/avr5/crtm32.o
 *(.init2)
 *(.init3)
 *(.init3)
 *(.init4)
 .init4         0x00000060       0x16 e:/private/courses/embedded/imt diploma/imt tools/sdk/imt_sdk_win_64/winavr/bin/../lib/gcc/avr/4.3.3/avr5\libgcc.a(_copy_data.o)
                0x00000060                __do_copy_data
 .init4         0x00000076       0x10 e:/private/courses/embedded/imt diploma/imt tools/sdk/imt_sdk_win_64/winavr/bin/../lib/gcc/avr/4.3.3/avr5\libgcc.a(_clear_bss.o)
                0x00000076                __do_clear_bss
 *(.init4)
 *(.init5)
 *(.init5)
 *(.init6)
 *(.init6)
 *(.init7)
 *(.init7)
 *(.init8)
 *(.init8)
 *(.init9)
 .init9         0x00000086        0x8 e:/private/courses/embedded/imt diploma/imt tools/sdk/imt_sdk_win_64/winavr/bin/../lib/gcc/avr/4.3.3/../../../../avr/lib/avr5/crtm32.o
 *(.init9)
 *(.text)
 .text          0x0000008e        0x4 e:/private/courses/embedded/imt diploma/imt tools/sdk/imt_sdk_win_64/winavr/bin/../lib/gcc/avr/4.3.3/../../../../avr/lib/avr5/crtm32.o
                0x0000008e                __vector_12
                0x0000008e                __bad_interrupt
                0x0000008e                __vector_6
                0x0000008e                __vector_3
                0x0000008e                __vector_13
                0x0000008e                __vector_17
                0x0000008e                __vector_19
                0x0000008e                __vector_5
                0x0000008e                __vector_4
                0x0000008e                __vector_9
                0x0000008e                __vector_15
                0x0000008e                __vector_8
                0x0000008e                __vector_14
                0x0000008e                __vector_16
                0x0000008e                __vector_18
                0x0000008e                __vector_20
 .text          0x00000092        0x0 ./MCAL/Timer0_Driver_V4/Timer0_prog.o
 .text          0x00000092        0x0 ./MCAL/SPI_driver/SPI_Program.o
 .text          0x00000092        0x0 ./MCAL/EXTI_Driver_V2/EXTI_prg.o
 .text          0x00000092        0x0 ./MCAL/DIO_V1/DIO_prg.o
 .text          0x00000092        0x0 ./HAL/MCP2515_driver/MCP2515_Programe.o
 .text          0x00000092        0x0 ./HAL/LED_Handler_V1/LED_prog.o
 .text          0x00000092        0x0 ./FreeRTOS/Src/PollQ.o
 .text          0x00000092        0x0 ./FreeRTOS/Src/croutine.o
 .text          0x00000092        0x0 ./FreeRTOS/Src/event_groups.o
 .text          0x00000092        0x0 ./FreeRTOS/Src/heap_1.o
 .text          0x00000092        0x0 ./FreeRTOS/Src/integer.o
 .text          0x00000092        0x0 ./FreeRTOS/Src/list.o
 .text          0x00000092        0x0 ./FreeRTOS/Src/port.o
 .text          0x00000092        0x0 ./FreeRTOS/Src/queue.o
 .text          0x00000092        0x0 ./FreeRTOS/Src/tasks.o
 .text          0x00000092        0x0 ./APP/main.o
 .text          0x00000092        0x0 e:/private/courses/embedded/imt diploma/imt tools/sdk/imt_sdk_win_64/winavr/bin/../lib/gcc/avr/4.3.3/avr5\libgcc.a(_mulsi3.o)
 .text          0x00000092        0x0 e:/private/courses/embedded/imt diploma/imt tools/sdk/imt_sdk_win_64/winavr/bin/../lib/gcc/avr/4.3.3/avr5\libgcc.a(_divmodsi4.o)
 .text          0x00000092        0x0 e:/private/courses/embedded/imt diploma/imt tools/sdk/imt_sdk_win_64/winavr/bin/../lib/gcc/avr/4.3.3/avr5\libgcc.a(_exit.o)
 .text          0x00000092        0x0 e:/private/courses/embedded/imt diploma/imt tools/sdk/imt_sdk_win_64/winavr/bin/../lib/gcc/avr/4.3.3/avr5\libgcc.a(_copy_data.o)
 .text          0x00000092        0x0 e:/private/courses/embedded/imt diploma/imt tools/sdk/imt_sdk_win_64/winavr/bin/../lib/gcc/avr/4.3.3/avr5\libgcc.a(_clear_bss.o)
 .text          0x00000092       0x58 e:/private/courses/embedded/imt diploma/imt tools/sdk/imt_sdk_win_64/winavr/bin/../lib/gcc/avr/4.3.3/avr5\libgcc.a(_fixunssfsi.o)
                0x00000092                __fixunssfsi
 .text          0x000000ea      0x354 e:/private/courses/embedded/imt diploma/imt tools/sdk/imt_sdk_win_64/winavr/bin/../lib/gcc/avr/4.3.3/avr5\libgcc.a(_addsub_sf.o)
                0x00000382                __subsf3
                0x000003e4                __addsf3
 .text          0x0000043e      0x1f4 e:/private/courses/embedded/imt diploma/imt tools/sdk/imt_sdk_win_64/winavr/bin/../lib/gcc/avr/4.3.3/avr5\libgcc.a(_mul_sf.o)
                0x0000043e                __mulsf3
 .text          0x00000632      0x158 e:/private/courses/embedded/imt diploma/imt tools/sdk/imt_sdk_win_64/winavr/bin/../lib/gcc/avr/4.3.3/avr5\libgcc.a(_div_sf.o)
                0x00000632                __divsf3
 .text          0x0000078a       0x60 e:/private/courses/embedded/imt diploma/imt tools/sdk/imt_sdk_win_64/winavr/bin/../lib/gcc/avr/4.3.3/avr5\libgcc.a(_ge_sf.o)
                0x0000078a                __gesf2
 .text          0x000007ea       0xa8 e:/private/courses/embedded/imt diploma/imt tools/sdk/imt_sdk_win_64/winavr/bin/../lib/gcc/avr/4.3.3/avr5\libgcc.a(_sf_to_si.o)
                0x000007ea                __fixsfsi
 .text          0x00000892        0x0 e:/private/courses/embedded/imt diploma/imt tools/sdk/imt_sdk_win_64/winavr/bin/../lib/gcc/avr/4.3.3/avr5\libgcc.a(_thenan_sf.o)
 .text          0x00000892       0xf2 e:/private/courses/embedded/imt diploma/imt tools/sdk/imt_sdk_win_64/winavr/bin/../lib/gcc/avr/4.3.3/avr5\libgcc.a(_usi_to_sf.o)
                0x00000892                __floatunsisf
 .text          0x00000984        0x0 e:/private/courses/embedded/imt diploma/imt tools/sdk/imt_sdk_win_64/winavr/bin/../lib/gcc/avr/4.3.3/avr5\libgcc.a(_udivmodsi4.o)
 .text          0x00000984        0x0 e:/private/courses/embedded/imt diploma/imt tools/sdk/imt_sdk_win_64/winavr/bin/../lib/gcc/avr/4.3.3/avr5\libgcc.a(_prologue.o)
 .text          0x00000984        0x0 e:/private/courses/embedded/imt diploma/imt tools/sdk/imt_sdk_win_64/winavr/bin/../lib/gcc/avr/4.3.3/avr5\libgcc.a(_epilogue.o)
 .text          0x00000984       0x9e e:/private/courses/embedded/imt diploma/imt tools/sdk/imt_sdk_win_64/winavr/bin/../lib/gcc/avr/4.3.3/avr5\libgcc.a(_clzsi2.o)
                0x00000984                __clzsi2
 .text          0x00000a22      0x1aa e:/private/courses/embedded/imt diploma/imt tools/sdk/imt_sdk_win_64/winavr/bin/../lib/gcc/avr/4.3.3/avr5\libgcc.a(_pack_sf.o)
                0x00000a22                __pack_f
 .text          0x00000bcc       0xf0 e:/private/courses/embedded/imt diploma/imt tools/sdk/imt_sdk_win_64/winavr/bin/../lib/gcc/avr/4.3.3/avr5\libgcc.a(_unpack_sf.o)
                0x00000bcc                __unpack_f
 .text          0x00000cbc       0xb2 e:/private/courses/embedded/imt diploma/imt tools/sdk/imt_sdk_win_64/winavr/bin/../lib/gcc/avr/4.3.3/avr5\libgcc.a(_fpcmp_parts_sf.o)
                0x00000cbc                __fpcmp_parts_f
 .text          0x00000d6e        0x0 e:/private/courses/embedded/imt diploma/imt tools/sdk/imt_sdk_win_64/winavr/bin/../lib/gcc/avr/4.3.3/avr5\libgcc.a(_clz.o)
 .text          0x00000d6e        0x0 e:/private/courses/embedded/imt diploma/imt tools/sdk/imt_sdk_win_64/winavr/bin/../lib/gcc/avr/4.3.3/../../../../avr/lib/avr5\libc.a(memcpy.o)
                0x00000d6e                . = ALIGN (0x2)
 *(.text.*)
 .text.__vector_11
                0x00000d6e       0x66 ./MCAL/Timer0_Driver_V4/Timer0_prog.o
                0x00000d6e                __vector_11
 .text.__vector_10
                0x00000dd4       0x66 ./MCAL/Timer0_Driver_V4/Timer0_prog.o
                0x00000dd4                __vector_10
 .text.Timer0_vidinit
                0x00000e3a       0x46 ./MCAL/Timer0_Driver_V4/Timer0_prog.o
                0x00000e3a                Timer0_vidinit
 .text.Timer0_vidSlctPrescaller
                0x00000e80       0x26 ./MCAL/Timer0_Driver_V4/Timer0_prog.o
                0x00000e80                Timer0_vidSlctPrescaller
 .text.Timer0_vidSetPreloadVlaue
                0x00000ea6       0x1c ./MCAL/Timer0_Driver_V4/Timer0_prog.o
                0x00000ea6                Timer0_vidSetPreloadVlaue
 .text.Timer0_vidSetCTCValue
                0x00000ec2       0x1c ./MCAL/Timer0_Driver_V4/Timer0_prog.o
                0x00000ec2                Timer0_vidSetCTCValue
 .text.Timer0_vidStartTimer
                0x00000ede       0x2e ./MCAL/Timer0_Driver_V4/Timer0_prog.o
                0x00000ede                Timer0_vidStartTimer
 .text.Timer0_vidStopTimer
                0x00000f0c       0x1c ./MCAL/Timer0_Driver_V4/Timer0_prog.o
                0x00000f0c                Timer0_vidStopTimer
 .text.Timer0_vidTovfIrqEnable
                0x00000f28       0x1c ./MCAL/Timer0_Driver_V4/Timer0_prog.o
                0x00000f28                Timer0_vidTovfIrqEnable
 .text.Timer0_vidTovfIrqDisable
                0x00000f44       0x1c ./MCAL/Timer0_Driver_V4/Timer0_prog.o
                0x00000f44                Timer0_vidTovfIrqDisable
 .text.Timer0_vidCtcIrqEnable
                0x00000f60       0x1c ./MCAL/Timer0_Driver_V4/Timer0_prog.o
                0x00000f60                Timer0_vidCtcIrqEnable
 .text.Timer0_vidCtcIrqDisable
                0x00000f7c       0x1c ./MCAL/Timer0_Driver_V4/Timer0_prog.o
                0x00000f7c                Timer0_vidCtcIrqDisable
 .text.Timer0_vidSet_Tovf_Call_Back
                0x00000f98       0x2c ./MCAL/Timer0_Driver_V4/Timer0_prog.o
                0x00000f98                Timer0_vidSet_Tovf_Call_Back
 .text.Timer0_vidSet_CTC_Call_Back
                0x00000fc4       0x2c ./MCAL/Timer0_Driver_V4/Timer0_prog.o
                0x00000fc4                Timer0_vidSet_CTC_Call_Back
 .text.Timer0_vidSetPwmDutyCycle
                0x00000ff0       0x6a ./MCAL/Timer0_Driver_V4/Timer0_prog.o
                0x00000ff0                Timer0_vidSetPwmDutyCycle
 .text.MSPI_voidSpiMasterInit
                0x0000105a       0x86 ./MCAL/SPI_driver/SPI_Program.o
                0x0000105a                MSPI_voidSpiMasterInit
 .text.MSPI_voidSetPreSca
                0x000010e0      0x1de ./MCAL/SPI_driver/SPI_Program.o
                0x000010e0                MSPI_voidSetPreSca
 .text.MSPI_VidChipSelect
                0x000012be       0x30 ./MCAL/SPI_driver/SPI_Program.o
                0x000012be                MSPI_VidChipSelect
 .text.MSPI_U8MasterTransmit
                0x000012ee       0x34 ./MCAL/SPI_driver/SPI_Program.o
                0x000012ee                MSPI_U8MasterTransmit
 .text.EXTI_u8SetSource
                0x00001322      0x270 ./MCAL/EXTI_Driver_V2/EXTI_prg.o
                0x00001322                EXTI_u8SetSource
 .text.EXTI_u8EnablePIE
                0x00001592       0x7a ./MCAL/EXTI_Driver_V2/EXTI_prg.o
                0x00001592                EXTI_u8EnablePIE
 .text.EXTI_u8DisablePIE
                0x0000160c       0x7a ./MCAL/EXTI_Driver_V2/EXTI_prg.o
                0x0000160c                EXTI_u8DisablePIE
 .text.EXTI_voidEnableGIE
                0x00001686       0x1c ./MCAL/EXTI_Driver_V2/EXTI_prg.o
                0x00001686                EXTI_voidEnableGIE
 .text.EXTI_voidDisableGIE
                0x000016a2       0x1c ./MCAL/EXTI_Driver_V2/EXTI_prg.o
                0x000016a2                EXTI_voidDisableGIE
 .text.EXTI_voidSet_INT0_Cbf
                0x000016be       0x2c ./MCAL/EXTI_Driver_V2/EXTI_prg.o
                0x000016be                EXTI_voidSet_INT0_Cbf
 .text.EXTI_voidSet_INT1_Cbf
                0x000016ea       0x2c ./MCAL/EXTI_Driver_V2/EXTI_prg.o
                0x000016ea                EXTI_voidSet_INT1_Cbf
 .text.__vector_1
                0x00001716       0x66 ./MCAL/EXTI_Driver_V2/EXTI_prg.o
                0x00001716                __vector_1
 .text.__vector_2
                0x0000177c       0x66 ./MCAL/EXTI_Driver_V2/EXTI_prg.o
                0x0000177c                __vector_2
 .text.DIO_u8setPortDir
                0x000017e2       0x90 ./MCAL/DIO_V1/DIO_prg.o
                0x000017e2                DIO_u8setPortDir
 .text.DIO_u8setPortVal
                0x00001872       0x90 ./MCAL/DIO_V1/DIO_prg.o
                0x00001872                DIO_u8setPortVal
 .text.DIO_u8getPortVal
                0x00001902       0xa4 ./MCAL/DIO_V1/DIO_prg.o
                0x00001902                DIO_u8getPortVal
 .text.DIO_u8setPinDir
                0x000019a6      0x224 ./MCAL/DIO_V1/DIO_prg.o
                0x000019a6                DIO_u8setPinDir
 .text.DIO_u8setPinVal
                0x00001bca      0x224 ./MCAL/DIO_V1/DIO_prg.o
                0x00001bca                DIO_u8setPinVal
 .text.DIO_u8getPinVal
                0x00001dee      0x126 ./MCAL/DIO_V1/DIO_prg.o
                0x00001dee                DIO_u8getPinVal
 .text.HMCP2515_voidWriteReg
                0x00001f14       0x36 ./HAL/MCP2515_driver/MCP2515_Programe.o
                0x00001f14                HMCP2515_voidWriteReg
 .text.HMCP2515_U8ReadReg
                0x00001f4a       0x38 ./HAL/MCP2515_driver/MCP2515_Programe.o
                0x00001f4a                HMCP2515_U8ReadReg
 .text.HMCP2515_voidResetInst
                0x00001f82       0x20 ./HAL/MCP2515_driver/MCP2515_Programe.o
                0x00001f82                HMCP2515_voidResetInst
 .text.HMCP2515_voidBitModify
                0x00001fa2       0x42 ./HAL/MCP2515_driver/MCP2515_Programe.o
                0x00001fa2                HMCP2515_voidBitModify
 .text.HMCP2515_voidSetBitTiming
                0x00001fe4       0x36 ./HAL/MCP2515_driver/MCP2515_Programe.o
                0x00001fe4                HMCP2515_voidSetBitTiming
 .text.HMCP2515_voidSetMode
                0x0000201a       0x3c ./HAL/MCP2515_driver/MCP2515_Programe.o
                0x0000201a                HMCP2515_voidSetMode
 .text.HMCP2515_voidInitTransimiter
                0x00002056       0x3e ./HAL/MCP2515_driver/MCP2515_Programe.o
                0x00002056                HMCP2515_voidInitTransimiter
 .text.HMCP2515_VidSendCAN_Msg
                0x00002094       0xd0 ./HAL/MCP2515_driver/MCP2515_Programe.o
                0x00002094                HMCP2515_VidSendCAN_Msg
 .text.HMCP2515_voidRollOver
                0x00002164       0x4a ./HAL/MCP2515_driver/MCP2515_Programe.o
                0x00002164                HMCP2515_voidRollOver
 .text.HMCP2515_voidSetMask
                0x000021ae       0xb4 ./HAL/MCP2515_driver/MCP2515_Programe.o
                0x000021ae                HMCP2515_voidSetMask
 .text.HMCP2515_voidRecievInit
                0x00002262       0x66 ./HAL/MCP2515_driver/MCP2515_Programe.o
                0x00002262                HMCP2515_voidRecievInit
 .text.HMCP2515_voidRecieveMess
                0x000022c8       0x62 ./HAL/MCP2515_driver/MCP2515_Programe.o
                0x000022c8                HMCP2515_voidRecieveMess
 .text.LED_u8Mapping
                0x0000232a      0x120 ./HAL/LED_Handler_V1/LED_prog.o
 .text.LED_vidInit
                0x0000244a       0x6e ./HAL/LED_Handler_V1/LED_prog.o
                0x0000244a                LED_vidInit
 .text.LED_vidToggleLed
                0x000024b8       0x70 ./HAL/LED_Handler_V1/LED_prog.o
                0x000024b8                LED_vidToggleLed
 .text.LED_vidTurnOnLed
                0x00002528       0x40 ./HAL/LED_Handler_V1/LED_prog.o
                0x00002528                LED_vidTurnOnLed
 .text.LED_vidTurnOffLed
                0x00002568       0x40 ./HAL/LED_Handler_V1/LED_prog.o
                0x00002568                LED_vidTurnOffLed
 .text.vStartPolledQueueTasks
                0x000025a8       0x8e ./FreeRTOS/Src/PollQ.o
                0x000025a8                vStartPolledQueueTasks
 .text.vPolledQueueProducer
                0x00002636       0x7a ./FreeRTOS/Src/PollQ.o
 .text.vPolledQueueConsumer
                0x000026b0       0x98 ./FreeRTOS/Src/PollQ.o
 .text.xArePollingQueuesStillRunning
                0x00002748       0x34 ./FreeRTOS/Src/PollQ.o
                0x00002748                xArePollingQueuesStillRunning
 .text.xCoRoutineCreate
                0x0000277c      0x128 ./FreeRTOS/Src/croutine.o
                0x0000277c                xCoRoutineCreate
 .text.vCoRoutineAddToDelayedList
                0x000028a4       0xc2 ./FreeRTOS/Src/croutine.o
                0x000028a4                vCoRoutineAddToDelayedList
 .text.prvCheckPendingReadyList
                0x00002966       0x94 ./FreeRTOS/Src/croutine.o
 .text.prvCheckDelayedList
                0x000029fa      0x15c ./FreeRTOS/Src/croutine.o
 .text.vCoRoutineSchedule
                0x00002b56       0xf4 ./FreeRTOS/Src/croutine.o
                0x00002b56                vCoRoutineSchedule
 .text.prvInitialiseCoRoutineLists
                0x00002c4a       0x72 ./FreeRTOS/Src/croutine.o
 .text.xCoRoutineRemoveFromEventList
                0x00002cbc       0x70 ./FreeRTOS/Src/croutine.o
                0x00002cbc                xCoRoutineRemoveFromEventList
 .text.xEventGroupCreate
                0x00002d2c       0x3e ./FreeRTOS/Src/event_groups.o
                0x00002d2c                xEventGroupCreate
 .text.xEventGroupSync
                0x00002d6a      0x16e ./FreeRTOS/Src/event_groups.o
                0x00002d6a                xEventGroupSync
 .text.xEventGroupWaitBits
                0x00002ed8      0x186 ./FreeRTOS/Src/event_groups.o
                0x00002ed8                xEventGroupWaitBits
 .text.xEventGroupClearBits
                0x0000305e       0x6c ./FreeRTOS/Src/event_groups.o
                0x0000305e                xEventGroupClearBits
 .text.xEventGroupGetBitsFromISR
                0x000030ca       0x44 ./FreeRTOS/Src/event_groups.o
                0x000030ca                xEventGroupGetBitsFromISR
 .text.xEventGroupSetBits
                0x0000310e      0x164 ./FreeRTOS/Src/event_groups.o
                0x0000310e                xEventGroupSetBits
 .text.vEventGroupDelete
                0x00003272       0x62 ./FreeRTOS/Src/event_groups.o
                0x00003272                vEventGroupDelete
 .text.vEventGroupSetBitsCallback
                0x000032d4       0x3a ./FreeRTOS/Src/event_groups.o
                0x000032d4                vEventGroupSetBitsCallback
 .text.vEventGroupClearBitsCallback
                0x0000330e       0x3a ./FreeRTOS/Src/event_groups.o
                0x0000330e                vEventGroupClearBitsCallback
 .text.prvTestWaitCondition
                0x00003348       0x64 ./FreeRTOS/Src/event_groups.o
 .text.pvPortMalloc
                0x000033ac       0xac ./FreeRTOS/Src/heap_1.o
                0x000033ac                pvPortMalloc
 .text.vPortFree
                0x00003458       0x18 ./FreeRTOS/Src/heap_1.o
                0x00003458                vPortFree
 .text.vPortInitialiseBlocks
                0x00003470       0x16 ./FreeRTOS/Src/heap_1.o
                0x00003470                vPortInitialiseBlocks
 .text.xPortGetFreeHeapSize
                0x00003486       0x1e ./FreeRTOS/Src/heap_1.o
                0x00003486                xPortGetFreeHeapSize
 .text.vStartIntegerMathTasks
                0x000034a4       0x7c ./FreeRTOS/Src/integer.o
                0x000034a4                vStartIntegerMathTasks
 .text.vCompeteingIntMathTask
                0x00003520       0xd2 ./FreeRTOS/Src/integer.o
 .text.xAreIntegerMathsTaskStillRunning
                0x000035f2       0x56 ./FreeRTOS/Src/integer.o
                0x000035f2                xAreIntegerMathsTaskStillRunning
 .text.vListInitialise
                0x00003648       0x54 ./FreeRTOS/Src/list.o
                0x00003648                vListInitialise
 .text.vListInitialiseItem
                0x0000369c       0x20 ./FreeRTOS/Src/list.o
                0x0000369c                vListInitialiseItem
 .text.vListInsertEnd
                0x000036bc       0x88 ./FreeRTOS/Src/list.o
                0x000036bc                vListInsertEnd
 .text.vListInsert
                0x00003744       0xd8 ./FreeRTOS/Src/list.o
                0x00003744                vListInsert
 .text.uxListRemove
                0x0000381c       0x98 ./FreeRTOS/Src/list.o
                0x0000381c                uxListRemove
 .text.pxPortInitialiseStack
                0x000038b4      0x306 ./FreeRTOS/Src/port.o
                0x000038b4                pxPortInitialiseStack
 .text.xPortStartScheduler
                0x00003bba       0x6a ./FreeRTOS/Src/port.o
                0x00003bba                xPortStartScheduler
 .text.vPortEndScheduler
                0x00003c24        0xe ./FreeRTOS/Src/port.o
                0x00003c24                vPortEndScheduler
 .text.vPortYield
                0x00003c32       0xb2 ./FreeRTOS/Src/port.o
                0x00003c32                vPortYield
 .text.vPortYieldFromTick
                0x00003ce4       0xba ./FreeRTOS/Src/port.o
                0x00003ce4                vPortYieldFromTick
 .text.prvSetupTimerInterrupt
                0x00003d9e       0xb8 ./FreeRTOS/Src/port.o
 .text.__vector_7
                0x00003e56        0x6 ./FreeRTOS/Src/port.o
                0x00003e56                __vector_7
 .text.xQueueGenericReset
                0x00003e5c      0x10c ./FreeRTOS/Src/queue.o
                0x00003e5c                xQueueGenericReset
 .text.xQueueGenericCreate
                0x00003f68       0xba ./FreeRTOS/Src/queue.o
                0x00003f68                xQueueGenericCreate
 .text.xQueueCreateMutex
                0x00004022       0x9c ./FreeRTOS/Src/queue.o
                0x00004022                xQueueCreateMutex
 .text.xQueueCreateCountingSemaphore
                0x000040be       0x40 ./FreeRTOS/Src/queue.o
                0x000040be                xQueueCreateCountingSemaphore
 .text.xQueueGenericSend
                0x000040fe      0x158 ./FreeRTOS/Src/queue.o
                0x000040fe                xQueueGenericSend
 .text.xQueueGenericSendFromISR
                0x00004256       0xc4 ./FreeRTOS/Src/queue.o
                0x00004256                xQueueGenericSendFromISR
 .text.xQueueGenericReceive
                0x0000431a      0x1c2 ./FreeRTOS/Src/queue.o
                0x0000431a                xQueueGenericReceive
 .text.xQueueReceiveFromISR
                0x000044dc       0xae ./FreeRTOS/Src/queue.o
                0x000044dc                xQueueReceiveFromISR
 .text.xQueuePeekFromISR
                0x0000458a       0x72 ./FreeRTOS/Src/queue.o
                0x0000458a                xQueuePeekFromISR
 .text.uxQueueMessagesWaiting
                0x000045fc       0x30 ./FreeRTOS/Src/queue.o
                0x000045fc                uxQueueMessagesWaiting
 .text.uxQueueSpacesAvailable
                0x0000462c       0x4a ./FreeRTOS/Src/queue.o
                0x0000462c                uxQueueSpacesAvailable
 .text.uxQueueMessagesWaitingFromISR
                0x00004676       0x26 ./FreeRTOS/Src/queue.o
                0x00004676                uxQueueMessagesWaitingFromISR
 .text.vQueueDelete
                0x0000469c       0x46 ./FreeRTOS/Src/queue.o
                0x0000469c                vQueueDelete
 .text.prvCopyDataToQueue
                0x000046e2      0x172 ./FreeRTOS/Src/queue.o
 .text.prvCopyDataFromQueue
                0x00004854       0x8e ./FreeRTOS/Src/queue.o
 .text.prvUnlockQueue
                0x000048e2       0xa8 ./FreeRTOS/Src/queue.o
 .text.prvIsQueueEmpty
                0x0000498a       0x3a ./FreeRTOS/Src/queue.o
 .text.xQueueIsQueueEmptyFromISR
                0x000049c4       0x30 ./FreeRTOS/Src/queue.o
                0x000049c4                xQueueIsQueueEmptyFromISR
 .text.prvIsQueueFull
                0x000049f4       0x40 ./FreeRTOS/Src/queue.o
 .text.xQueueIsQueueFullFromISR
                0x00004a34       0x36 ./FreeRTOS/Src/queue.o
                0x00004a34                xQueueIsQueueFullFromISR
 .text.xQueueCRSend
                0x00004a6a       0xc2 ./FreeRTOS/Src/queue.o
                0x00004a6a                xQueueCRSend
 .text.xQueueCRReceive
                0x00004b2c      0x11c ./FreeRTOS/Src/queue.o
                0x00004b2c                xQueueCRReceive
 .text.xQueueCRSendFromISR
                0x00004c48       0x82 ./FreeRTOS/Src/queue.o
                0x00004c48                xQueueCRSendFromISR
 .text.xQueueCRReceiveFromISR
                0x00004cca       0xea ./FreeRTOS/Src/queue.o
                0x00004cca                xQueueCRReceiveFromISR
 .text.xTaskGenericCreate
                0x00004db4      0x1c2 ./FreeRTOS/Src/tasks.o
                0x00004db4                xTaskGenericCreate
 .text.vTaskDelete
                0x00004f76       0xca ./FreeRTOS/Src/tasks.o
                0x00004f76                vTaskDelete
 .text.vTaskDelayUntil
                0x00005040       0xe8 ./FreeRTOS/Src/tasks.o
                0x00005040                vTaskDelayUntil
 .text.vTaskDelay
                0x00005128       0x6a ./FreeRTOS/Src/tasks.o
                0x00005128                vTaskDelay
 .text.uxTaskPriorityGet
                0x00005192       0x64 ./FreeRTOS/Src/tasks.o
                0x00005192                uxTaskPriorityGet
 .text.vTaskPrioritySet
                0x000051f6      0x194 ./FreeRTOS/Src/tasks.o
                0x000051f6                vTaskPrioritySet
 .text.vTaskSuspend
                0x0000538a       0xda ./FreeRTOS/Src/tasks.o
                0x0000538a                vTaskSuspend
 .text.prvTaskIsTaskSuspended
                0x00005464       0x5e ./FreeRTOS/Src/tasks.o
 .text.vTaskResume
                0x000054c2       0xc8 ./FreeRTOS/Src/tasks.o
                0x000054c2                vTaskResume
 .text.xTaskResumeFromISR
                0x0000558a       0xcc ./FreeRTOS/Src/tasks.o
                0x0000558a                xTaskResumeFromISR
 .text.vTaskStartScheduler
                0x00005656       0x6e ./FreeRTOS/Src/tasks.o
                0x00005656                vTaskStartScheduler
 .text.vTaskEndScheduler
                0x000056c4       0x18 ./FreeRTOS/Src/tasks.o
                0x000056c4                vTaskEndScheduler
 .text.vTaskSuspendAll
                0x000056dc       0x18 ./FreeRTOS/Src/tasks.o
                0x000056dc                vTaskSuspendAll
 .text.xTaskResumeAll
                0x000056f4      0x114 ./FreeRTOS/Src/tasks.o
                0x000056f4                xTaskResumeAll
 .text.xTaskGetTickCount
                0x00005808       0x2e ./FreeRTOS/Src/tasks.o
                0x00005808                xTaskGetTickCount
 .text.xTaskGetTickCountFromISR
                0x00005836       0x2a ./FreeRTOS/Src/tasks.o
                0x00005836                xTaskGetTickCountFromISR
 .text.uxTaskGetNumberOfTasks
                0x00005860       0x12 ./FreeRTOS/Src/tasks.o
                0x00005860                uxTaskGetNumberOfTasks
 .text.xTaskIncrementTick
                0x00005872      0x1ce ./FreeRTOS/Src/tasks.o
                0x00005872                xTaskIncrementTick
 .text.vTaskSwitchContext
                0x00005a40       0xd2 ./FreeRTOS/Src/tasks.o
                0x00005a40                vTaskSwitchContext
 .text.vTaskPlaceOnEventList
                0x00005b12       0x90 ./FreeRTOS/Src/tasks.o
                0x00005b12                vTaskPlaceOnEventList
 .text.vTaskPlaceOnUnorderedEventList
                0x00005ba2       0xac ./FreeRTOS/Src/tasks.o
                0x00005ba2                vTaskPlaceOnUnorderedEventList
 .text.xTaskRemoveFromEventList
                0x00005c4e       0xd6 ./FreeRTOS/Src/tasks.o
                0x00005c4e                xTaskRemoveFromEventList
 .text.xTaskRemoveFromUnorderedEventList
                0x00005d24       0xca ./FreeRTOS/Src/tasks.o
                0x00005d24                xTaskRemoveFromUnorderedEventList
 .text.vTaskSetTimeOutState
                0x00005dee       0x32 ./FreeRTOS/Src/tasks.o
                0x00005dee                vTaskSetTimeOutState
 .text.xTaskCheckForTimeOut
                0x00005e20       0xda ./FreeRTOS/Src/tasks.o
                0x00005e20                xTaskCheckForTimeOut
 .text.vTaskMissedYield
                0x00005efa       0x14 ./FreeRTOS/Src/tasks.o
                0x00005efa                vTaskMissedYield
 .text.prvIdleTask
                0x00005f0e       0x20 ./FreeRTOS/Src/tasks.o
 .text.prvInitialiseTCBVariables
                0x00005f2e       0xf4 ./FreeRTOS/Src/tasks.o
 .text.prvInitialiseTaskLists
                0x00006022       0x82 ./FreeRTOS/Src/tasks.o
 .text.prvCheckTasksWaitingTermination
                0x000060a4       0x7e ./FreeRTOS/Src/tasks.o
 .text.prvAddCurrentTaskToDelayedList
                0x00006122       0x92 ./FreeRTOS/Src/tasks.o
 .text.prvAllocateTCBAndStack
                0x000061b4       0x88 ./FreeRTOS/Src/tasks.o
 .text.prvDeleteTCB
                0x0000623c       0x2c ./FreeRTOS/Src/tasks.o
 .text.prvResetNextTaskUnblockTime
                0x00006268       0x56 ./FreeRTOS/Src/tasks.o
 .text.xTaskGetCurrentTaskHandle
                0x000062be       0x24 ./FreeRTOS/Src/tasks.o
                0x000062be                xTaskGetCurrentTaskHandle
 .text.vTaskPriorityInherit
                0x000062e2      0x116 ./FreeRTOS/Src/tasks.o
                0x000062e2                vTaskPriorityInherit
 .text.xTaskPriorityDisinherit
                0x000063f8       0xe4 ./FreeRTOS/Src/tasks.o
                0x000063f8                xTaskPriorityDisinherit
 .text.uxTaskResetEventItemValue
                0x000064dc       0x4e ./FreeRTOS/Src/tasks.o
                0x000064dc                uxTaskResetEventItemValue
 .text.pvTaskIncrementMutexHeldCount
                0x0000652a       0x30 ./FreeRTOS/Src/tasks.o
                0x0000652a                pvTaskIncrementMutexHeldCount
 .text.main     0x0000655a       0x56 ./APP/main.o
                0x0000655a                main
 .text.systemInit
                0x000065b0       0x30 ./APP/main.o
                0x000065b0                systemInit
 .text.EXTI_CallBackFUNC
                0x000065e0       0x38 ./APP/main.o
                0x000065e0                EXTI_CallBackFUNC
 .text.Send_SpeedTask
                0x00006618       0x5c ./APP/main.o
                0x00006618                Send_SpeedTask
 .text.libgcc   0x00006674       0x3e e:/private/courses/embedded/imt diploma/imt tools/sdk/imt_sdk_win_64/winavr/bin/../lib/gcc/avr/4.3.3/avr5\libgcc.a(_mulsi3.o)
                0x00006674                __mulsi3
 .text.libgcc   0x000066b2       0x36 e:/private/courses/embedded/imt diploma/imt tools/sdk/imt_sdk_win_64/winavr/bin/../lib/gcc/avr/4.3.3/avr5\libgcc.a(_divmodsi4.o)
                0x000066b2                __divmodsi4
 .text.libgcc   0x000066e8        0x0 e:/private/courses/embedded/imt diploma/imt tools/sdk/imt_sdk_win_64/winavr/bin/../lib/gcc/avr/4.3.3/avr5\libgcc.a(_exit.o)
 .text.libgcc   0x000066e8        0x0 e:/private/courses/embedded/imt diploma/imt tools/sdk/imt_sdk_win_64/winavr/bin/../lib/gcc/avr/4.3.3/avr5\libgcc.a(_copy_data.o)
 .text.libgcc   0x000066e8        0x0 e:/private/courses/embedded/imt diploma/imt tools/sdk/imt_sdk_win_64/winavr/bin/../lib/gcc/avr/4.3.3/avr5\libgcc.a(_clear_bss.o)
 .text.libgcc   0x000066e8       0x44 e:/private/courses/embedded/imt diploma/imt tools/sdk/imt_sdk_win_64/winavr/bin/../lib/gcc/avr/4.3.3/avr5\libgcc.a(_udivmodsi4.o)
                0x000066e8                __udivmodsi4
 .text.libgcc   0x0000672c       0x38 e:/private/courses/embedded/imt diploma/imt tools/sdk/imt_sdk_win_64/winavr/bin/../lib/gcc/avr/4.3.3/avr5\libgcc.a(_prologue.o)
                0x0000672c                __prologue_saves__
 .text.libgcc   0x00006764       0x36 e:/private/courses/embedded/imt diploma/imt tools/sdk/imt_sdk_win_64/winavr/bin/../lib/gcc/avr/4.3.3/avr5\libgcc.a(_epilogue.o)
                0x00006764                __epilogue_restores__
 .text.avr-libc
                0x0000679a       0x12 e:/private/courses/embedded/imt diploma/imt tools/sdk/imt_sdk_win_64/winavr/bin/../lib/gcc/avr/4.3.3/../../../../avr/lib/avr5\libc.a(memcpy.o)
                0x0000679a                memcpy
                0x000067ac                . = ALIGN (0x2)
 *(.fini9)
 .fini9         0x000067ac        0x0 e:/private/courses/embedded/imt diploma/imt tools/sdk/imt_sdk_win_64/winavr/bin/../lib/gcc/avr/4.3.3/avr5\libgcc.a(_exit.o)
                0x000067ac                exit
                0x000067ac                _exit
 *(.fini9)
 *(.fini8)
 *(.fini8)
 *(.fini7)
 *(.fini7)
 *(.fini6)
 *(.fini6)
 *(.fini5)
 *(.fini5)
 *(.fini4)
 *(.fini4)
 *(.fini3)
 *(.fini3)
 *(.fini2)
 *(.fini2)
 *(.fini1)
 *(.fini1)
 *(.fini0)
 .fini0         0x000067ac        0x4 e:/private/courses/embedded/imt diploma/imt tools/sdk/imt_sdk_win_64/winavr/bin/../lib/gcc/avr/4.3.3/avr5\libgcc.a(_exit.o)
 *(.fini0)
                0x000067b0                _etext = .

.data           0x00800060      0x13c load address 0x000067b0
                0x00800060                PROVIDE (__data_start, .)
 *(.data)
 .data          0x00800060        0x0 e:/private/courses/embedded/imt diploma/imt tools/sdk/imt_sdk_win_64/winavr/bin/../lib/gcc/avr/4.3.3/../../../../avr/lib/avr5/crtm32.o
 .data          0x00800060        0x0 ./MCAL/Timer0_Driver_V4/Timer0_prog.o
 .data          0x00800060        0x0 ./MCAL/SPI_driver/SPI_Program.o
 .data          0x00800060        0x0 ./MCAL/EXTI_Driver_V2/EXTI_prg.o
 .data          0x00800060        0x0 ./MCAL/DIO_V1/DIO_prg.o
 .data          0x00800060        0x0 ./HAL/MCP2515_driver/MCP2515_Programe.o
 .data          0x00800060        0x0 ./HAL/LED_Handler_V1/LED_prog.o
 .data          0x00800060       0x10 ./FreeRTOS/Src/PollQ.o
 .data          0x00800070        0x0 ./FreeRTOS/Src/croutine.o
 .data          0x00800070        0x0 ./FreeRTOS/Src/event_groups.o
 .data          0x00800070        0x0 ./FreeRTOS/Src/heap_1.o
 .data          0x00800070        0x8 ./FreeRTOS/Src/integer.o
 .data          0x00800078        0x0 ./FreeRTOS/Src/list.o
 .data          0x00800078        0x0 ./FreeRTOS/Src/port.o
 .data          0x00800078        0x0 ./FreeRTOS/Src/queue.o
 .data          0x00800078        0x5 ./FreeRTOS/Src/tasks.o
 .data          0x0080007d        0xf ./APP/main.o
 .data          0x0080008c        0x0 e:/private/courses/embedded/imt diploma/imt tools/sdk/imt_sdk_win_64/winavr/bin/../lib/gcc/avr/4.3.3/avr5\libgcc.a(_mulsi3.o)
 .data          0x0080008c        0x0 e:/private/courses/embedded/imt diploma/imt tools/sdk/imt_sdk_win_64/winavr/bin/../lib/gcc/avr/4.3.3/avr5\libgcc.a(_divmodsi4.o)
 .data          0x0080008c        0x0 e:/private/courses/embedded/imt diploma/imt tools/sdk/imt_sdk_win_64/winavr/bin/../lib/gcc/avr/4.3.3/avr5\libgcc.a(_exit.o)
 .data          0x0080008c        0x0 e:/private/courses/embedded/imt diploma/imt tools/sdk/imt_sdk_win_64/winavr/bin/../lib/gcc/avr/4.3.3/avr5\libgcc.a(_copy_data.o)
 .data          0x0080008c        0x0 e:/private/courses/embedded/imt diploma/imt tools/sdk/imt_sdk_win_64/winavr/bin/../lib/gcc/avr/4.3.3/avr5\libgcc.a(_clear_bss.o)
 .data          0x0080008c        0x0 e:/private/courses/embedded/imt diploma/imt tools/sdk/imt_sdk_win_64/winavr/bin/../lib/gcc/avr/4.3.3/avr5\libgcc.a(_fixunssfsi.o)
 .data          0x0080008c        0x0 e:/private/courses/embedded/imt diploma/imt tools/sdk/imt_sdk_win_64/winavr/bin/../lib/gcc/avr/4.3.3/avr5\libgcc.a(_addsub_sf.o)
 .data          0x0080008c        0x0 e:/private/courses/embedded/imt diploma/imt tools/sdk/imt_sdk_win_64/winavr/bin/../lib/gcc/avr/4.3.3/avr5\libgcc.a(_mul_sf.o)
 .data          0x0080008c        0x0 e:/private/courses/embedded/imt diploma/imt tools/sdk/imt_sdk_win_64/winavr/bin/../lib/gcc/avr/4.3.3/avr5\libgcc.a(_div_sf.o)
 .data          0x0080008c        0x0 e:/private/courses/embedded/imt diploma/imt tools/sdk/imt_sdk_win_64/winavr/bin/../lib/gcc/avr/4.3.3/avr5\libgcc.a(_ge_sf.o)
 .data          0x0080008c        0x0 e:/private/courses/embedded/imt diploma/imt tools/sdk/imt_sdk_win_64/winavr/bin/../lib/gcc/avr/4.3.3/avr5\libgcc.a(_sf_to_si.o)
 .data          0x0080008c        0x8 e:/private/courses/embedded/imt diploma/imt tools/sdk/imt_sdk_win_64/winavr/bin/../lib/gcc/avr/4.3.3/avr5\libgcc.a(_thenan_sf.o)
                0x0080008c                __thenan_sf
 .data          0x00800094        0x0 e:/private/courses/embedded/imt diploma/imt tools/sdk/imt_sdk_win_64/winavr/bin/../lib/gcc/avr/4.3.3/avr5\libgcc.a(_usi_to_sf.o)
 .data          0x00800094        0x0 e:/private/courses/embedded/imt diploma/imt tools/sdk/imt_sdk_win_64/winavr/bin/../lib/gcc/avr/4.3.3/avr5\libgcc.a(_udivmodsi4.o)
 .data          0x00800094        0x0 e:/private/courses/embedded/imt diploma/imt tools/sdk/imt_sdk_win_64/winavr/bin/../lib/gcc/avr/4.3.3/avr5\libgcc.a(_prologue.o)
 .data          0x00800094        0x0 e:/private/courses/embedded/imt diploma/imt tools/sdk/imt_sdk_win_64/winavr/bin/../lib/gcc/avr/4.3.3/avr5\libgcc.a(_epilogue.o)
 .data          0x00800094        0x0 e:/private/courses/embedded/imt diploma/imt tools/sdk/imt_sdk_win_64/winavr/bin/../lib/gcc/avr/4.3.3/avr5\libgcc.a(_clzsi2.o)
 .data          0x00800094        0x0 e:/private/courses/embedded/imt diploma/imt tools/sdk/imt_sdk_win_64/winavr/bin/../lib/gcc/avr/4.3.3/avr5\libgcc.a(_pack_sf.o)
 .data          0x00800094        0x0 e:/private/courses/embedded/imt diploma/imt tools/sdk/imt_sdk_win_64/winavr/bin/../lib/gcc/avr/4.3.3/avr5\libgcc.a(_unpack_sf.o)
 .data          0x00800094        0x0 e:/private/courses/embedded/imt diploma/imt tools/sdk/imt_sdk_win_64/winavr/bin/../lib/gcc/avr/4.3.3/avr5\libgcc.a(_fpcmp_parts_sf.o)
 .data          0x00800094      0x100 e:/private/courses/embedded/imt diploma/imt tools/sdk/imt_sdk_win_64/winavr/bin/../lib/gcc/avr/4.3.3/avr5\libgcc.a(_clz.o)
                0x00800094                __clz_tab
 .data          0x00800194        0x0 e:/private/courses/embedded/imt diploma/imt tools/sdk/imt_sdk_win_64/winavr/bin/../lib/gcc/avr/4.3.3/../../../../avr/lib/avr5\libc.a(memcpy.o)
 *(.data*)
 .data.TIMER0_CLK_SLCT
                0x00800194        0x1 ./MCAL/Timer0_Driver_V4/Timer0_prog.o
 .data.xNextTaskUnblockTime
                0x00800195        0x2 ./FreeRTOS/Src/tasks.o
 .data.Global_Turn_Left_
                0x00800197        0x2 ./APP/main.o
 .data.Global_Turn_Right_
                0x00800199        0x2 ./APP/main.o
 *(.rodata)
 *(.rodata*)
 *(.gnu.linkonce.d*)
                0x0080019c                . = ALIGN (0x2)
 *fill*         0x0080019b        0x1 00
                0x0080019c                _edata = .
                0x0080019c                PROVIDE (__data_end, .)

.bss            0x0080019c      0x540
                0x0080019c                PROVIDE (__bss_start, .)
 *(.bss)
 .bss           0x0080019c        0x0 e:/private/courses/embedded/imt diploma/imt tools/sdk/imt_sdk_win_64/winavr/bin/../lib/gcc/avr/4.3.3/../../../../avr/lib/avr5/crtm32.o
 .bss           0x0080019c        0x0 ./MCAL/Timer0_Driver_V4/Timer0_prog.o
 .bss           0x0080019c        0x0 ./MCAL/SPI_driver/SPI_Program.o
 .bss           0x0080019c        0x0 ./MCAL/EXTI_Driver_V2/EXTI_prg.o
 .bss           0x0080019c        0x0 ./MCAL/DIO_V1/DIO_prg.o
 .bss           0x0080019c        0x0 ./HAL/MCP2515_driver/MCP2515_Programe.o
 .bss           0x0080019c        0x0 ./HAL/LED_Handler_V1/LED_prog.o
 .bss           0x0080019c        0x0 ./FreeRTOS/Src/PollQ.o
 .bss           0x0080019c        0x0 ./FreeRTOS/Src/croutine.o
 .bss           0x0080019c        0x0 ./FreeRTOS/Src/event_groups.o
 .bss           0x0080019c        0x0 ./FreeRTOS/Src/heap_1.o
 .bss           0x0080019c        0x0 ./FreeRTOS/Src/integer.o
 .bss           0x0080019c        0x0 ./FreeRTOS/Src/list.o
 .bss           0x0080019c        0x0 ./FreeRTOS/Src/port.o
 .bss           0x0080019c        0x0 ./FreeRTOS/Src/queue.o
 .bss           0x0080019c        0x0 ./FreeRTOS/Src/tasks.o
 .bss           0x0080019c        0x0 ./APP/main.o
 .bss           0x0080019c        0x0 e:/private/courses/embedded/imt diploma/imt tools/sdk/imt_sdk_win_64/winavr/bin/../lib/gcc/avr/4.3.3/avr5\libgcc.a(_mulsi3.o)
 .bss           0x0080019c        0x0 e:/private/courses/embedded/imt diploma/imt tools/sdk/imt_sdk_win_64/winavr/bin/../lib/gcc/avr/4.3.3/avr5\libgcc.a(_divmodsi4.o)
 .bss           0x0080019c        0x0 e:/private/courses/embedded/imt diploma/imt tools/sdk/imt_sdk_win_64/winavr/bin/../lib/gcc/avr/4.3.3/avr5\libgcc.a(_exit.o)
 .bss           0x0080019c        0x0 e:/private/courses/embedded/imt diploma/imt tools/sdk/imt_sdk_win_64/winavr/bin/../lib/gcc/avr/4.3.3/avr5\libgcc.a(_copy_data.o)
 .bss           0x0080019c        0x0 e:/private/courses/embedded/imt diploma/imt tools/sdk/imt_sdk_win_64/winavr/bin/../lib/gcc/avr/4.3.3/avr5\libgcc.a(_clear_bss.o)
 .bss           0x0080019c        0x0 e:/private/courses/embedded/imt diploma/imt tools/sdk/imt_sdk_win_64/winavr/bin/../lib/gcc/avr/4.3.3/avr5\libgcc.a(_fixunssfsi.o)
 .bss           0x0080019c        0x0 e:/private/courses/embedded/imt diploma/imt tools/sdk/imt_sdk_win_64/winavr/bin/../lib/gcc/avr/4.3.3/avr5\libgcc.a(_addsub_sf.o)
 .bss           0x0080019c        0x0 e:/private/courses/embedded/imt diploma/imt tools/sdk/imt_sdk_win_64/winavr/bin/../lib/gcc/avr/4.3.3/avr5\libgcc.a(_mul_sf.o)
 .bss           0x0080019c        0x0 e:/private/courses/embedded/imt diploma/imt tools/sdk/imt_sdk_win_64/winavr/bin/../lib/gcc/avr/4.3.3/avr5\libgcc.a(_div_sf.o)
 .bss           0x0080019c        0x0 e:/private/courses/embedded/imt diploma/imt tools/sdk/imt_sdk_win_64/winavr/bin/../lib/gcc/avr/4.3.3/avr5\libgcc.a(_ge_sf.o)
 .bss           0x0080019c        0x0 e:/private/courses/embedded/imt diploma/imt tools/sdk/imt_sdk_win_64/winavr/bin/../lib/gcc/avr/4.3.3/avr5\libgcc.a(_sf_to_si.o)
 .bss           0x0080019c        0x0 e:/private/courses/embedded/imt diploma/imt tools/sdk/imt_sdk_win_64/winavr/bin/../lib/gcc/avr/4.3.3/avr5\libgcc.a(_thenan_sf.o)
 .bss           0x0080019c        0x0 e:/private/courses/embedded/imt diploma/imt tools/sdk/imt_sdk_win_64/winavr/bin/../lib/gcc/avr/4.3.3/avr5\libgcc.a(_usi_to_sf.o)
 .bss           0x0080019c        0x0 e:/private/courses/embedded/imt diploma/imt tools/sdk/imt_sdk_win_64/winavr/bin/../lib/gcc/avr/4.3.3/avr5\libgcc.a(_udivmodsi4.o)
 .bss           0x0080019c        0x0 e:/private/courses/embedded/imt diploma/imt tools/sdk/imt_sdk_win_64/winavr/bin/../lib/gcc/avr/4.3.3/avr5\libgcc.a(_prologue.o)
 .bss           0x0080019c        0x0 e:/private/courses/embedded/imt diploma/imt tools/sdk/imt_sdk_win_64/winavr/bin/../lib/gcc/avr/4.3.3/avr5\libgcc.a(_epilogue.o)
 .bss           0x0080019c        0x0 e:/private/courses/embedded/imt diploma/imt tools/sdk/imt_sdk_win_64/winavr/bin/../lib/gcc/avr/4.3.3/avr5\libgcc.a(_clzsi2.o)
 .bss           0x0080019c        0x0 e:/private/courses/embedded/imt diploma/imt tools/sdk/imt_sdk_win_64/winavr/bin/../lib/gcc/avr/4.3.3/avr5\libgcc.a(_pack_sf.o)
 .bss           0x0080019c        0x0 e:/private/courses/embedded/imt diploma/imt tools/sdk/imt_sdk_win_64/winavr/bin/../lib/gcc/avr/4.3.3/avr5\libgcc.a(_unpack_sf.o)
 .bss           0x0080019c        0x0 e:/private/courses/embedded/imt diploma/imt tools/sdk/imt_sdk_win_64/winavr/bin/../lib/gcc/avr/4.3.3/avr5\libgcc.a(_fpcmp_parts_sf.o)
 .bss           0x0080019c        0x0 e:/private/courses/embedded/imt diploma/imt tools/sdk/imt_sdk_win_64/winavr/bin/../lib/gcc/avr/4.3.3/avr5\libgcc.a(_clz.o)
 .bss           0x0080019c        0x0 e:/private/courses/embedded/imt diploma/imt tools/sdk/imt_sdk_win_64/winavr/bin/../lib/gcc/avr/4.3.3/../../../../avr/lib/avr5\libc.a(memcpy.o)
 *(.bss*)
 .bss.Timer0_Tovf_cbk_Fptr
                0x0080019c        0x2 ./MCAL/Timer0_Driver_V4/Timer0_prog.o
 .bss.Timer0_Ctc_cbk_Fptr
                0x0080019e        0x2 ./MCAL/Timer0_Driver_V4/Timer0_prog.o
 .bss.INT0_Cbf_ptr
                0x008001a0        0x2 ./MCAL/EXTI_Driver_V2/EXTI_prg.o
 .bss.INT1_Cbf_ptr
                0x008001a2        0x2 ./MCAL/EXTI_Driver_V2/EXTI_prg.o
 .bss.LED_NUMBER_STATUS
                0x008001a4        0x1 ./HAL/LED_Handler_V1/LED_prog.o
                0x008001a4                LED_NUMBER_STATUS
 .bss.LED_PORT  0x008001a5        0x1 ./HAL/LED_Handler_V1/LED_prog.o
                0x008001a5                LED_PORT
 .bss.LED_PIN   0x008001a6        0x1 ./HAL/LED_Handler_V1/LED_prog.o
                0x008001a6                LED_PIN
 .bss.xPollingConsumerCount
                0x008001a7        0x1 ./FreeRTOS/Src/PollQ.o
 .bss.xPollingProducerCount
                0x008001a8        0x1 ./FreeRTOS/Src/PollQ.o
 .bss.xPolledQueue.1653
                0x008001a9        0x2 ./FreeRTOS/Src/PollQ.o
 .bss.pxCurrentCoRoutine
                0x008001ab        0x2 ./FreeRTOS/Src/croutine.o
                0x008001ab                pxCurrentCoRoutine
 .bss.uxTopCoRoutineReadyPriority
                0x008001ad        0x1 ./FreeRTOS/Src/croutine.o
 .bss.xCoRoutineTickCount
                0x008001ae        0x2 ./FreeRTOS/Src/croutine.o
 .bss.xLastTickCount
                0x008001b0        0x2 ./FreeRTOS/Src/croutine.o
 .bss.xPassedTicks
                0x008001b2        0x2 ./FreeRTOS/Src/croutine.o
 .bss.pxReadyCoRoutineLists
                0x008001b4       0x12 ./FreeRTOS/Src/croutine.o
 .bss.xDelayedCoRoutineList1
                0x008001c6        0x9 ./FreeRTOS/Src/croutine.o
 .bss.xDelayedCoRoutineList2
                0x008001cf        0x9 ./FreeRTOS/Src/croutine.o
 .bss.pxDelayedCoRoutineList
                0x008001d8        0x2 ./FreeRTOS/Src/croutine.o
 .bss.pxOverflowDelayedCoRoutineList
                0x008001da        0x2 ./FreeRTOS/Src/croutine.o
 .bss.xPendingReadyCoRoutineList
                0x008001dc        0x9 ./FreeRTOS/Src/croutine.o
 .bss.xNextFreeByte
                0x008001e5        0x2 ./FreeRTOS/Src/heap_1.o
 .bss.pucAlignedHeap.1541
                0x008001e7        0x2 ./FreeRTOS/Src/heap_1.o
 .bss.ucHeap    0x008001e9      0x47e ./FreeRTOS/Src/heap_1.o
 .bss.xTaskCheck
                0x00800667        0x1 ./FreeRTOS/Src/integer.o
 .bss.pxCurrentTCB
                0x00800668        0x2 ./FreeRTOS/Src/tasks.o
                0x00800668                pxCurrentTCB
 .bss.uxTasksDeleted
                0x0080066a        0x1 ./FreeRTOS/Src/tasks.o
 .bss.uxCurrentNumberOfTasks
                0x0080066b        0x1 ./FreeRTOS/Src/tasks.o
 .bss.xTickCount
                0x0080066c        0x2 ./FreeRTOS/Src/tasks.o
 .bss.uxTopReadyPriority
                0x0080066e        0x1 ./FreeRTOS/Src/tasks.o
 .bss.xSchedulerRunning
                0x0080066f        0x1 ./FreeRTOS/Src/tasks.o
 .bss.uxPendedTicks
                0x00800670        0x1 ./FreeRTOS/Src/tasks.o
 .bss.xYieldPending
                0x00800671        0x1 ./FreeRTOS/Src/tasks.o
 .bss.xNumOfOverflows
                0x00800672        0x1 ./FreeRTOS/Src/tasks.o
 .bss.uxTaskNumber
                0x00800673        0x1 ./FreeRTOS/Src/tasks.o
 .bss.uxSchedulerSuspended
                0x00800674        0x1 ./FreeRTOS/Src/tasks.o
 .bss.pxReadyTasksLists
                0x00800675       0x24 ./FreeRTOS/Src/tasks.o
 .bss.xDelayedTaskList1
                0x00800699        0x9 ./FreeRTOS/Src/tasks.o
 .bss.xDelayedTaskList2
                0x008006a2        0x9 ./FreeRTOS/Src/tasks.o
 .bss.pxDelayedTaskList
                0x008006ab        0x2 ./FreeRTOS/Src/tasks.o
 .bss.pxOverflowDelayedTaskList
                0x008006ad        0x2 ./FreeRTOS/Src/tasks.o
 .bss.xPendingReadyList
                0x008006af        0x9 ./FreeRTOS/Src/tasks.o
 .bss.xTasksWaitingTermination
                0x008006b8        0x9 ./FreeRTOS/Src/tasks.o
 .bss.xSuspendedTaskList
                0x008006c1        0x9 ./FreeRTOS/Src/tasks.o
 *(COMMON)
 COMMON         0x008006ca       0x10 ./HAL/MCP2515_driver/MCP2515_Programe.o
                0x008006ca                REC_Message
 COMMON         0x008006da        0x2 ./APP/main.o
                0x008006da                xQueue
                0x008006dc                PROVIDE (__bss_end, .)
                0x000067b0                __data_load_start = LOADADDR (.data)
                0x000068ec                __data_load_end = (__data_load_start + SIZEOF (.data))

.noinit         0x008006dc        0x0
                0x008006dc                PROVIDE (__noinit_start, .)
 *(.noinit*)
                0x008006dc                PROVIDE (__noinit_end, .)
                0x008006dc                _end = .
                0x008006dc                PROVIDE (__heap_start, .)

.eeprom         0x00810000        0x0
 *(.eeprom*)
                0x00810000                __eeprom_end = .

.fuse
 *(.fuse)
 *(.lfuse)
 *(.hfuse)
 *(.efuse)

.lock
 *(.lock*)

.signature
 *(.signature*)

.stab           0x00000000     0x9444
 *(.stab)
 .stab          0x00000000      0x780 ./MCAL/Timer0_Driver_V4/Timer0_prog.o
 .stab          0x00000780      0x4a4 ./MCAL/SPI_driver/SPI_Program.o
                                0x4b0 (size before relaxing)
 .stab          0x00000c24      0x678 ./MCAL/EXTI_Driver_V2/EXTI_prg.o
                                0x840 (size before relaxing)
 .stab          0x0000129c      0x72c ./MCAL/DIO_V1/DIO_prg.o
                                0x738 (size before relaxing)
 .stab          0x000019c8      0x810 ./HAL/MCP2515_driver/MCP2515_Programe.o
                                0x81c (size before relaxing)
 .stab          0x000021d8      0x4f8 ./HAL/LED_Handler_V1/LED_prog.o
                                0x504 (size before relaxing)
 .stab          0x000026d0      0x6e4 ./FreeRTOS/Src/PollQ.o
                                0x8a0 (size before relaxing)
 .stab          0x00002db4      0x894 ./FreeRTOS/Src/croutine.o
                                0xbc4 (size before relaxing)
 .stab          0x00003648      0xc54 ./FreeRTOS/Src/event_groups.o
                               0x1014 (size before relaxing)
 .stab          0x0000429c      0x30c ./FreeRTOS/Src/heap_1.o
                                0x6cc (size before relaxing)
 .stab          0x000045a8      0x3a8 ./FreeRTOS/Src/integer.o
                                0x768 (size before relaxing)
 .stab          0x00004950      0x474 ./FreeRTOS/Src/list.o
                                0x780 (size before relaxing)
 .stab          0x00004dc4      0x834 ./FreeRTOS/Src/port.o
                                0xbf4 (size before relaxing)
 .stab          0x000055f8     0x19b0 ./FreeRTOS/Src/queue.o
                               0x1ddc (size before relaxing)
 .stab          0x00006fa8     0x204c ./FreeRTOS/Src/tasks.o
                               0x243c (size before relaxing)
 .stab          0x00008ff4      0x450 ./APP/main.o
                                0x858 (size before relaxing)

.stabstr        0x00000000     0x49fc
 *(.stabstr)
 .stabstr       0x00000000     0x49fc ./MCAL/Timer0_Driver_V4/Timer0_prog.o

.stab.excl
 *(.stab.excl)

.stab.exclstr
 *(.stab.exclstr)

.stab.index
 *(.stab.index)

.stab.indexstr
 *(.stab.indexstr)

.comment
 *(.comment)

.debug
 *(.debug)

.line
 *(.line)

.debug_srcinfo
 *(.debug_srcinfo)

.debug_sfnames
 *(.debug_sfnames)

.debug_aranges  0x00000000      0x160
 *(.debug_aranges)
 .debug_aranges
                0x00000000       0x20 e:/private/courses/embedded/imt diploma/imt tools/sdk/imt_sdk_win_64/winavr/bin/../lib/gcc/avr/4.3.3/avr5\libgcc.a(_fixunssfsi.o)
 .debug_aranges
                0x00000020       0x20 e:/private/courses/embedded/imt diploma/imt tools/sdk/imt_sdk_win_64/winavr/bin/../lib/gcc/avr/4.3.3/avr5\libgcc.a(_addsub_sf.o)
 .debug_aranges
                0x00000040       0x20 e:/private/courses/embedded/imt diploma/imt tools/sdk/imt_sdk_win_64/winavr/bin/../lib/gcc/avr/4.3.3/avr5\libgcc.a(_mul_sf.o)
 .debug_aranges
                0x00000060       0x20 e:/private/courses/embedded/imt diploma/imt tools/sdk/imt_sdk_win_64/winavr/bin/../lib/gcc/avr/4.3.3/avr5\libgcc.a(_div_sf.o)
 .debug_aranges
                0x00000080       0x20 e:/private/courses/embedded/imt diploma/imt tools/sdk/imt_sdk_win_64/winavr/bin/../lib/gcc/avr/4.3.3/avr5\libgcc.a(_ge_sf.o)
 .debug_aranges
                0x000000a0       0x20 e:/private/courses/embedded/imt diploma/imt tools/sdk/imt_sdk_win_64/winavr/bin/../lib/gcc/avr/4.3.3/avr5\libgcc.a(_sf_to_si.o)
 .debug_aranges
                0x000000c0       0x20 e:/private/courses/embedded/imt diploma/imt tools/sdk/imt_sdk_win_64/winavr/bin/../lib/gcc/avr/4.3.3/avr5\libgcc.a(_usi_to_sf.o)
 .debug_aranges
                0x000000e0       0x20 e:/private/courses/embedded/imt diploma/imt tools/sdk/imt_sdk_win_64/winavr/bin/../lib/gcc/avr/4.3.3/avr5\libgcc.a(_clzsi2.o)
 .debug_aranges
                0x00000100       0x20 e:/private/courses/embedded/imt diploma/imt tools/sdk/imt_sdk_win_64/winavr/bin/../lib/gcc/avr/4.3.3/avr5\libgcc.a(_pack_sf.o)
 .debug_aranges
                0x00000120       0x20 e:/private/courses/embedded/imt diploma/imt tools/sdk/imt_sdk_win_64/winavr/bin/../lib/gcc/avr/4.3.3/avr5\libgcc.a(_unpack_sf.o)
 .debug_aranges
                0x00000140       0x20 e:/private/courses/embedded/imt diploma/imt tools/sdk/imt_sdk_win_64/winavr/bin/../lib/gcc/avr/4.3.3/avr5\libgcc.a(_fpcmp_parts_sf.o)

.debug_pubnames
                0x00000000      0x1b6
 *(.debug_pubnames)
 .debug_pubnames
                0x00000000       0x23 e:/private/courses/embedded/imt diploma/imt tools/sdk/imt_sdk_win_64/winavr/bin/../lib/gcc/avr/4.3.3/avr5\libgcc.a(_fixunssfsi.o)
 .debug_pubnames
                0x00000023       0x2c e:/private/courses/embedded/imt diploma/imt tools/sdk/imt_sdk_win_64/winavr/bin/../lib/gcc/avr/4.3.3/avr5\libgcc.a(_addsub_sf.o)
 .debug_pubnames
                0x0000004f       0x1f e:/private/courses/embedded/imt diploma/imt tools/sdk/imt_sdk_win_64/winavr/bin/../lib/gcc/avr/4.3.3/avr5\libgcc.a(_mul_sf.o)
 .debug_pubnames
                0x0000006e       0x1f e:/private/courses/embedded/imt diploma/imt tools/sdk/imt_sdk_win_64/winavr/bin/../lib/gcc/avr/4.3.3/avr5\libgcc.a(_div_sf.o)
 .debug_pubnames
                0x0000008d       0x1e e:/private/courses/embedded/imt diploma/imt tools/sdk/imt_sdk_win_64/winavr/bin/../lib/gcc/avr/4.3.3/avr5\libgcc.a(_ge_sf.o)
 .debug_pubnames
                0x000000ab       0x20 e:/private/courses/embedded/imt diploma/imt tools/sdk/imt_sdk_win_64/winavr/bin/../lib/gcc/avr/4.3.3/avr5\libgcc.a(_sf_to_si.o)
 .debug_pubnames
                0x000000cb       0x22 e:/private/courses/embedded/imt diploma/imt tools/sdk/imt_sdk_win_64/winavr/bin/../lib/gcc/avr/4.3.3/avr5\libgcc.a(_thenan_sf.o)
 .debug_pubnames
                0x000000ed       0x24 e:/private/courses/embedded/imt diploma/imt tools/sdk/imt_sdk_win_64/winavr/bin/../lib/gcc/avr/4.3.3/avr5\libgcc.a(_usi_to_sf.o)
 .debug_pubnames
                0x00000111       0x1f e:/private/courses/embedded/imt diploma/imt tools/sdk/imt_sdk_win_64/winavr/bin/../lib/gcc/avr/4.3.3/avr5\libgcc.a(_clzsi2.o)
 .debug_pubnames
                0x00000130       0x1f e:/private/courses/embedded/imt diploma/imt tools/sdk/imt_sdk_win_64/winavr/bin/../lib/gcc/avr/4.3.3/avr5\libgcc.a(_pack_sf.o)
 .debug_pubnames
                0x0000014f       0x21 e:/private/courses/embedded/imt diploma/imt tools/sdk/imt_sdk_win_64/winavr/bin/../lib/gcc/avr/4.3.3/avr5\libgcc.a(_unpack_sf.o)
 .debug_pubnames
                0x00000170       0x26 e:/private/courses/embedded/imt diploma/imt tools/sdk/imt_sdk_win_64/winavr/bin/../lib/gcc/avr/4.3.3/avr5\libgcc.a(_fpcmp_parts_sf.o)
 .debug_pubnames
                0x00000196       0x20 e:/private/courses/embedded/imt diploma/imt tools/sdk/imt_sdk_win_64/winavr/bin/../lib/gcc/avr/4.3.3/avr5\libgcc.a(_clz.o)

.debug_info     0x00000000     0x1f0d
 *(.debug_info)
 .debug_info    0x00000000       0xb1 e:/private/courses/embedded/imt diploma/imt tools/sdk/imt_sdk_win_64/winavr/bin/../lib/gcc/avr/4.3.3/avr5\libgcc.a(_fixunssfsi.o)
 .debug_info    0x000000b1      0x47a e:/private/courses/embedded/imt diploma/imt tools/sdk/imt_sdk_win_64/winavr/bin/../lib/gcc/avr/4.3.3/avr5\libgcc.a(_addsub_sf.o)
 .debug_info    0x0000052b      0x485 e:/private/courses/embedded/imt diploma/imt tools/sdk/imt_sdk_win_64/winavr/bin/../lib/gcc/avr/4.3.3/avr5\libgcc.a(_mul_sf.o)
 .debug_info    0x000009b0      0x3fc e:/private/courses/embedded/imt diploma/imt tools/sdk/imt_sdk_win_64/winavr/bin/../lib/gcc/avr/4.3.3/avr5\libgcc.a(_div_sf.o)
 .debug_info    0x00000dac      0x27f e:/private/courses/embedded/imt diploma/imt tools/sdk/imt_sdk_win_64/winavr/bin/../lib/gcc/avr/4.3.3/avr5\libgcc.a(_ge_sf.o)
 .debug_info    0x0000102b      0x2b0 e:/private/courses/embedded/imt diploma/imt tools/sdk/imt_sdk_win_64/winavr/bin/../lib/gcc/avr/4.3.3/avr5\libgcc.a(_sf_to_si.o)
 .debug_info    0x000012db      0x12c e:/private/courses/embedded/imt diploma/imt tools/sdk/imt_sdk_win_64/winavr/bin/../lib/gcc/avr/4.3.3/avr5\libgcc.a(_thenan_sf.o)
 .debug_info    0x00001407      0x206 e:/private/courses/embedded/imt diploma/imt tools/sdk/imt_sdk_win_64/winavr/bin/../lib/gcc/avr/4.3.3/avr5\libgcc.a(_usi_to_sf.o)
 .debug_info    0x0000160d      0x117 e:/private/courses/embedded/imt diploma/imt tools/sdk/imt_sdk_win_64/winavr/bin/../lib/gcc/avr/4.3.3/avr5\libgcc.a(_clzsi2.o)
 .debug_info    0x00001724      0x2df e:/private/courses/embedded/imt diploma/imt tools/sdk/imt_sdk_win_64/winavr/bin/../lib/gcc/avr/4.3.3/avr5\libgcc.a(_pack_sf.o)
 .debug_info    0x00001a03      0x251 e:/private/courses/embedded/imt diploma/imt tools/sdk/imt_sdk_win_64/winavr/bin/../lib/gcc/avr/4.3.3/avr5\libgcc.a(_unpack_sf.o)
 .debug_info    0x00001c54      0x210 e:/private/courses/embedded/imt diploma/imt tools/sdk/imt_sdk_win_64/winavr/bin/../lib/gcc/avr/4.3.3/avr5\libgcc.a(_fpcmp_parts_sf.o)
 .debug_info    0x00001e64       0xa9 e:/private/courses/embedded/imt diploma/imt tools/sdk/imt_sdk_win_64/winavr/bin/../lib/gcc/avr/4.3.3/avr5\libgcc.a(_clz.o)
 *(.gnu.linkonce.wi.*)

.debug_abbrev   0x00000000     0x10d2
 *(.debug_abbrev)
 .debug_abbrev  0x00000000       0x5d e:/private/courses/embedded/imt diploma/imt tools/sdk/imt_sdk_win_64/winavr/bin/../lib/gcc/avr/4.3.3/avr5\libgcc.a(_fixunssfsi.o)
 .debug_abbrev  0x0000005d      0x1ea e:/private/courses/embedded/imt diploma/imt tools/sdk/imt_sdk_win_64/winavr/bin/../lib/gcc/avr/4.3.3/avr5\libgcc.a(_addsub_sf.o)
 .debug_abbrev  0x00000247      0x21b e:/private/courses/embedded/imt diploma/imt tools/sdk/imt_sdk_win_64/winavr/bin/../lib/gcc/avr/4.3.3/avr5\libgcc.a(_mul_sf.o)
 .debug_abbrev  0x00000462      0x216 e:/private/courses/embedded/imt diploma/imt tools/sdk/imt_sdk_win_64/winavr/bin/../lib/gcc/avr/4.3.3/avr5\libgcc.a(_div_sf.o)
 .debug_abbrev  0x00000678      0x15a e:/private/courses/embedded/imt diploma/imt tools/sdk/imt_sdk_win_64/winavr/bin/../lib/gcc/avr/4.3.3/avr5\libgcc.a(_ge_sf.o)
 .debug_abbrev  0x000007d2      0x17f e:/private/courses/embedded/imt diploma/imt tools/sdk/imt_sdk_win_64/winavr/bin/../lib/gcc/avr/4.3.3/avr5\libgcc.a(_sf_to_si.o)
 .debug_abbrev  0x00000951       0xad e:/private/courses/embedded/imt diploma/imt tools/sdk/imt_sdk_win_64/winavr/bin/../lib/gcc/avr/4.3.3/avr5\libgcc.a(_thenan_sf.o)
 .debug_abbrev  0x000009fe      0x157 e:/private/courses/embedded/imt diploma/imt tools/sdk/imt_sdk_win_64/winavr/bin/../lib/gcc/avr/4.3.3/avr5\libgcc.a(_usi_to_sf.o)
 .debug_abbrev  0x00000b55       0xc4 e:/private/courses/embedded/imt diploma/imt tools/sdk/imt_sdk_win_64/winavr/bin/../lib/gcc/avr/4.3.3/avr5\libgcc.a(_clzsi2.o)
 .debug_abbrev  0x00000c19      0x1c0 e:/private/courses/embedded/imt diploma/imt tools/sdk/imt_sdk_win_64/winavr/bin/../lib/gcc/avr/4.3.3/avr5\libgcc.a(_pack_sf.o)
 .debug_abbrev  0x00000dd9      0x154 e:/private/courses/embedded/imt diploma/imt tools/sdk/imt_sdk_win_64/winavr/bin/../lib/gcc/avr/4.3.3/avr5\libgcc.a(_unpack_sf.o)
 .debug_abbrev  0x00000f2d      0x13b e:/private/courses/embedded/imt diploma/imt tools/sdk/imt_sdk_win_64/winavr/bin/../lib/gcc/avr/4.3.3/avr5\libgcc.a(_fpcmp_parts_sf.o)
 .debug_abbrev  0x00001068       0x6a e:/private/courses/embedded/imt diploma/imt tools/sdk/imt_sdk_win_64/winavr/bin/../lib/gcc/avr/4.3.3/avr5\libgcc.a(_clz.o)

.debug_line     0x00000000     0x1030
 *(.debug_line)
 .debug_line    0x00000000       0xa7 e:/private/courses/embedded/imt diploma/imt tools/sdk/imt_sdk_win_64/winavr/bin/../lib/gcc/avr/4.3.3/avr5\libgcc.a(_fixunssfsi.o)
 .debug_line    0x000000a7      0x2af e:/private/courses/embedded/imt diploma/imt tools/sdk/imt_sdk_win_64/winavr/bin/../lib/gcc/avr/4.3.3/avr5\libgcc.a(_addsub_sf.o)
 .debug_line    0x00000356      0x239 e:/private/courses/embedded/imt diploma/imt tools/sdk/imt_sdk_win_64/winavr/bin/../lib/gcc/avr/4.3.3/avr5\libgcc.a(_mul_sf.o)
 .debug_line    0x0000058f      0x1d5 e:/private/courses/embedded/imt diploma/imt tools/sdk/imt_sdk_win_64/winavr/bin/../lib/gcc/avr/4.3.3/avr5\libgcc.a(_div_sf.o)
 .debug_line    0x00000764       0xd3 e:/private/courses/embedded/imt diploma/imt tools/sdk/imt_sdk_win_64/winavr/bin/../lib/gcc/avr/4.3.3/avr5\libgcc.a(_ge_sf.o)
 .debug_line    0x00000837      0x109 e:/private/courses/embedded/imt diploma/imt tools/sdk/imt_sdk_win_64/winavr/bin/../lib/gcc/avr/4.3.3/avr5\libgcc.a(_sf_to_si.o)
 .debug_line    0x00000940       0x90 e:/private/courses/embedded/imt diploma/imt tools/sdk/imt_sdk_win_64/winavr/bin/../lib/gcc/avr/4.3.3/avr5\libgcc.a(_thenan_sf.o)
 .debug_line    0x000009d0      0x133 e:/private/courses/embedded/imt diploma/imt tools/sdk/imt_sdk_win_64/winavr/bin/../lib/gcc/avr/4.3.3/avr5\libgcc.a(_usi_to_sf.o)
 .debug_line    0x00000b03       0xa5 e:/private/courses/embedded/imt diploma/imt tools/sdk/imt_sdk_win_64/winavr/bin/../lib/gcc/avr/4.3.3/avr5\libgcc.a(_clzsi2.o)
 .debug_line    0x00000ba8      0x18a e:/private/courses/embedded/imt diploma/imt tools/sdk/imt_sdk_win_64/winavr/bin/../lib/gcc/avr/4.3.3/avr5\libgcc.a(_pack_sf.o)
 .debug_line    0x00000d32      0x14b e:/private/courses/embedded/imt diploma/imt tools/sdk/imt_sdk_win_64/winavr/bin/../lib/gcc/avr/4.3.3/avr5\libgcc.a(_unpack_sf.o)
 .debug_line    0x00000e7d      0x137 e:/private/courses/embedded/imt diploma/imt tools/sdk/imt_sdk_win_64/winavr/bin/../lib/gcc/avr/4.3.3/avr5\libgcc.a(_fpcmp_parts_sf.o)
 .debug_line    0x00000fb4       0x7c e:/private/courses/embedded/imt diploma/imt tools/sdk/imt_sdk_win_64/winavr/bin/../lib/gcc/avr/4.3.3/avr5\libgcc.a(_clz.o)

.debug_frame    0x00000000      0x180
 *(.debug_frame)
 .debug_frame   0x00000000       0x20 e:/private/courses/embedded/imt diploma/imt tools/sdk/imt_sdk_win_64/winavr/bin/../lib/gcc/avr/4.3.3/avr5\libgcc.a(_fixunssfsi.o)
 .debug_frame   0x00000020       0x40 e:/private/courses/embedded/imt diploma/imt tools/sdk/imt_sdk_win_64/winavr/bin/../lib/gcc/avr/4.3.3/avr5\libgcc.a(_addsub_sf.o)
 .debug_frame   0x00000060       0x20 e:/private/courses/embedded/imt diploma/imt tools/sdk/imt_sdk_win_64/winavr/bin/../lib/gcc/avr/4.3.3/avr5\libgcc.a(_mul_sf.o)
 .debug_frame   0x00000080       0x20 e:/private/courses/embedded/imt diploma/imt tools/sdk/imt_sdk_win_64/winavr/bin/../lib/gcc/avr/4.3.3/avr5\libgcc.a(_div_sf.o)
 .debug_frame   0x000000a0       0x20 e:/private/courses/embedded/imt diploma/imt tools/sdk/imt_sdk_win_64/winavr/bin/../lib/gcc/avr/4.3.3/avr5\libgcc.a(_ge_sf.o)
 .debug_frame   0x000000c0       0x20 e:/private/courses/embedded/imt diploma/imt tools/sdk/imt_sdk_win_64/winavr/bin/../lib/gcc/avr/4.3.3/avr5\libgcc.a(_sf_to_si.o)
 .debug_frame   0x000000e0       0x20 e:/private/courses/embedded/imt diploma/imt tools/sdk/imt_sdk_win_64/winavr/bin/../lib/gcc/avr/4.3.3/avr5\libgcc.a(_usi_to_sf.o)
 .debug_frame   0x00000100       0x20 e:/private/courses/embedded/imt diploma/imt tools/sdk/imt_sdk_win_64/winavr/bin/../lib/gcc/avr/4.3.3/avr5\libgcc.a(_clzsi2.o)
 .debug_frame   0x00000120       0x20 e:/private/courses/embedded/imt diploma/imt tools/sdk/imt_sdk_win_64/winavr/bin/../lib/gcc/avr/4.3.3/avr5\libgcc.a(_pack_sf.o)
 .debug_frame   0x00000140       0x20 e:/private/courses/embedded/imt diploma/imt tools/sdk/imt_sdk_win_64/winavr/bin/../lib/gcc/avr/4.3.3/avr5\libgcc.a(_unpack_sf.o)
 .debug_frame   0x00000160       0x20 e:/private/courses/embedded/imt diploma/imt tools/sdk/imt_sdk_win_64/winavr/bin/../lib/gcc/avr/4.3.3/avr5\libgcc.a(_fpcmp_parts_sf.o)

.debug_str      0x00000000      0x2e6
 *(.debug_str)
 .debug_str     0x00000000       0xbf e:/private/courses/embedded/imt diploma/imt tools/sdk/imt_sdk_win_64/winavr/bin/../lib/gcc/avr/4.3.3/avr5\libgcc.a(_fixunssfsi.o)
                                 0xfe (size before relaxing)
 .debug_str     0x000000bf      0x14d e:/private/courses/embedded/imt diploma/imt tools/sdk/imt_sdk_win_64/winavr/bin/../lib/gcc/avr/4.3.3/avr5\libgcc.a(_addsub_sf.o)
                                0x206 (size before relaxing)
 .debug_str     0x0000020c       0x27 e:/private/courses/embedded/imt diploma/imt tools/sdk/imt_sdk_win_64/winavr/bin/../lib/gcc/avr/4.3.3/avr5\libgcc.a(_mul_sf.o)
                                0x1bf (size before relaxing)
 .debug_str     0x00000233       0x35 e:/private/courses/embedded/imt diploma/imt tools/sdk/imt_sdk_win_64/winavr/bin/../lib/gcc/avr/4.3.3/avr5\libgcc.a(_div_sf.o)
                                0x1c8 (size before relaxing)
 .debug_str     0x00000268        0x8 e:/private/courses/embedded/imt diploma/imt tools/sdk/imt_sdk_win_64/winavr/bin/../lib/gcc/avr/4.3.3/avr5\libgcc.a(_ge_sf.o)
                                0x195 (size before relaxing)
 .debug_str     0x00000270        0xa e:/private/courses/embedded/imt diploma/imt tools/sdk/imt_sdk_win_64/winavr/bin/../lib/gcc/avr/4.3.3/avr5\libgcc.a(_sf_to_si.o)
                                0x19e (size before relaxing)
 .debug_str     0x00000000      0x103 e:/private/courses/embedded/imt diploma/imt tools/sdk/imt_sdk_win_64/winavr/bin/../lib/gcc/avr/4.3.3/avr5\libgcc.a(_thenan_sf.o)
 .debug_str     0x0000027a       0x21 e:/private/courses/embedded/imt diploma/imt tools/sdk/imt_sdk_win_64/winavr/bin/../lib/gcc/avr/4.3.3/avr5\libgcc.a(_usi_to_sf.o)
                                0x177 (size before relaxing)
 .debug_str     0x0000029b       0x20 e:/private/courses/embedded/imt diploma/imt tools/sdk/imt_sdk_win_64/winavr/bin/../lib/gcc/avr/4.3.3/avr5\libgcc.a(_clzsi2.o)
                                0x111 (size before relaxing)
 .debug_str     0x000002bb       0x10 e:/private/courses/embedded/imt diploma/imt tools/sdk/imt_sdk_win_64/winavr/bin/../lib/gcc/avr/4.3.3/avr5\libgcc.a(_pack_sf.o)
                                0x19d (size before relaxing)
 .debug_str     0x000002cb        0xb e:/private/courses/embedded/imt diploma/imt tools/sdk/imt_sdk_win_64/winavr/bin/../lib/gcc/avr/4.3.3/avr5\libgcc.a(_unpack_sf.o)
                                0x17f (size before relaxing)
 .debug_str     0x000002d6       0x10 e:/private/courses/embedded/imt diploma/imt tools/sdk/imt_sdk_win_64/winavr/bin/../lib/gcc/avr/4.3.3/avr5\libgcc.a(_fpcmp_parts_sf.o)
                                0x163 (size before relaxing)
 .debug_str     0x00000000       0xf4 e:/private/courses/embedded/imt diploma/imt tools/sdk/imt_sdk_win_64/winavr/bin/../lib/gcc/avr/4.3.3/avr5\libgcc.a(_clz.o)

.debug_loc      0x00000000      0x8f6
 *(.debug_loc)
 .debug_loc     0x00000000       0x34 e:/private/courses/embedded/imt diploma/imt tools/sdk/imt_sdk_win_64/winavr/bin/../lib/gcc/avr/4.3.3/avr5\libgcc.a(_fixunssfsi.o)
 .debug_loc     0x00000034      0x32a e:/private/courses/embedded/imt diploma/imt tools/sdk/imt_sdk_win_64/winavr/bin/../lib/gcc/avr/4.3.3/avr5\libgcc.a(_addsub_sf.o)
 .debug_loc     0x0000035e      0x104 e:/private/courses/embedded/imt diploma/imt tools/sdk/imt_sdk_win_64/winavr/bin/../lib/gcc/avr/4.3.3/avr5\libgcc.a(_mul_sf.o)
 .debug_loc     0x00000462       0xc0 e:/private/courses/embedded/imt diploma/imt tools/sdk/imt_sdk_win_64/winavr/bin/../lib/gcc/avr/4.3.3/avr5\libgcc.a(_div_sf.o)
 .debug_loc     0x00000522       0x3c e:/private/courses/embedded/imt diploma/imt tools/sdk/imt_sdk_win_64/winavr/bin/../lib/gcc/avr/4.3.3/avr5\libgcc.a(_ge_sf.o)
 .debug_loc     0x0000055e       0x7e e:/private/courses/embedded/imt diploma/imt tools/sdk/imt_sdk_win_64/winavr/bin/../lib/gcc/avr/4.3.3/avr5\libgcc.a(_sf_to_si.o)
 .debug_loc     0x000005dc       0x4c e:/private/courses/embedded/imt diploma/imt tools/sdk/imt_sdk_win_64/winavr/bin/../lib/gcc/avr/4.3.3/avr5\libgcc.a(_usi_to_sf.o)
 .debug_loc     0x00000628       0x94 e:/private/courses/embedded/imt diploma/imt tools/sdk/imt_sdk_win_64/winavr/bin/../lib/gcc/avr/4.3.3/avr5\libgcc.a(_clzsi2.o)
 .debug_loc     0x000006bc      0x13e e:/private/courses/embedded/imt diploma/imt tools/sdk/imt_sdk_win_64/winavr/bin/../lib/gcc/avr/4.3.3/avr5\libgcc.a(_pack_sf.o)
 .debug_loc     0x000007fa       0xac e:/private/courses/embedded/imt diploma/imt tools/sdk/imt_sdk_win_64/winavr/bin/../lib/gcc/avr/4.3.3/avr5\libgcc.a(_unpack_sf.o)
 .debug_loc     0x000008a6       0x50 e:/private/courses/embedded/imt diploma/imt tools/sdk/imt_sdk_win_64/winavr/bin/../lib/gcc/avr/4.3.3/avr5\libgcc.a(_fpcmp_parts_sf.o)

.debug_macinfo
 *(.debug_macinfo)
OUTPUT(Lane_Node_RTOS.elf elf32-avr)
LOAD linker stubs

.debug_ranges   0x00000000       0x50
 .debug_ranges  0x00000000       0x50 e:/private/courses/embedded/imt diploma/imt tools/sdk/imt_sdk_win_64/winavr/bin/../lib/gcc/avr/4.3.3/avr5\libgcc.a(_mul_sf.o)
