Archive member included because of file (symbol)

e:/private/courses/embedded/imt diploma/imt tools/sdk/imt_sdk_win_64/winavr/bin/../lib/gcc/avr/4.3.3/avr5\libgcc.a(_udivmodhi4.o)
                              ./HAL/LCD_Handler_V2/LCD_prg.o (__udivmodhi4)
e:/private/courses/embedded/imt diploma/imt tools/sdk/imt_sdk_win_64/winavr/bin/../lib/gcc/avr/4.3.3/avr5\libgcc.a(_exit.o)
                              e:/private/courses/embedded/imt diploma/imt tools/sdk/imt_sdk_win_64/winavr/bin/../lib/gcc/avr/4.3.3/../../../../avr/lib/avr5/crtm32.o (exit)
e:/private/courses/embedded/imt diploma/imt tools/sdk/imt_sdk_win_64/winavr/bin/../lib/gcc/avr/4.3.3/avr5\libgcc.a(_copy_data.o)
                              ./MCAL/Timer0_Driver_V5/Timer0_prog.o (__do_copy_data)
e:/private/courses/embedded/imt diploma/imt tools/sdk/imt_sdk_win_64/winavr/bin/../lib/gcc/avr/4.3.3/avr5\libgcc.a(_clear_bss.o)
                              ./MCAL/USART_Driver_V1/USART_Prog.o (__do_clear_bss)
e:/private/courses/embedded/imt diploma/imt tools/sdk/imt_sdk_win_64/winavr/bin/../lib/gcc/avr/4.3.3/avr5\libgcc.a(_fixunssfsi.o)
                              ./MCAL/Timer0_Driver_V5/Timer0_prog.o (__fixunssfsi)
e:/private/courses/embedded/imt diploma/imt tools/sdk/imt_sdk_win_64/winavr/bin/../lib/gcc/avr/4.3.3/avr5\libgcc.a(_addsub_sf.o)
                              e:/private/courses/embedded/imt diploma/imt tools/sdk/imt_sdk_win_64/winavr/bin/../lib/gcc/avr/4.3.3/avr5\libgcc.a(_fixunssfsi.o) (__subsf3)
e:/private/courses/embedded/imt diploma/imt tools/sdk/imt_sdk_win_64/winavr/bin/../lib/gcc/avr/4.3.3/avr5\libgcc.a(_mul_sf.o)
                              ./MCAL/Timer0_Driver_V5/Timer0_prog.o (__mulsf3)
e:/private/courses/embedded/imt diploma/imt tools/sdk/imt_sdk_win_64/winavr/bin/../lib/gcc/avr/4.3.3/avr5\libgcc.a(_div_sf.o)
                              ./MCAL/Timer0_Driver_V5/Timer0_prog.o (__divsf3)
e:/private/courses/embedded/imt diploma/imt tools/sdk/imt_sdk_win_64/winavr/bin/../lib/gcc/avr/4.3.3/avr5\libgcc.a(_gt_sf.o)
                              ./HAL/LCD_Handler_V2/LCD_prg.o (__gtsf2)
e:/private/courses/embedded/imt diploma/imt tools/sdk/imt_sdk_win_64/winavr/bin/../lib/gcc/avr/4.3.3/avr5\libgcc.a(_ge_sf.o)
                              e:/private/courses/embedded/imt diploma/imt tools/sdk/imt_sdk_win_64/winavr/bin/../lib/gcc/avr/4.3.3/avr5\libgcc.a(_fixunssfsi.o) (__gesf2)
e:/private/courses/embedded/imt diploma/imt tools/sdk/imt_sdk_win_64/winavr/bin/../lib/gcc/avr/4.3.3/avr5\libgcc.a(_lt_sf.o)
                              ./HAL/LCD_Handler_V2/LCD_prg.o (__ltsf2)
e:/private/courses/embedded/imt diploma/imt tools/sdk/imt_sdk_win_64/winavr/bin/../lib/gcc/avr/4.3.3/avr5\libgcc.a(_sf_to_si.o)
                              e:/private/courses/embedded/imt diploma/imt tools/sdk/imt_sdk_win_64/winavr/bin/../lib/gcc/avr/4.3.3/avr5\libgcc.a(_fixunssfsi.o) (__fixsfsi)
e:/private/courses/embedded/imt diploma/imt tools/sdk/imt_sdk_win_64/winavr/bin/../lib/gcc/avr/4.3.3/avr5\libgcc.a(_thenan_sf.o)
                              e:/private/courses/embedded/imt diploma/imt tools/sdk/imt_sdk_win_64/winavr/bin/../lib/gcc/avr/4.3.3/avr5\libgcc.a(_addsub_sf.o) (__thenan_sf)
e:/private/courses/embedded/imt diploma/imt tools/sdk/imt_sdk_win_64/winavr/bin/../lib/gcc/avr/4.3.3/avr5\libgcc.a(_usi_to_sf.o)
                              ./MCAL/Timer0_Driver_V5/Timer0_prog.o (__floatunsisf)
e:/private/courses/embedded/imt diploma/imt tools/sdk/imt_sdk_win_64/winavr/bin/../lib/gcc/avr/4.3.3/avr5\libgcc.a(_prologue.o)
                              e:/private/courses/embedded/imt diploma/imt tools/sdk/imt_sdk_win_64/winavr/bin/../lib/gcc/avr/4.3.3/avr5\libgcc.a(_addsub_sf.o) (__prologue_saves__)
e:/private/courses/embedded/imt diploma/imt tools/sdk/imt_sdk_win_64/winavr/bin/../lib/gcc/avr/4.3.3/avr5\libgcc.a(_epilogue.o)
                              e:/private/courses/embedded/imt diploma/imt tools/sdk/imt_sdk_win_64/winavr/bin/../lib/gcc/avr/4.3.3/avr5\libgcc.a(_addsub_sf.o) (__epilogue_restores__)
e:/private/courses/embedded/imt diploma/imt tools/sdk/imt_sdk_win_64/winavr/bin/../lib/gcc/avr/4.3.3/avr5\libgcc.a(_clzsi2.o)
                              e:/private/courses/embedded/imt diploma/imt tools/sdk/imt_sdk_win_64/winavr/bin/../lib/gcc/avr/4.3.3/avr5\libgcc.a(_usi_to_sf.o) (__clzsi2)
e:/private/courses/embedded/imt diploma/imt tools/sdk/imt_sdk_win_64/winavr/bin/../lib/gcc/avr/4.3.3/avr5\libgcc.a(_pack_sf.o)
                              e:/private/courses/embedded/imt diploma/imt tools/sdk/imt_sdk_win_64/winavr/bin/../lib/gcc/avr/4.3.3/avr5\libgcc.a(_addsub_sf.o) (__pack_f)
e:/private/courses/embedded/imt diploma/imt tools/sdk/imt_sdk_win_64/winavr/bin/../lib/gcc/avr/4.3.3/avr5\libgcc.a(_unpack_sf.o)
                              e:/private/courses/embedded/imt diploma/imt tools/sdk/imt_sdk_win_64/winavr/bin/../lib/gcc/avr/4.3.3/avr5\libgcc.a(_addsub_sf.o) (__unpack_f)
e:/private/courses/embedded/imt diploma/imt tools/sdk/imt_sdk_win_64/winavr/bin/../lib/gcc/avr/4.3.3/avr5\libgcc.a(_fpcmp_parts_sf.o)
                              e:/private/courses/embedded/imt diploma/imt tools/sdk/imt_sdk_win_64/winavr/bin/../lib/gcc/avr/4.3.3/avr5\libgcc.a(_gt_sf.o) (__fpcmp_parts_f)
e:/private/courses/embedded/imt diploma/imt tools/sdk/imt_sdk_win_64/winavr/bin/../lib/gcc/avr/4.3.3/avr5\libgcc.a(_clz.o)
                              e:/private/courses/embedded/imt diploma/imt tools/sdk/imt_sdk_win_64/winavr/bin/../lib/gcc/avr/4.3.3/avr5\libgcc.a(_clzsi2.o) (__clz_tab)

Allocating common symbols
Common symbol       size              file

REC_Message         0x10              ./HAL/MCP2515_driver_V2/MCP2515_Programe.o

Memory Configuration

Name             Origin             Length             Attributes
text             0x00000000         0x00020000         xr
data             0x00800060         0x0000ffa0         rw !x
eeprom           0x00810000         0x00010000         rw !x
fuse             0x00820000         0x00000400         rw !x
lock             0x00830000         0x00000400         rw !x
signature        0x00840000         0x00000400         rw !x
*default*        0x00000000         0xffffffff

Linker script and memory map

LOAD e:/private/courses/embedded/imt diploma/imt tools/sdk/imt_sdk_win_64/winavr/bin/../lib/gcc/avr/4.3.3/../../../../avr/lib/avr5/crtm32.o
LOAD ./MCAL/USART_Driver_V1/USART_Prog.o
LOAD ./MCAL/Timer0_Driver_V5/Timer0_prog.o
LOAD ./MCAL/SPI_driver/SPI_Program.o
LOAD ./MCAL/EXTI_Driver_V3/EXTI_prg.o
LOAD ./MCAL/DIO_V2/DIO_prg.o
LOAD ./HAL/MCP2515_driver_V2/MCP2515_Programe.o
LOAD ./HAL/LED_Handler_V1/LED_prog.o
LOAD ./HAL/LCD_Handler_V2/LCD_prg.o
LOAD ./HAL/IR_Remote_V2/IR_Program.o
LOAD ./APP/main.o
LOAD e:/private/courses/embedded/imt diploma/imt tools/sdk/imt_sdk_win_64/winavr/bin/../lib/gcc/avr/4.3.3/avr5\libgcc.a
LOAD e:/private/courses/embedded/imt diploma/imt tools/sdk/imt_sdk_win_64/winavr/bin/../lib/gcc/avr/4.3.3/../../../../avr/lib/avr5\libc.a
LOAD e:/private/courses/embedded/imt diploma/imt tools/sdk/imt_sdk_win_64/winavr/bin/../lib/gcc/avr/4.3.3/avr5\libgcc.a

.hash
 *(.hash)

.dynsym
 *(.dynsym)

.dynstr
 *(.dynstr)

.gnu.version
 *(.gnu.version)

.gnu.version_d
 *(.gnu.version_d)

.gnu.version_r
 *(.gnu.version_r)

.rel.init
 *(.rel.init)

.rela.init
 *(.rela.init)

.rel.text
 *(.rel.text)
 *(.rel.text.*)
 *(.rel.gnu.linkonce.t*)

.rela.text
 *(.rela.text)
 *(.rela.text.*)
 *(.rela.gnu.linkonce.t*)

.rel.fini
 *(.rel.fini)

.rela.fini
 *(.rela.fini)

.rel.rodata
 *(.rel.rodata)
 *(.rel.rodata.*)
 *(.rel.gnu.linkonce.r*)

.rela.rodata
 *(.rela.rodata)
 *(.rela.rodata.*)
 *(.rela.gnu.linkonce.r*)

.rel.data
 *(.rel.data)
 *(.rel.data.*)
 *(.rel.gnu.linkonce.d*)

.rela.data
 *(.rela.data)
 *(.rela.data.*)
 *(.rela.gnu.linkonce.d*)

.rel.ctors
 *(.rel.ctors)

.rela.ctors
 *(.rela.ctors)

.rel.dtors
 *(.rel.dtors)

.rela.dtors
 *(.rela.dtors)

.rel.got
 *(.rel.got)

.rela.got
 *(.rela.got)

.rel.bss
 *(.rel.bss)

.rela.bss
 *(.rela.bss)

.rel.plt
 *(.rel.plt)

.rela.plt
 *(.rela.plt)

.text           0x00000000     0x3d6e
 *(.vectors)
 .vectors       0x00000000       0x54 e:/private/courses/embedded/imt diploma/imt tools/sdk/imt_sdk_win_64/winavr/bin/../lib/gcc/avr/4.3.3/../../../../avr/lib/avr5/crtm32.o
                0x00000000                __vectors
                0x00000000                __vector_default
 *(.vectors)
 *(.progmem.gcc*)
 *(.progmem*)
                0x00000054                . = ALIGN (0x2)
                0x00000054                __trampolines_start = .
 *(.trampolines)
 .trampolines   0x00000054        0x0 linker stubs
 *(.trampolines*)
                0x00000054                __trampolines_end = .
 *(.jumptables)
 *(.jumptables*)
 *(.lowtext)
 *(.lowtext*)
                0x00000054                __ctors_start = .
 *(.ctors)
                0x00000054                __ctors_end = .
                0x00000054                __dtors_start = .
 *(.dtors)
                0x00000054                __dtors_end = .
 SORT(*)(.ctors)
 SORT(*)(.dtors)
 *(.init0)
 .init0         0x00000054        0x0 e:/private/courses/embedded/imt diploma/imt tools/sdk/imt_sdk_win_64/winavr/bin/../lib/gcc/avr/4.3.3/../../../../avr/lib/avr5/crtm32.o
                0x00000054                __init
 *(.init0)
 *(.init1)
 *(.init1)
 *(.init2)
 .init2         0x00000054        0xc e:/private/courses/embedded/imt diploma/imt tools/sdk/imt_sdk_win_64/winavr/bin/../lib/gcc/avr/4.3.3/../../../../avr/lib/avr5/crtm32.o
 *(.init2)
 *(.init3)
 *(.init3)
 *(.init4)
 .init4         0x00000060       0x16 e:/private/courses/embedded/imt diploma/imt tools/sdk/imt_sdk_win_64/winavr/bin/../lib/gcc/avr/4.3.3/avr5\libgcc.a(_copy_data.o)
                0x00000060                __do_copy_data
 .init4         0x00000076       0x10 e:/private/courses/embedded/imt diploma/imt tools/sdk/imt_sdk_win_64/winavr/bin/../lib/gcc/avr/4.3.3/avr5\libgcc.a(_clear_bss.o)
                0x00000076                __do_clear_bss
 *(.init4)
 *(.init5)
 *(.init5)
 *(.init6)
 *(.init6)
 *(.init7)
 *(.init7)
 *(.init8)
 *(.init8)
 *(.init9)
 .init9         0x00000086        0x8 e:/private/courses/embedded/imt diploma/imt tools/sdk/imt_sdk_win_64/winavr/bin/../lib/gcc/avr/4.3.3/../../../../avr/lib/avr5/crtm32.o
 *(.init9)
 *(.text)
 .text          0x0000008e        0x4 e:/private/courses/embedded/imt diploma/imt tools/sdk/imt_sdk_win_64/winavr/bin/../lib/gcc/avr/4.3.3/../../../../avr/lib/avr5/crtm32.o
                0x0000008e                __vector_12
                0x0000008e                __bad_interrupt
                0x0000008e                __vector_6
                0x0000008e                __vector_17
                0x0000008e                __vector_19
                0x0000008e                __vector_5
                0x0000008e                __vector_4
                0x0000008e                __vector_9
                0x0000008e                __vector_15
                0x0000008e                __vector_8
                0x0000008e                __vector_14
                0x0000008e                __vector_16
                0x0000008e                __vector_18
                0x0000008e                __vector_20
 .text          0x00000092        0x0 ./MCAL/USART_Driver_V1/USART_Prog.o
 .text          0x00000092        0x0 ./MCAL/Timer0_Driver_V5/Timer0_prog.o
 .text          0x00000092        0x0 ./MCAL/SPI_driver/SPI_Program.o
 .text          0x00000092        0x0 ./MCAL/EXTI_Driver_V3/EXTI_prg.o
 .text          0x00000092        0x0 ./MCAL/DIO_V2/DIO_prg.o
 .text          0x00000092        0x0 ./HAL/MCP2515_driver_V2/MCP2515_Programe.o
 .text          0x00000092        0x0 ./HAL/LED_Handler_V1/LED_prog.o
 .text          0x00000092        0x0 ./HAL/LCD_Handler_V2/LCD_prg.o
 .text          0x00000092        0x0 ./HAL/IR_Remote_V2/IR_Program.o
 .text          0x00000092        0x0 ./APP/main.o
 .text          0x00000092        0x0 e:/private/courses/embedded/imt diploma/imt tools/sdk/imt_sdk_win_64/winavr/bin/../lib/gcc/avr/4.3.3/avr5\libgcc.a(_udivmodhi4.o)
 .text          0x00000092        0x0 e:/private/courses/embedded/imt diploma/imt tools/sdk/imt_sdk_win_64/winavr/bin/../lib/gcc/avr/4.3.3/avr5\libgcc.a(_exit.o)
 .text          0x00000092        0x0 e:/private/courses/embedded/imt diploma/imt tools/sdk/imt_sdk_win_64/winavr/bin/../lib/gcc/avr/4.3.3/avr5\libgcc.a(_copy_data.o)
 .text          0x00000092        0x0 e:/private/courses/embedded/imt diploma/imt tools/sdk/imt_sdk_win_64/winavr/bin/../lib/gcc/avr/4.3.3/avr5\libgcc.a(_clear_bss.o)
 .text          0x00000092       0x58 e:/private/courses/embedded/imt diploma/imt tools/sdk/imt_sdk_win_64/winavr/bin/../lib/gcc/avr/4.3.3/avr5\libgcc.a(_fixunssfsi.o)
                0x00000092                __fixunssfsi
 .text          0x000000ea      0x354 e:/private/courses/embedded/imt diploma/imt tools/sdk/imt_sdk_win_64/winavr/bin/../lib/gcc/avr/4.3.3/avr5\libgcc.a(_addsub_sf.o)
                0x00000382                __subsf3
                0x000003e4                __addsf3
 .text          0x0000043e      0x1f4 e:/private/courses/embedded/imt diploma/imt tools/sdk/imt_sdk_win_64/winavr/bin/../lib/gcc/avr/4.3.3/avr5\libgcc.a(_mul_sf.o)
                0x0000043e                __mulsf3
 .text          0x00000632      0x158 e:/private/courses/embedded/imt diploma/imt tools/sdk/imt_sdk_win_64/winavr/bin/../lib/gcc/avr/4.3.3/avr5\libgcc.a(_div_sf.o)
                0x00000632                __divsf3
 .text          0x0000078a       0x60 e:/private/courses/embedded/imt diploma/imt tools/sdk/imt_sdk_win_64/winavr/bin/../lib/gcc/avr/4.3.3/avr5\libgcc.a(_gt_sf.o)
                0x0000078a                __gtsf2
 .text          0x000007ea       0x60 e:/private/courses/embedded/imt diploma/imt tools/sdk/imt_sdk_win_64/winavr/bin/../lib/gcc/avr/4.3.3/avr5\libgcc.a(_ge_sf.o)
                0x000007ea                __gesf2
 .text          0x0000084a       0x60 e:/private/courses/embedded/imt diploma/imt tools/sdk/imt_sdk_win_64/winavr/bin/../lib/gcc/avr/4.3.3/avr5\libgcc.a(_lt_sf.o)
                0x0000084a                __ltsf2
 .text          0x000008aa       0xa8 e:/private/courses/embedded/imt diploma/imt tools/sdk/imt_sdk_win_64/winavr/bin/../lib/gcc/avr/4.3.3/avr5\libgcc.a(_sf_to_si.o)
                0x000008aa                __fixsfsi
 .text          0x00000952        0x0 e:/private/courses/embedded/imt diploma/imt tools/sdk/imt_sdk_win_64/winavr/bin/../lib/gcc/avr/4.3.3/avr5\libgcc.a(_thenan_sf.o)
 .text          0x00000952       0xf2 e:/private/courses/embedded/imt diploma/imt tools/sdk/imt_sdk_win_64/winavr/bin/../lib/gcc/avr/4.3.3/avr5\libgcc.a(_usi_to_sf.o)
                0x00000952                __floatunsisf
 .text          0x00000a44        0x0 e:/private/courses/embedded/imt diploma/imt tools/sdk/imt_sdk_win_64/winavr/bin/../lib/gcc/avr/4.3.3/avr5\libgcc.a(_prologue.o)
 .text          0x00000a44        0x0 e:/private/courses/embedded/imt diploma/imt tools/sdk/imt_sdk_win_64/winavr/bin/../lib/gcc/avr/4.3.3/avr5\libgcc.a(_epilogue.o)
 .text          0x00000a44       0x9e e:/private/courses/embedded/imt diploma/imt tools/sdk/imt_sdk_win_64/winavr/bin/../lib/gcc/avr/4.3.3/avr5\libgcc.a(_clzsi2.o)
                0x00000a44                __clzsi2
 .text          0x00000ae2      0x1aa e:/private/courses/embedded/imt diploma/imt tools/sdk/imt_sdk_win_64/winavr/bin/../lib/gcc/avr/4.3.3/avr5\libgcc.a(_pack_sf.o)
                0x00000ae2                __pack_f
 .text          0x00000c8c       0xf0 e:/private/courses/embedded/imt diploma/imt tools/sdk/imt_sdk_win_64/winavr/bin/../lib/gcc/avr/4.3.3/avr5\libgcc.a(_unpack_sf.o)
                0x00000c8c                __unpack_f
 .text          0x00000d7c       0xb2 e:/private/courses/embedded/imt diploma/imt tools/sdk/imt_sdk_win_64/winavr/bin/../lib/gcc/avr/4.3.3/avr5\libgcc.a(_fpcmp_parts_sf.o)
                0x00000d7c                __fpcmp_parts_f
 .text          0x00000e2e        0x0 e:/private/courses/embedded/imt diploma/imt tools/sdk/imt_sdk_win_64/winavr/bin/../lib/gcc/avr/4.3.3/avr5\libgcc.a(_clz.o)
                0x00000e2e                . = ALIGN (0x2)
 *(.text.*)
 .text.USART_init
                0x00000e2e      0x162 ./MCAL/USART_Driver_V1/USART_Prog.o
                0x00000e2e                USART_init
 .text.USART_SendData
                0x00000f90       0x42 ./MCAL/USART_Driver_V1/USART_Prog.o
                0x00000f90                USART_SendData
 .text.USART_ReceiveData
                0x00000fd2       0x4c ./MCAL/USART_Driver_V1/USART_Prog.o
                0x00000fd2                USART_ReceiveData
 .text.USART_ReceiveData_interrupt
                0x0000101e       0x58 ./MCAL/USART_Driver_V1/USART_Prog.o
                0x0000101e                USART_ReceiveData_interrupt
 .text.__vector_13
                0x00001076       0x74 ./MCAL/USART_Driver_V1/USART_Prog.o
                0x00001076                __vector_13
 .text.__vector_11
                0x000010ea       0x66 ./MCAL/Timer0_Driver_V5/Timer0_prog.o
                0x000010ea                __vector_11
 .text.__vector_10
                0x00001150       0x66 ./MCAL/Timer0_Driver_V5/Timer0_prog.o
                0x00001150                __vector_10
 .text.Timer0_vidinit
                0x000011b6       0x46 ./MCAL/Timer0_Driver_V5/Timer0_prog.o
                0x000011b6                Timer0_vidinit
 .text.Timer0_vidSlctPrescaller
                0x000011fc       0x26 ./MCAL/Timer0_Driver_V5/Timer0_prog.o
                0x000011fc                Timer0_vidSlctPrescaller
 .text.Timer0_vidSetPreloadVlaue
                0x00001222       0x1c ./MCAL/Timer0_Driver_V5/Timer0_prog.o
                0x00001222                Timer0_vidSetPreloadVlaue
 .text.Timer0_vidSetCTCValue
                0x0000123e       0x1c ./MCAL/Timer0_Driver_V5/Timer0_prog.o
                0x0000123e                Timer0_vidSetCTCValue
 .text.Timer0_vidStartTimer
                0x0000125a       0x2e ./MCAL/Timer0_Driver_V5/Timer0_prog.o
                0x0000125a                Timer0_vidStartTimer
 .text.Timer0_vidStopTimer
                0x00001288       0x1c ./MCAL/Timer0_Driver_V5/Timer0_prog.o
                0x00001288                Timer0_vidStopTimer
 .text.Timer0_vidTovfIrqEnable
                0x000012a4       0x1c ./MCAL/Timer0_Driver_V5/Timer0_prog.o
                0x000012a4                Timer0_vidTovfIrqEnable
 .text.Timer0_vidTovfIrqDisable
                0x000012c0       0x1c ./MCAL/Timer0_Driver_V5/Timer0_prog.o
                0x000012c0                Timer0_vidTovfIrqDisable
 .text.Timer0_vidCtcIrqEnable
                0x000012dc       0x1c ./MCAL/Timer0_Driver_V5/Timer0_prog.o
                0x000012dc                Timer0_vidCtcIrqEnable
 .text.Timer0_vidCtcIrqDisable
                0x000012f8       0x1c ./MCAL/Timer0_Driver_V5/Timer0_prog.o
                0x000012f8                Timer0_vidCtcIrqDisable
 .text.Timer0_u8GetElepsedTime
                0x00001314       0x14 ./MCAL/Timer0_Driver_V5/Timer0_prog.o
                0x00001314                Timer0_u8GetElepsedTime
 .text.Timer0_vidResetTimer
                0x00001328       0x14 ./MCAL/Timer0_Driver_V5/Timer0_prog.o
                0x00001328                Timer0_vidResetTimer
 .text.Timer0_vidSet_Tovf_Call_Back
                0x0000133c       0x2c ./MCAL/Timer0_Driver_V5/Timer0_prog.o
                0x0000133c                Timer0_vidSet_Tovf_Call_Back
 .text.Timer0_vidSet_CTC_Call_Back
                0x00001368       0x2c ./MCAL/Timer0_Driver_V5/Timer0_prog.o
                0x00001368                Timer0_vidSet_CTC_Call_Back
 .text.Timer0_vidSetPwmDutyCycle
                0x00001394       0x6c ./MCAL/Timer0_Driver_V5/Timer0_prog.o
                0x00001394                Timer0_vidSetPwmDutyCycle
 .text.MSPI_voidSpiMasterInit
                0x00001400       0x86 ./MCAL/SPI_driver/SPI_Program.o
                0x00001400                MSPI_voidSpiMasterInit
 .text.MSPI_voidSetPreSca
                0x00001486      0x1de ./MCAL/SPI_driver/SPI_Program.o
                0x00001486                MSPI_voidSetPreSca
 .text.MSPI_VidChipSelect
                0x00001664       0x30 ./MCAL/SPI_driver/SPI_Program.o
                0x00001664                MSPI_VidChipSelect
 .text.MSPI_U8MasterTransmit
                0x00001694       0x34 ./MCAL/SPI_driver/SPI_Program.o
                0x00001694                MSPI_U8MasterTransmit
 .text.EXTI_u8SetSource
                0x000016c8      0x270 ./MCAL/EXTI_Driver_V3/EXTI_prg.o
                0x000016c8                EXTI_u8SetSource
 .text.EXTI_u8EnablePIE
                0x00001938       0x7a ./MCAL/EXTI_Driver_V3/EXTI_prg.o
                0x00001938                EXTI_u8EnablePIE
 .text.EXTI_u8DisablePIE
                0x000019b2       0x7a ./MCAL/EXTI_Driver_V3/EXTI_prg.o
                0x000019b2                EXTI_u8DisablePIE
 .text.EXTI_voidEnableGIE
                0x00001a2c       0x1c ./MCAL/EXTI_Driver_V3/EXTI_prg.o
                0x00001a2c                EXTI_voidEnableGIE
 .text.EXTI_voidDisableGIE
                0x00001a48       0x1c ./MCAL/EXTI_Driver_V3/EXTI_prg.o
                0x00001a48                EXTI_voidDisableGIE
 .text.EXTI_voidSet_INT0_Cbf
                0x00001a64       0x2c ./MCAL/EXTI_Driver_V3/EXTI_prg.o
                0x00001a64                EXTI_voidSet_INT0_Cbf
 .text.EXTI_voidSet_INT1_Cbf
                0x00001a90       0x2c ./MCAL/EXTI_Driver_V3/EXTI_prg.o
                0x00001a90                EXTI_voidSet_INT1_Cbf
 .text.EXTI_voidSet_INT2_Cbf
                0x00001abc       0x2c ./MCAL/EXTI_Driver_V3/EXTI_prg.o
                0x00001abc                EXTI_voidSet_INT2_Cbf
 .text.__vector_1
                0x00001ae8       0x66 ./MCAL/EXTI_Driver_V3/EXTI_prg.o
                0x00001ae8                __vector_1
 .text.__vector_2
                0x00001b4e       0x66 ./MCAL/EXTI_Driver_V3/EXTI_prg.o
                0x00001b4e                __vector_2
 .text.__vector_3
                0x00001bb4       0x66 ./MCAL/EXTI_Driver_V3/EXTI_prg.o
                0x00001bb4                __vector_3
 .text.DIO_u8setPortDir
                0x00001c1a       0x90 ./MCAL/DIO_V2/DIO_prg.o
                0x00001c1a                DIO_u8setPortDir
 .text.DIO_u8setPortVal
                0x00001caa       0x90 ./MCAL/DIO_V2/DIO_prg.o
                0x00001caa                DIO_u8setPortVal
 .text.DIO_u8getPortVal
                0x00001d3a       0xa4 ./MCAL/DIO_V2/DIO_prg.o
                0x00001d3a                DIO_u8getPortVal
 .text.DIO_u8setPinDir
                0x00001dde      0x224 ./MCAL/DIO_V2/DIO_prg.o
                0x00001dde                DIO_u8setPinDir
 .text.DIO_u8setPinVal
                0x00002002      0x224 ./MCAL/DIO_V2/DIO_prg.o
                0x00002002                DIO_u8setPinVal
 .text.DIO_u8getPinVal
                0x00002226      0x126 ./MCAL/DIO_V2/DIO_prg.o
                0x00002226                DIO_u8getPinVal
 .text.HMCP2515_voidWriteReg
                0x0000234c       0x36 ./HAL/MCP2515_driver_V2/MCP2515_Programe.o
                0x0000234c                HMCP2515_voidWriteReg
 .text.HMCP2515_U8ReadReg
                0x00002382       0x38 ./HAL/MCP2515_driver_V2/MCP2515_Programe.o
                0x00002382                HMCP2515_U8ReadReg
 .text.HMCP2515_voidResetInst
                0x000023ba       0x20 ./HAL/MCP2515_driver_V2/MCP2515_Programe.o
                0x000023ba                HMCP2515_voidResetInst
 .text.HMCP2515_voidBitModify
                0x000023da       0x42 ./HAL/MCP2515_driver_V2/MCP2515_Programe.o
                0x000023da                HMCP2515_voidBitModify
 .text.HMCP2515_voidSetBitTiming
                0x0000241c       0x36 ./HAL/MCP2515_driver_V2/MCP2515_Programe.o
                0x0000241c                HMCP2515_voidSetBitTiming
 .text.HMCP2515_voidSetMode
                0x00002452       0x3c ./HAL/MCP2515_driver_V2/MCP2515_Programe.o
                0x00002452                HMCP2515_voidSetMode
 .text.HMCP2515_voidInitTransimiter
                0x0000248e       0x3e ./HAL/MCP2515_driver_V2/MCP2515_Programe.o
                0x0000248e                HMCP2515_voidInitTransimiter
 .text.HMCP2515_VidSendCAN_Msg
                0x000024cc       0xd2 ./HAL/MCP2515_driver_V2/MCP2515_Programe.o
                0x000024cc                HMCP2515_VidSendCAN_Msg
 .text.HMCP2515_voidRollOver
                0x0000259e       0x4a ./HAL/MCP2515_driver_V2/MCP2515_Programe.o
                0x0000259e                HMCP2515_voidRollOver
 .text.HMCP2515_voidSetMask
                0x000025e8       0xb6 ./HAL/MCP2515_driver_V2/MCP2515_Programe.o
                0x000025e8                HMCP2515_voidSetMask
 .text.HMCP2515_voidRecievInit
                0x0000269e       0x7e ./HAL/MCP2515_driver_V2/MCP2515_Programe.o
                0x0000269e                HMCP2515_voidRecievInit
 .text.HMCP2515_voidRecieveMess
                0x0000271c       0x62 ./HAL/MCP2515_driver_V2/MCP2515_Programe.o
                0x0000271c                HMCP2515_voidRecieveMess
 .text.LED_u8Mapping
                0x0000277e      0x120 ./HAL/LED_Handler_V1/LED_prog.o
 .text.LED_vidInit
                0x0000289e       0x6e ./HAL/LED_Handler_V1/LED_prog.o
                0x0000289e                LED_vidInit
 .text.LED_vidToggleLed
                0x0000290c       0x70 ./HAL/LED_Handler_V1/LED_prog.o
                0x0000290c                LED_vidToggleLed
 .text.LED_vidTurnOnLed
                0x0000297c       0x40 ./HAL/LED_Handler_V1/LED_prog.o
                0x0000297c                LED_vidTurnOnLed
 .text.LED_vidTurnOffLed
                0x000029bc       0x40 ./HAL/LED_Handler_V1/LED_prog.o
                0x000029bc                LED_vidTurnOffLed
 .text.LCD_vidInit
                0x000029fc      0x612 ./HAL/LCD_Handler_V2/LCD_prg.o
                0x000029fc                LCD_vidInit
 .text.LCD_vidSendCmd
                0x0000300e      0x1d4 ./HAL/LCD_Handler_V2/LCD_prg.o
                0x0000300e                LCD_vidSendCmd
 .text.LCD_vidWriteChar
                0x000031e2      0x1d4 ./HAL/LCD_Handler_V2/LCD_prg.o
                0x000031e2                LCD_vidWriteChar
 .text.LCD_vidClear
                0x000033b6      0x1a8 ./HAL/LCD_Handler_V2/LCD_prg.o
                0x000033b6                LCD_vidClear
 .text.LCD_u8Goto
                0x0000355e       0x8e ./HAL/LCD_Handler_V2/LCD_prg.o
                0x0000355e                LCD_u8Goto
 .text.LCD_vidSendString
                0x000035ec       0x52 ./HAL/LCD_Handler_V2/LCD_prg.o
                0x000035ec                LCD_vidSendString
 .text.LCD_vidSendInt
                0x0000363e       0xe8 ./HAL/LCD_Handler_V2/LCD_prg.o
                0x0000363e                LCD_vidSendInt
 .text.LCD_vidShiftDisplayRight
                0x00003726       0x22 ./HAL/LCD_Handler_V2/LCD_prg.o
                0x00003726                LCD_vidShiftDisplayRight
 .text.LCD_vidShiftDisplayLeft
                0x00003748       0x22 ./HAL/LCD_Handler_V2/LCD_prg.o
                0x00003748                LCD_vidShiftDisplayLeft
 .text.LCD_vidShiftCursorLeft
                0x0000376a       0x22 ./HAL/LCD_Handler_V2/LCD_prg.o
                0x0000376a                LCD_vidShiftCursorLeft
 .text.LCD_vidShiftCursorRight
                0x0000378c       0x22 ./HAL/LCD_Handler_V2/LCD_prg.o
                0x0000378c                LCD_vidShiftCursorRight
 .text.IR_Init  0x000037ae       0x28 ./HAL/IR_Remote_V2/IR_Program.o
                0x000037ae                IR_Init
 .text.IR_vidGetFrame
                0x000037d6       0x66 ./HAL/IR_Remote_V2/IR_Program.o
 .text.IR_vidtakeAction
                0x0000383c       0xd0 ./HAL/IR_Remote_V2/IR_Program.o
 .text.IR_vidSetSinglePeriod
                0x0000390c       0x7a ./HAL/IR_Remote_V2/IR_Program.o
 .text.IR_u16GetElapsedTime
                0x00003986       0x16 ./HAL/IR_Remote_V2/IR_Program.o
 .text.__vector_7
                0x0000399c       0x66 ./HAL/IR_Remote_V2/IR_Program.o
                0x0000399c                __vector_7
 .text.main     0x00003a02      0x254 ./APP/main.o
                0x00003a02                main
 .text.APP_Recieve_Data_Usart
                0x00003c56       0x2a ./APP/main.o
                0x00003c56                APP_Recieve_Data_Usart
 .text.APP_Recieve_Data_CAN
                0x00003c80       0x54 ./APP/main.o
                0x00003c80                APP_Recieve_Data_CAN
 .text.libgcc   0x00003cd4       0x28 e:/private/courses/embedded/imt diploma/imt tools/sdk/imt_sdk_win_64/winavr/bin/../lib/gcc/avr/4.3.3/avr5\libgcc.a(_udivmodhi4.o)
                0x00003cd4                __udivmodhi4
 .text.libgcc   0x00003cfc        0x0 e:/private/courses/embedded/imt diploma/imt tools/sdk/imt_sdk_win_64/winavr/bin/../lib/gcc/avr/4.3.3/avr5\libgcc.a(_exit.o)
 .text.libgcc   0x00003cfc        0x0 e:/private/courses/embedded/imt diploma/imt tools/sdk/imt_sdk_win_64/winavr/bin/../lib/gcc/avr/4.3.3/avr5\libgcc.a(_copy_data.o)
 .text.libgcc   0x00003cfc        0x0 e:/private/courses/embedded/imt diploma/imt tools/sdk/imt_sdk_win_64/winavr/bin/../lib/gcc/avr/4.3.3/avr5\libgcc.a(_clear_bss.o)
 .text.libgcc   0x00003cfc       0x38 e:/private/courses/embedded/imt diploma/imt tools/sdk/imt_sdk_win_64/winavr/bin/../lib/gcc/avr/4.3.3/avr5\libgcc.a(_prologue.o)
                0x00003cfc                __prologue_saves__
 .text.libgcc   0x00003d34       0x36 e:/private/courses/embedded/imt diploma/imt tools/sdk/imt_sdk_win_64/winavr/bin/../lib/gcc/avr/4.3.3/avr5\libgcc.a(_epilogue.o)
                0x00003d34                __epilogue_restores__
                0x00003d6a                . = ALIGN (0x2)
 *(.fini9)
 .fini9         0x00003d6a        0x0 e:/private/courses/embedded/imt diploma/imt tools/sdk/imt_sdk_win_64/winavr/bin/../lib/gcc/avr/4.3.3/avr5\libgcc.a(_exit.o)
                0x00003d6a                exit
                0x00003d6a                _exit
 *(.fini9)
 *(.fini8)
 *(.fini8)
 *(.fini7)
 *(.fini7)
 *(.fini6)
 *(.fini6)
 *(.fini5)
 *(.fini5)
 *(.fini4)
 *(.fini4)
 *(.fini3)
 *(.fini3)
 *(.fini2)
 *(.fini2)
 *(.fini1)
 *(.fini1)
 *(.fini0)
 .fini0         0x00003d6a        0x4 e:/private/courses/embedded/imt diploma/imt tools/sdk/imt_sdk_win_64/winavr/bin/../lib/gcc/avr/4.3.3/avr5\libgcc.a(_exit.o)
 *(.fini0)
                0x00003d6e                _etext = .

.data           0x00800060      0x15c load address 0x00003d6e
                0x00800060                PROVIDE (__data_start, .)
 *(.data)
 .data          0x00800060        0x0 e:/private/courses/embedded/imt diploma/imt tools/sdk/imt_sdk_win_64/winavr/bin/../lib/gcc/avr/4.3.3/../../../../avr/lib/avr5/crtm32.o
 .data          0x00800060        0x0 ./MCAL/USART_Driver_V1/USART_Prog.o
 .data          0x00800060        0x0 ./MCAL/Timer0_Driver_V5/Timer0_prog.o
 .data          0x00800060        0x0 ./MCAL/SPI_driver/SPI_Program.o
 .data          0x00800060        0x0 ./MCAL/EXTI_Driver_V3/EXTI_prg.o
 .data          0x00800060        0x0 ./MCAL/DIO_V2/DIO_prg.o
 .data          0x00800060        0x0 ./HAL/MCP2515_driver_V2/MCP2515_Programe.o
 .data          0x00800060        0x0 ./HAL/LED_Handler_V1/LED_prog.o
 .data          0x00800060        0x0 ./HAL/LCD_Handler_V2/LCD_prg.o
 .data          0x00800060        0x0 ./HAL/IR_Remote_V2/IR_Program.o
 .data          0x00800060       0x37 ./APP/main.o
 .data          0x00800097        0x0 e:/private/courses/embedded/imt diploma/imt tools/sdk/imt_sdk_win_64/winavr/bin/../lib/gcc/avr/4.3.3/avr5\libgcc.a(_udivmodhi4.o)
 .data          0x00800097        0x0 e:/private/courses/embedded/imt diploma/imt tools/sdk/imt_sdk_win_64/winavr/bin/../lib/gcc/avr/4.3.3/avr5\libgcc.a(_exit.o)
 .data          0x00800097        0x0 e:/private/courses/embedded/imt diploma/imt tools/sdk/imt_sdk_win_64/winavr/bin/../lib/gcc/avr/4.3.3/avr5\libgcc.a(_copy_data.o)
 .data          0x00800097        0x0 e:/private/courses/embedded/imt diploma/imt tools/sdk/imt_sdk_win_64/winavr/bin/../lib/gcc/avr/4.3.3/avr5\libgcc.a(_clear_bss.o)
 .data          0x00800097        0x0 e:/private/courses/embedded/imt diploma/imt tools/sdk/imt_sdk_win_64/winavr/bin/../lib/gcc/avr/4.3.3/avr5\libgcc.a(_fixunssfsi.o)
 .data          0x00800097        0x0 e:/private/courses/embedded/imt diploma/imt tools/sdk/imt_sdk_win_64/winavr/bin/../lib/gcc/avr/4.3.3/avr5\libgcc.a(_addsub_sf.o)
 .data          0x00800097        0x0 e:/private/courses/embedded/imt diploma/imt tools/sdk/imt_sdk_win_64/winavr/bin/../lib/gcc/avr/4.3.3/avr5\libgcc.a(_mul_sf.o)
 .data          0x00800097        0x0 e:/private/courses/embedded/imt diploma/imt tools/sdk/imt_sdk_win_64/winavr/bin/../lib/gcc/avr/4.3.3/avr5\libgcc.a(_div_sf.o)
 .data          0x00800097        0x0 e:/private/courses/embedded/imt diploma/imt tools/sdk/imt_sdk_win_64/winavr/bin/../lib/gcc/avr/4.3.3/avr5\libgcc.a(_gt_sf.o)
 .data          0x00800097        0x0 e:/private/courses/embedded/imt diploma/imt tools/sdk/imt_sdk_win_64/winavr/bin/../lib/gcc/avr/4.3.3/avr5\libgcc.a(_ge_sf.o)
 .data          0x00800097        0x0 e:/private/courses/embedded/imt diploma/imt tools/sdk/imt_sdk_win_64/winavr/bin/../lib/gcc/avr/4.3.3/avr5\libgcc.a(_lt_sf.o)
 .data          0x00800097        0x0 e:/private/courses/embedded/imt diploma/imt tools/sdk/imt_sdk_win_64/winavr/bin/../lib/gcc/avr/4.3.3/avr5\libgcc.a(_sf_to_si.o)
 .data          0x00800097        0x8 e:/private/courses/embedded/imt diploma/imt tools/sdk/imt_sdk_win_64/winavr/bin/../lib/gcc/avr/4.3.3/avr5\libgcc.a(_thenan_sf.o)
                0x00800097                __thenan_sf
 .data          0x0080009f        0x0 e:/private/courses/embedded/imt diploma/imt tools/sdk/imt_sdk_win_64/winavr/bin/../lib/gcc/avr/4.3.3/avr5\libgcc.a(_usi_to_sf.o)
 .data          0x0080009f        0x0 e:/private/courses/embedded/imt diploma/imt tools/sdk/imt_sdk_win_64/winavr/bin/../lib/gcc/avr/4.3.3/avr5\libgcc.a(_prologue.o)
 .data          0x0080009f        0x0 e:/private/courses/embedded/imt diploma/imt tools/sdk/imt_sdk_win_64/winavr/bin/../lib/gcc/avr/4.3.3/avr5\libgcc.a(_epilogue.o)
 .data          0x0080009f        0x0 e:/private/courses/embedded/imt diploma/imt tools/sdk/imt_sdk_win_64/winavr/bin/../lib/gcc/avr/4.3.3/avr5\libgcc.a(_clzsi2.o)
 .data          0x0080009f        0x0 e:/private/courses/embedded/imt diploma/imt tools/sdk/imt_sdk_win_64/winavr/bin/../lib/gcc/avr/4.3.3/avr5\libgcc.a(_pack_sf.o)
 .data          0x0080009f        0x0 e:/private/courses/embedded/imt diploma/imt tools/sdk/imt_sdk_win_64/winavr/bin/../lib/gcc/avr/4.3.3/avr5\libgcc.a(_unpack_sf.o)
 .data          0x0080009f        0x0 e:/private/courses/embedded/imt diploma/imt tools/sdk/imt_sdk_win_64/winavr/bin/../lib/gcc/avr/4.3.3/avr5\libgcc.a(_fpcmp_parts_sf.o)
 .data          0x0080009f      0x100 e:/private/courses/embedded/imt diploma/imt tools/sdk/imt_sdk_win_64/winavr/bin/../lib/gcc/avr/4.3.3/avr5\libgcc.a(_clz.o)
                0x0080009f                __clz_tab
 *(.data*)
 .data.TIMER0_CLK_SLCT
                0x0080019f        0x1 ./MCAL/Timer0_Driver_V5/Timer0_prog.o
 .data.CAN_Msg  0x008001a0        0x2 ./APP/main.o
                0x008001a0                CAN_Msg
 .data.CAN_MESSAGE_1
                0x008001a2        0x3 ./APP/main.o
                0x008001a2                CAN_MESSAGE_1
 .data.CAN_MESSAGE_2
                0x008001a5        0x3 ./APP/main.o
                0x008001a5                CAN_MESSAGE_2
 .data.CAN_MESSAGE_3
                0x008001a8        0x3 ./APP/main.o
                0x008001a8                CAN_MESSAGE_3
 .data.CAN_MESSAGE_4
                0x008001ab        0x3 ./APP/main.o
                0x008001ab                CAN_MESSAGE_4
 .data.CAN_MESSAGE_5
                0x008001ae        0x3 ./APP/main.o
                0x008001ae                CAN_MESSAGE_5
 *(.rodata)
 *(.rodata*)
 .rodata.C.1.1467
                0x008001b1        0x5 ./APP/main.o
 .rodata.C.0.1466
                0x008001b6        0x6 ./APP/main.o
 *(.gnu.linkonce.d*)
                0x008001bc                . = ALIGN (0x2)
                0x008001bc                _edata = .
                0x008001bc                PROVIDE (__data_end, .)

.bss            0x008001bc       0x5b
                0x008001bc                PROVIDE (__bss_start, .)
 *(.bss)
 .bss           0x008001bc        0x0 e:/private/courses/embedded/imt diploma/imt tools/sdk/imt_sdk_win_64/winavr/bin/../lib/gcc/avr/4.3.3/../../../../avr/lib/avr5/crtm32.o
 .bss           0x008001bc        0x0 ./MCAL/USART_Driver_V1/USART_Prog.o
 .bss           0x008001bc        0x0 ./MCAL/Timer0_Driver_V5/Timer0_prog.o
 .bss           0x008001bc        0x0 ./MCAL/SPI_driver/SPI_Program.o
 .bss           0x008001bc        0x0 ./MCAL/EXTI_Driver_V3/EXTI_prg.o
 .bss           0x008001bc        0x0 ./MCAL/DIO_V2/DIO_prg.o
 .bss           0x008001bc        0x0 ./HAL/MCP2515_driver_V2/MCP2515_Programe.o
 .bss           0x008001bc        0x0 ./HAL/LED_Handler_V1/LED_prog.o
 .bss           0x008001bc        0x0 ./HAL/LCD_Handler_V2/LCD_prg.o
 .bss           0x008001bc        0x0 ./HAL/IR_Remote_V2/IR_Program.o
 .bss           0x008001bc        0x0 ./APP/main.o
 .bss           0x008001bc        0x0 e:/private/courses/embedded/imt diploma/imt tools/sdk/imt_sdk_win_64/winavr/bin/../lib/gcc/avr/4.3.3/avr5\libgcc.a(_udivmodhi4.o)
 .bss           0x008001bc        0x0 e:/private/courses/embedded/imt diploma/imt tools/sdk/imt_sdk_win_64/winavr/bin/../lib/gcc/avr/4.3.3/avr5\libgcc.a(_exit.o)
 .bss           0x008001bc        0x0 e:/private/courses/embedded/imt diploma/imt tools/sdk/imt_sdk_win_64/winavr/bin/../lib/gcc/avr/4.3.3/avr5\libgcc.a(_copy_data.o)
 .bss           0x008001bc        0x0 e:/private/courses/embedded/imt diploma/imt tools/sdk/imt_sdk_win_64/winavr/bin/../lib/gcc/avr/4.3.3/avr5\libgcc.a(_clear_bss.o)
 .bss           0x008001bc        0x0 e:/private/courses/embedded/imt diploma/imt tools/sdk/imt_sdk_win_64/winavr/bin/../lib/gcc/avr/4.3.3/avr5\libgcc.a(_fixunssfsi.o)
 .bss           0x008001bc        0x0 e:/private/courses/embedded/imt diploma/imt tools/sdk/imt_sdk_win_64/winavr/bin/../lib/gcc/avr/4.3.3/avr5\libgcc.a(_addsub_sf.o)
 .bss           0x008001bc        0x0 e:/private/courses/embedded/imt diploma/imt tools/sdk/imt_sdk_win_64/winavr/bin/../lib/gcc/avr/4.3.3/avr5\libgcc.a(_mul_sf.o)
 .bss           0x008001bc        0x0 e:/private/courses/embedded/imt diploma/imt tools/sdk/imt_sdk_win_64/winavr/bin/../lib/gcc/avr/4.3.3/avr5\libgcc.a(_div_sf.o)
 .bss           0x008001bc        0x0 e:/private/courses/embedded/imt diploma/imt tools/sdk/imt_sdk_win_64/winavr/bin/../lib/gcc/avr/4.3.3/avr5\libgcc.a(_gt_sf.o)
 .bss           0x008001bc        0x0 e:/private/courses/embedded/imt diploma/imt tools/sdk/imt_sdk_win_64/winavr/bin/../lib/gcc/avr/4.3.3/avr5\libgcc.a(_ge_sf.o)
 .bss           0x008001bc        0x0 e:/private/courses/embedded/imt diploma/imt tools/sdk/imt_sdk_win_64/winavr/bin/../lib/gcc/avr/4.3.3/avr5\libgcc.a(_lt_sf.o)
 .bss           0x008001bc        0x0 e:/private/courses/embedded/imt diploma/imt tools/sdk/imt_sdk_win_64/winavr/bin/../lib/gcc/avr/4.3.3/avr5\libgcc.a(_sf_to_si.o)
 .bss           0x008001bc        0x0 e:/private/courses/embedded/imt diploma/imt tools/sdk/imt_sdk_win_64/winavr/bin/../lib/gcc/avr/4.3.3/avr5\libgcc.a(_thenan_sf.o)
 .bss           0x008001bc        0x0 e:/private/courses/embedded/imt diploma/imt tools/sdk/imt_sdk_win_64/winavr/bin/../lib/gcc/avr/4.3.3/avr5\libgcc.a(_usi_to_sf.o)
 .bss           0x008001bc        0x0 e:/private/courses/embedded/imt diploma/imt tools/sdk/imt_sdk_win_64/winavr/bin/../lib/gcc/avr/4.3.3/avr5\libgcc.a(_prologue.o)
 .bss           0x008001bc        0x0 e:/private/courses/embedded/imt diploma/imt tools/sdk/imt_sdk_win_64/winavr/bin/../lib/gcc/avr/4.3.3/avr5\libgcc.a(_epilogue.o)
 .bss           0x008001bc        0x0 e:/private/courses/embedded/imt diploma/imt tools/sdk/imt_sdk_win_64/winavr/bin/../lib/gcc/avr/4.3.3/avr5\libgcc.a(_clzsi2.o)
 .bss           0x008001bc        0x0 e:/private/courses/embedded/imt diploma/imt tools/sdk/imt_sdk_win_64/winavr/bin/../lib/gcc/avr/4.3.3/avr5\libgcc.a(_pack_sf.o)
 .bss           0x008001bc        0x0 e:/private/courses/embedded/imt diploma/imt tools/sdk/imt_sdk_win_64/winavr/bin/../lib/gcc/avr/4.3.3/avr5\libgcc.a(_unpack_sf.o)
 .bss           0x008001bc        0x0 e:/private/courses/embedded/imt diploma/imt tools/sdk/imt_sdk_win_64/winavr/bin/../lib/gcc/avr/4.3.3/avr5\libgcc.a(_fpcmp_parts_sf.o)
 .bss           0x008001bc        0x0 e:/private/courses/embedded/imt diploma/imt tools/sdk/imt_sdk_win_64/winavr/bin/../lib/gcc/avr/4.3.3/avr5\libgcc.a(_clz.o)
 *(.bss*)
 .bss.USART_FPTR
                0x008001bc        0x2 ./MCAL/USART_Driver_V1/USART_Prog.o
 .bss.Timer0_Tovf_cbk_Fptr
                0x008001be        0x2 ./MCAL/Timer0_Driver_V5/Timer0_prog.o
 .bss.Timer0_Ctc_cbk_Fptr
                0x008001c0        0x2 ./MCAL/Timer0_Driver_V5/Timer0_prog.o
 .bss.INT0_Cbf_ptr
                0x008001c2        0x2 ./MCAL/EXTI_Driver_V3/EXTI_prg.o
 .bss.INT1_Cbf_ptr
                0x008001c4        0x2 ./MCAL/EXTI_Driver_V3/EXTI_prg.o
 .bss.INT2_Cbf_ptr
                0x008001c6        0x2 ./MCAL/EXTI_Driver_V3/EXTI_prg.o
 .bss.LED_NUMBER_STATUS
                0x008001c8        0x1 ./HAL/LED_Handler_V1/LED_prog.o
                0x008001c8                LED_NUMBER_STATUS
 .bss.LED_PORT  0x008001c9        0x1 ./HAL/LED_Handler_V1/LED_prog.o
                0x008001c9                LED_PORT
 .bss.LED_PIN   0x008001ca        0x1 ./HAL/LED_Handler_V1/LED_prog.o
                0x008001ca                LED_PIN
 .bss.ir_signal
                0x008001cb        0x2 ./HAL/IR_Remote_V2/IR_Program.o
                0x008001cb                ir_signal
 .bss.ir_edge_count
                0x008001cd        0x1 ./HAL/IR_Remote_V2/IR_Program.o
                0x008001cd                ir_edge_count
 .bss.ir_start_flag
                0x008001ce        0x1 ./HAL/IR_Remote_V2/IR_Program.o
                0x008001ce                ir_start_flag
 .bss.ir_frame  0x008001cf       0x32 ./HAL/IR_Remote_V2/IR_Program.o
                0x008001cf                ir_frame
 .bss.isr_timer1_callback
                0x00800201        0x2 ./HAL/IR_Remote_V2/IR_Program.o
                0x00800201                isr_timer1_callback
 .bss.Global_SignBuffer
                0x00800203        0x3 ./APP/main.o
 .bss.Global_SignFlag
                0x00800206        0x1 ./APP/main.o
 *(COMMON)
 COMMON         0x00800207       0x10 ./HAL/MCP2515_driver_V2/MCP2515_Programe.o
                0x00800207                REC_Message
                0x00800217                PROVIDE (__bss_end, .)
                0x00003d6e                __data_load_start = LOADADDR (.data)
                0x00003eca                __data_load_end = (__data_load_start + SIZEOF (.data))

.noinit         0x00800217        0x0
                0x00800217                PROVIDE (__noinit_start, .)
 *(.noinit*)
                0x00800217                PROVIDE (__noinit_end, .)
                0x00800217                _end = .
                0x00800217                PROVIDE (__heap_start, .)

.eeprom         0x00810000        0x0
 *(.eeprom*)
                0x00810000                __eeprom_end = .

.fuse
 *(.fuse)
 *(.lfuse)
 *(.hfuse)
 *(.efuse)

.lock
 *(.lock*)

.signature
 *(.signature*)

.stab           0x00000000     0x4848
 *(.stab)
 .stab          0x00000000      0x804 ./MCAL/USART_Driver_V1/USART_Prog.o
 .stab          0x00000804      0x618 ./MCAL/Timer0_Driver_V5/Timer0_prog.o
                                0x7e0 (size before relaxing)
 .stab          0x00000e1c      0x4a4 ./MCAL/SPI_driver/SPI_Program.o
                                0x4b0 (size before relaxing)
 .stab          0x000012c0      0x708 ./MCAL/EXTI_Driver_V3/EXTI_prg.o
                                0x8d0 (size before relaxing)
 .stab          0x000019c8      0x72c ./MCAL/DIO_V2/DIO_prg.o
                                0x738 (size before relaxing)
 .stab          0x000020f4      0x828 ./HAL/MCP2515_driver_V2/MCP2515_Programe.o
                                0x834 (size before relaxing)
 .stab          0x0000291c      0x4f8 ./HAL/LED_Handler_V1/LED_prog.o
                                0x504 (size before relaxing)
 .stab          0x00002e14      0xf48 ./HAL/LCD_Handler_V2/LCD_prg.o
                               0x10d4 (size before relaxing)
 .stab          0x00003d5c      0x4b0 ./HAL/IR_Remote_V2/IR_Program.o
                                0x66c (size before relaxing)
 .stab          0x0000420c      0x63c ./APP/main.o
                                0x7e0 (size before relaxing)

.stabstr        0x00000000     0x2773
 *(.stabstr)
 .stabstr       0x00000000     0x2773 ./MCAL/USART_Driver_V1/USART_Prog.o

.stab.excl
 *(.stab.excl)

.stab.exclstr
 *(.stab.exclstr)

.stab.index
 *(.stab.index)

.stab.indexstr
 *(.stab.indexstr)

.comment
 *(.comment)

.debug
 *(.debug)

.line
 *(.line)

.debug_srcinfo
 *(.debug_srcinfo)

.debug_sfnames
 *(.debug_sfnames)

.debug_aranges  0x00000000      0x1a0
 *(.debug_aranges)
 .debug_aranges
                0x00000000       0x20 e:/private/courses/embedded/imt diploma/imt tools/sdk/imt_sdk_win_64/winavr/bin/../lib/gcc/avr/4.3.3/avr5\libgcc.a(_fixunssfsi.o)
 .debug_aranges
                0x00000020       0x20 e:/private/courses/embedded/imt diploma/imt tools/sdk/imt_sdk_win_64/winavr/bin/../lib/gcc/avr/4.3.3/avr5\libgcc.a(_addsub_sf.o)
 .debug_aranges
                0x00000040       0x20 e:/private/courses/embedded/imt diploma/imt tools/sdk/imt_sdk_win_64/winavr/bin/../lib/gcc/avr/4.3.3/avr5\libgcc.a(_mul_sf.o)
 .debug_aranges
                0x00000060       0x20 e:/private/courses/embedded/imt diploma/imt tools/sdk/imt_sdk_win_64/winavr/bin/../lib/gcc/avr/4.3.3/avr5\libgcc.a(_div_sf.o)
 .debug_aranges
                0x00000080       0x20 e:/private/courses/embedded/imt diploma/imt tools/sdk/imt_sdk_win_64/winavr/bin/../lib/gcc/avr/4.3.3/avr5\libgcc.a(_gt_sf.o)
 .debug_aranges
                0x000000a0       0x20 e:/private/courses/embedded/imt diploma/imt tools/sdk/imt_sdk_win_64/winavr/bin/../lib/gcc/avr/4.3.3/avr5\libgcc.a(_ge_sf.o)
 .debug_aranges
                0x000000c0       0x20 e:/private/courses/embedded/imt diploma/imt tools/sdk/imt_sdk_win_64/winavr/bin/../lib/gcc/avr/4.3.3/avr5\libgcc.a(_lt_sf.o)
 .debug_aranges
                0x000000e0       0x20 e:/private/courses/embedded/imt diploma/imt tools/sdk/imt_sdk_win_64/winavr/bin/../lib/gcc/avr/4.3.3/avr5\libgcc.a(_sf_to_si.o)
 .debug_aranges
                0x00000100       0x20 e:/private/courses/embedded/imt diploma/imt tools/sdk/imt_sdk_win_64/winavr/bin/../lib/gcc/avr/4.3.3/avr5\libgcc.a(_usi_to_sf.o)
 .debug_aranges
                0x00000120       0x20 e:/private/courses/embedded/imt diploma/imt tools/sdk/imt_sdk_win_64/winavr/bin/../lib/gcc/avr/4.3.3/avr5\libgcc.a(_clzsi2.o)
 .debug_aranges
                0x00000140       0x20 e:/private/courses/embedded/imt diploma/imt tools/sdk/imt_sdk_win_64/winavr/bin/../lib/gcc/avr/4.3.3/avr5\libgcc.a(_pack_sf.o)
 .debug_aranges
                0x00000160       0x20 e:/private/courses/embedded/imt diploma/imt tools/sdk/imt_sdk_win_64/winavr/bin/../lib/gcc/avr/4.3.3/avr5\libgcc.a(_unpack_sf.o)
 .debug_aranges
                0x00000180       0x20 e:/private/courses/embedded/imt diploma/imt tools/sdk/imt_sdk_win_64/winavr/bin/../lib/gcc/avr/4.3.3/avr5\libgcc.a(_fpcmp_parts_sf.o)

.debug_pubnames
                0x00000000      0x1f2
 *(.debug_pubnames)
 .debug_pubnames
                0x00000000       0x23 e:/private/courses/embedded/imt diploma/imt tools/sdk/imt_sdk_win_64/winavr/bin/../lib/gcc/avr/4.3.3/avr5\libgcc.a(_fixunssfsi.o)
 .debug_pubnames
                0x00000023       0x2c e:/private/courses/embedded/imt diploma/imt tools/sdk/imt_sdk_win_64/winavr/bin/../lib/gcc/avr/4.3.3/avr5\libgcc.a(_addsub_sf.o)
 .debug_pubnames
                0x0000004f       0x1f e:/private/courses/embedded/imt diploma/imt tools/sdk/imt_sdk_win_64/winavr/bin/../lib/gcc/avr/4.3.3/avr5\libgcc.a(_mul_sf.o)
 .debug_pubnames
                0x0000006e       0x1f e:/private/courses/embedded/imt diploma/imt tools/sdk/imt_sdk_win_64/winavr/bin/../lib/gcc/avr/4.3.3/avr5\libgcc.a(_div_sf.o)
 .debug_pubnames
                0x0000008d       0x1e e:/private/courses/embedded/imt diploma/imt tools/sdk/imt_sdk_win_64/winavr/bin/../lib/gcc/avr/4.3.3/avr5\libgcc.a(_gt_sf.o)
 .debug_pubnames
                0x000000ab       0x1e e:/private/courses/embedded/imt diploma/imt tools/sdk/imt_sdk_win_64/winavr/bin/../lib/gcc/avr/4.3.3/avr5\libgcc.a(_ge_sf.o)
 .debug_pubnames
                0x000000c9       0x1e e:/private/courses/embedded/imt diploma/imt tools/sdk/imt_sdk_win_64/winavr/bin/../lib/gcc/avr/4.3.3/avr5\libgcc.a(_lt_sf.o)
 .debug_pubnames
                0x000000e7       0x20 e:/private/courses/embedded/imt diploma/imt tools/sdk/imt_sdk_win_64/winavr/bin/../lib/gcc/avr/4.3.3/avr5\libgcc.a(_sf_to_si.o)
 .debug_pubnames
                0x00000107       0x22 e:/private/courses/embedded/imt diploma/imt tools/sdk/imt_sdk_win_64/winavr/bin/../lib/gcc/avr/4.3.3/avr5\libgcc.a(_thenan_sf.o)
 .debug_pubnames
                0x00000129       0x24 e:/private/courses/embedded/imt diploma/imt tools/sdk/imt_sdk_win_64/winavr/bin/../lib/gcc/avr/4.3.3/avr5\libgcc.a(_usi_to_sf.o)
 .debug_pubnames
                0x0000014d       0x1f e:/private/courses/embedded/imt diploma/imt tools/sdk/imt_sdk_win_64/winavr/bin/../lib/gcc/avr/4.3.3/avr5\libgcc.a(_clzsi2.o)
 .debug_pubnames
                0x0000016c       0x1f e:/private/courses/embedded/imt diploma/imt tools/sdk/imt_sdk_win_64/winavr/bin/../lib/gcc/avr/4.3.3/avr5\libgcc.a(_pack_sf.o)
 .debug_pubnames
                0x0000018b       0x21 e:/private/courses/embedded/imt diploma/imt tools/sdk/imt_sdk_win_64/winavr/bin/../lib/gcc/avr/4.3.3/avr5\libgcc.a(_unpack_sf.o)
 .debug_pubnames
                0x000001ac       0x26 e:/private/courses/embedded/imt diploma/imt tools/sdk/imt_sdk_win_64/winavr/bin/../lib/gcc/avr/4.3.3/avr5\libgcc.a(_fpcmp_parts_sf.o)
 .debug_pubnames
                0x000001d2       0x20 e:/private/courses/embedded/imt diploma/imt tools/sdk/imt_sdk_win_64/winavr/bin/../lib/gcc/avr/4.3.3/avr5\libgcc.a(_clz.o)

.debug_info     0x00000000     0x240b
 *(.debug_info)
 .debug_info    0x00000000       0xb1 e:/private/courses/embedded/imt diploma/imt tools/sdk/imt_sdk_win_64/winavr/bin/../lib/gcc/avr/4.3.3/avr5\libgcc.a(_fixunssfsi.o)
 .debug_info    0x000000b1      0x47a e:/private/courses/embedded/imt diploma/imt tools/sdk/imt_sdk_win_64/winavr/bin/../lib/gcc/avr/4.3.3/avr5\libgcc.a(_addsub_sf.o)
 .debug_info    0x0000052b      0x485 e:/private/courses/embedded/imt diploma/imt tools/sdk/imt_sdk_win_64/winavr/bin/../lib/gcc/avr/4.3.3/avr5\libgcc.a(_mul_sf.o)
 .debug_info    0x000009b0      0x3fc e:/private/courses/embedded/imt diploma/imt tools/sdk/imt_sdk_win_64/winavr/bin/../lib/gcc/avr/4.3.3/avr5\libgcc.a(_div_sf.o)
 .debug_info    0x00000dac      0x27f e:/private/courses/embedded/imt diploma/imt tools/sdk/imt_sdk_win_64/winavr/bin/../lib/gcc/avr/4.3.3/avr5\libgcc.a(_gt_sf.o)
 .debug_info    0x0000102b      0x27f e:/private/courses/embedded/imt diploma/imt tools/sdk/imt_sdk_win_64/winavr/bin/../lib/gcc/avr/4.3.3/avr5\libgcc.a(_ge_sf.o)
 .debug_info    0x000012aa      0x27f e:/private/courses/embedded/imt diploma/imt tools/sdk/imt_sdk_win_64/winavr/bin/../lib/gcc/avr/4.3.3/avr5\libgcc.a(_lt_sf.o)
 .debug_info    0x00001529      0x2b0 e:/private/courses/embedded/imt diploma/imt tools/sdk/imt_sdk_win_64/winavr/bin/../lib/gcc/avr/4.3.3/avr5\libgcc.a(_sf_to_si.o)
 .debug_info    0x000017d9      0x12c e:/private/courses/embedded/imt diploma/imt tools/sdk/imt_sdk_win_64/winavr/bin/../lib/gcc/avr/4.3.3/avr5\libgcc.a(_thenan_sf.o)
 .debug_info    0x00001905      0x206 e:/private/courses/embedded/imt diploma/imt tools/sdk/imt_sdk_win_64/winavr/bin/../lib/gcc/avr/4.3.3/avr5\libgcc.a(_usi_to_sf.o)
 .debug_info    0x00001b0b      0x117 e:/private/courses/embedded/imt diploma/imt tools/sdk/imt_sdk_win_64/winavr/bin/../lib/gcc/avr/4.3.3/avr5\libgcc.a(_clzsi2.o)
 .debug_info    0x00001c22      0x2df e:/private/courses/embedded/imt diploma/imt tools/sdk/imt_sdk_win_64/winavr/bin/../lib/gcc/avr/4.3.3/avr5\libgcc.a(_pack_sf.o)
 .debug_info    0x00001f01      0x251 e:/private/courses/embedded/imt diploma/imt tools/sdk/imt_sdk_win_64/winavr/bin/../lib/gcc/avr/4.3.3/avr5\libgcc.a(_unpack_sf.o)
 .debug_info    0x00002152      0x210 e:/private/courses/embedded/imt diploma/imt tools/sdk/imt_sdk_win_64/winavr/bin/../lib/gcc/avr/4.3.3/avr5\libgcc.a(_fpcmp_parts_sf.o)
 .debug_info    0x00002362       0xa9 e:/private/courses/embedded/imt diploma/imt tools/sdk/imt_sdk_win_64/winavr/bin/../lib/gcc/avr/4.3.3/avr5\libgcc.a(_clz.o)
 *(.gnu.linkonce.wi.*)

.debug_abbrev   0x00000000     0x1386
 *(.debug_abbrev)
 .debug_abbrev  0x00000000       0x5d e:/private/courses/embedded/imt diploma/imt tools/sdk/imt_sdk_win_64/winavr/bin/../lib/gcc/avr/4.3.3/avr5\libgcc.a(_fixunssfsi.o)
 .debug_abbrev  0x0000005d      0x1ea e:/private/courses/embedded/imt diploma/imt tools/sdk/imt_sdk_win_64/winavr/bin/../lib/gcc/avr/4.3.3/avr5\libgcc.a(_addsub_sf.o)
 .debug_abbrev  0x00000247      0x21b e:/private/courses/embedded/imt diploma/imt tools/sdk/imt_sdk_win_64/winavr/bin/../lib/gcc/avr/4.3.3/avr5\libgcc.a(_mul_sf.o)
 .debug_abbrev  0x00000462      0x216 e:/private/courses/embedded/imt diploma/imt tools/sdk/imt_sdk_win_64/winavr/bin/../lib/gcc/avr/4.3.3/avr5\libgcc.a(_div_sf.o)
 .debug_abbrev  0x00000678      0x15a e:/private/courses/embedded/imt diploma/imt tools/sdk/imt_sdk_win_64/winavr/bin/../lib/gcc/avr/4.3.3/avr5\libgcc.a(_gt_sf.o)
 .debug_abbrev  0x000007d2      0x15a e:/private/courses/embedded/imt diploma/imt tools/sdk/imt_sdk_win_64/winavr/bin/../lib/gcc/avr/4.3.3/avr5\libgcc.a(_ge_sf.o)
 .debug_abbrev  0x0000092c      0x15a e:/private/courses/embedded/imt diploma/imt tools/sdk/imt_sdk_win_64/winavr/bin/../lib/gcc/avr/4.3.3/avr5\libgcc.a(_lt_sf.o)
 .debug_abbrev  0x00000a86      0x17f e:/private/courses/embedded/imt diploma/imt tools/sdk/imt_sdk_win_64/winavr/bin/../lib/gcc/avr/4.3.3/avr5\libgcc.a(_sf_to_si.o)
 .debug_abbrev  0x00000c05       0xad e:/private/courses/embedded/imt diploma/imt tools/sdk/imt_sdk_win_64/winavr/bin/../lib/gcc/avr/4.3.3/avr5\libgcc.a(_thenan_sf.o)
 .debug_abbrev  0x00000cb2      0x157 e:/private/courses/embedded/imt diploma/imt tools/sdk/imt_sdk_win_64/winavr/bin/../lib/gcc/avr/4.3.3/avr5\libgcc.a(_usi_to_sf.o)
 .debug_abbrev  0x00000e09       0xc4 e:/private/courses/embedded/imt diploma/imt tools/sdk/imt_sdk_win_64/winavr/bin/../lib/gcc/avr/4.3.3/avr5\libgcc.a(_clzsi2.o)
 .debug_abbrev  0x00000ecd      0x1c0 e:/private/courses/embedded/imt diploma/imt tools/sdk/imt_sdk_win_64/winavr/bin/../lib/gcc/avr/4.3.3/avr5\libgcc.a(_pack_sf.o)
 .debug_abbrev  0x0000108d      0x154 e:/private/courses/embedded/imt diploma/imt tools/sdk/imt_sdk_win_64/winavr/bin/../lib/gcc/avr/4.3.3/avr5\libgcc.a(_unpack_sf.o)
 .debug_abbrev  0x000011e1      0x13b e:/private/courses/embedded/imt diploma/imt tools/sdk/imt_sdk_win_64/winavr/bin/../lib/gcc/avr/4.3.3/avr5\libgcc.a(_fpcmp_parts_sf.o)
 .debug_abbrev  0x0000131c       0x6a e:/private/courses/embedded/imt diploma/imt tools/sdk/imt_sdk_win_64/winavr/bin/../lib/gcc/avr/4.3.3/avr5\libgcc.a(_clz.o)

.debug_line     0x00000000     0x11d6
 *(.debug_line)
 .debug_line    0x00000000       0xa7 e:/private/courses/embedded/imt diploma/imt tools/sdk/imt_sdk_win_64/winavr/bin/../lib/gcc/avr/4.3.3/avr5\libgcc.a(_fixunssfsi.o)
 .debug_line    0x000000a7      0x2af e:/private/courses/embedded/imt diploma/imt tools/sdk/imt_sdk_win_64/winavr/bin/../lib/gcc/avr/4.3.3/avr5\libgcc.a(_addsub_sf.o)
 .debug_line    0x00000356      0x239 e:/private/courses/embedded/imt diploma/imt tools/sdk/imt_sdk_win_64/winavr/bin/../lib/gcc/avr/4.3.3/avr5\libgcc.a(_mul_sf.o)
 .debug_line    0x0000058f      0x1d5 e:/private/courses/embedded/imt diploma/imt tools/sdk/imt_sdk_win_64/winavr/bin/../lib/gcc/avr/4.3.3/avr5\libgcc.a(_div_sf.o)
 .debug_line    0x00000764       0xd3 e:/private/courses/embedded/imt diploma/imt tools/sdk/imt_sdk_win_64/winavr/bin/../lib/gcc/avr/4.3.3/avr5\libgcc.a(_gt_sf.o)
 .debug_line    0x00000837       0xd3 e:/private/courses/embedded/imt diploma/imt tools/sdk/imt_sdk_win_64/winavr/bin/../lib/gcc/avr/4.3.3/avr5\libgcc.a(_ge_sf.o)
 .debug_line    0x0000090a       0xd3 e:/private/courses/embedded/imt diploma/imt tools/sdk/imt_sdk_win_64/winavr/bin/../lib/gcc/avr/4.3.3/avr5\libgcc.a(_lt_sf.o)
 .debug_line    0x000009dd      0x109 e:/private/courses/embedded/imt diploma/imt tools/sdk/imt_sdk_win_64/winavr/bin/../lib/gcc/avr/4.3.3/avr5\libgcc.a(_sf_to_si.o)
 .debug_line    0x00000ae6       0x90 e:/private/courses/embedded/imt diploma/imt tools/sdk/imt_sdk_win_64/winavr/bin/../lib/gcc/avr/4.3.3/avr5\libgcc.a(_thenan_sf.o)
 .debug_line    0x00000b76      0x133 e:/private/courses/embedded/imt diploma/imt tools/sdk/imt_sdk_win_64/winavr/bin/../lib/gcc/avr/4.3.3/avr5\libgcc.a(_usi_to_sf.o)
 .debug_line    0x00000ca9       0xa5 e:/private/courses/embedded/imt diploma/imt tools/sdk/imt_sdk_win_64/winavr/bin/../lib/gcc/avr/4.3.3/avr5\libgcc.a(_clzsi2.o)
 .debug_line    0x00000d4e      0x18a e:/private/courses/embedded/imt diploma/imt tools/sdk/imt_sdk_win_64/winavr/bin/../lib/gcc/avr/4.3.3/avr5\libgcc.a(_pack_sf.o)
 .debug_line    0x00000ed8      0x14b e:/private/courses/embedded/imt diploma/imt tools/sdk/imt_sdk_win_64/winavr/bin/../lib/gcc/avr/4.3.3/avr5\libgcc.a(_unpack_sf.o)
 .debug_line    0x00001023      0x137 e:/private/courses/embedded/imt diploma/imt tools/sdk/imt_sdk_win_64/winavr/bin/../lib/gcc/avr/4.3.3/avr5\libgcc.a(_fpcmp_parts_sf.o)
 .debug_line    0x0000115a       0x7c e:/private/courses/embedded/imt diploma/imt tools/sdk/imt_sdk_win_64/winavr/bin/../lib/gcc/avr/4.3.3/avr5\libgcc.a(_clz.o)

.debug_frame    0x00000000      0x1c0
 *(.debug_frame)
 .debug_frame   0x00000000       0x20 e:/private/courses/embedded/imt diploma/imt tools/sdk/imt_sdk_win_64/winavr/bin/../lib/gcc/avr/4.3.3/avr5\libgcc.a(_fixunssfsi.o)
 .debug_frame   0x00000020       0x40 e:/private/courses/embedded/imt diploma/imt tools/sdk/imt_sdk_win_64/winavr/bin/../lib/gcc/avr/4.3.3/avr5\libgcc.a(_addsub_sf.o)
 .debug_frame   0x00000060       0x20 e:/private/courses/embedded/imt diploma/imt tools/sdk/imt_sdk_win_64/winavr/bin/../lib/gcc/avr/4.3.3/avr5\libgcc.a(_mul_sf.o)
 .debug_frame   0x00000080       0x20 e:/private/courses/embedded/imt diploma/imt tools/sdk/imt_sdk_win_64/winavr/bin/../lib/gcc/avr/4.3.3/avr5\libgcc.a(_div_sf.o)
 .debug_frame   0x000000a0       0x20 e:/private/courses/embedded/imt diploma/imt tools/sdk/imt_sdk_win_64/winavr/bin/../lib/gcc/avr/4.3.3/avr5\libgcc.a(_gt_sf.o)
 .debug_frame   0x000000c0       0x20 e:/private/courses/embedded/imt diploma/imt tools/sdk/imt_sdk_win_64/winavr/bin/../lib/gcc/avr/4.3.3/avr5\libgcc.a(_ge_sf.o)
 .debug_frame   0x000000e0       0x20 e:/private/courses/embedded/imt diploma/imt tools/sdk/imt_sdk_win_64/winavr/bin/../lib/gcc/avr/4.3.3/avr5\libgcc.a(_lt_sf.o)
 .debug_frame   0x00000100       0x20 e:/private/courses/embedded/imt diploma/imt tools/sdk/imt_sdk_win_64/winavr/bin/../lib/gcc/avr/4.3.3/avr5\libgcc.a(_sf_to_si.o)
 .debug_frame   0x00000120       0x20 e:/private/courses/embedded/imt diploma/imt tools/sdk/imt_sdk_win_64/winavr/bin/../lib/gcc/avr/4.3.3/avr5\libgcc.a(_usi_to_sf.o)
 .debug_frame   0x00000140       0x20 e:/private/courses/embedded/imt diploma/imt tools/sdk/imt_sdk_win_64/winavr/bin/../lib/gcc/avr/4.3.3/avr5\libgcc.a(_clzsi2.o)
 .debug_frame   0x00000160       0x20 e:/private/courses/embedded/imt diploma/imt tools/sdk/imt_sdk_win_64/winavr/bin/../lib/gcc/avr/4.3.3/avr5\libgcc.a(_pack_sf.o)
 .debug_frame   0x00000180       0x20 e:/private/courses/embedded/imt diploma/imt tools/sdk/imt_sdk_win_64/winavr/bin/../lib/gcc/avr/4.3.3/avr5\libgcc.a(_unpack_sf.o)
 .debug_frame   0x000001a0       0x20 e:/private/courses/embedded/imt diploma/imt tools/sdk/imt_sdk_win_64/winavr/bin/../lib/gcc/avr/4.3.3/avr5\libgcc.a(_fpcmp_parts_sf.o)

.debug_str      0x00000000      0x2f6
 *(.debug_str)
 .debug_str     0x00000000       0xbf e:/private/courses/embedded/imt diploma/imt tools/sdk/imt_sdk_win_64/winavr/bin/../lib/gcc/avr/4.3.3/avr5\libgcc.a(_fixunssfsi.o)
                                 0xfe (size before relaxing)
 .debug_str     0x000000bf      0x14d e:/private/courses/embedded/imt diploma/imt tools/sdk/imt_sdk_win_64/winavr/bin/../lib/gcc/avr/4.3.3/avr5\libgcc.a(_addsub_sf.o)
                                0x206 (size before relaxing)
 .debug_str     0x0000020c       0x27 e:/private/courses/embedded/imt diploma/imt tools/sdk/imt_sdk_win_64/winavr/bin/../lib/gcc/avr/4.3.3/avr5\libgcc.a(_mul_sf.o)
                                0x1bf (size before relaxing)
 .debug_str     0x00000233       0x35 e:/private/courses/embedded/imt diploma/imt tools/sdk/imt_sdk_win_64/winavr/bin/../lib/gcc/avr/4.3.3/avr5\libgcc.a(_div_sf.o)
                                0x1c8 (size before relaxing)
 .debug_str     0x00000268        0x8 e:/private/courses/embedded/imt diploma/imt tools/sdk/imt_sdk_win_64/winavr/bin/../lib/gcc/avr/4.3.3/avr5\libgcc.a(_gt_sf.o)
                                0x195 (size before relaxing)
 .debug_str     0x00000270        0x8 e:/private/courses/embedded/imt diploma/imt tools/sdk/imt_sdk_win_64/winavr/bin/../lib/gcc/avr/4.3.3/avr5\libgcc.a(_ge_sf.o)
                                0x195 (size before relaxing)
 .debug_str     0x00000278        0x8 e:/private/courses/embedded/imt diploma/imt tools/sdk/imt_sdk_win_64/winavr/bin/../lib/gcc/avr/4.3.3/avr5\libgcc.a(_lt_sf.o)
                                0x195 (size before relaxing)
 .debug_str     0x00000280        0xa e:/private/courses/embedded/imt diploma/imt tools/sdk/imt_sdk_win_64/winavr/bin/../lib/gcc/avr/4.3.3/avr5\libgcc.a(_sf_to_si.o)
                                0x19e (size before relaxing)
 .debug_str     0x00000000      0x103 e:/private/courses/embedded/imt diploma/imt tools/sdk/imt_sdk_win_64/winavr/bin/../lib/gcc/avr/4.3.3/avr5\libgcc.a(_thenan_sf.o)
 .debug_str     0x0000028a       0x21 e:/private/courses/embedded/imt diploma/imt tools/sdk/imt_sdk_win_64/winavr/bin/../lib/gcc/avr/4.3.3/avr5\libgcc.a(_usi_to_sf.o)
                                0x177 (size before relaxing)
 .debug_str     0x000002ab       0x20 e:/private/courses/embedded/imt diploma/imt tools/sdk/imt_sdk_win_64/winavr/bin/../lib/gcc/avr/4.3.3/avr5\libgcc.a(_clzsi2.o)
                                0x111 (size before relaxing)
 .debug_str     0x000002cb       0x10 e:/private/courses/embedded/imt diploma/imt tools/sdk/imt_sdk_win_64/winavr/bin/../lib/gcc/avr/4.3.3/avr5\libgcc.a(_pack_sf.o)
                                0x19d (size before relaxing)
 .debug_str     0x000002db        0xb e:/private/courses/embedded/imt diploma/imt tools/sdk/imt_sdk_win_64/winavr/bin/../lib/gcc/avr/4.3.3/avr5\libgcc.a(_unpack_sf.o)
                                0x17f (size before relaxing)
 .debug_str     0x000002e6       0x10 e:/private/courses/embedded/imt diploma/imt tools/sdk/imt_sdk_win_64/winavr/bin/../lib/gcc/avr/4.3.3/avr5\libgcc.a(_fpcmp_parts_sf.o)
                                0x163 (size before relaxing)
 .debug_str     0x00000000       0xf4 e:/private/courses/embedded/imt diploma/imt tools/sdk/imt_sdk_win_64/winavr/bin/../lib/gcc/avr/4.3.3/avr5\libgcc.a(_clz.o)

.debug_loc      0x00000000      0x96e
 *(.debug_loc)
 .debug_loc     0x00000000       0x34 e:/private/courses/embedded/imt diploma/imt tools/sdk/imt_sdk_win_64/winavr/bin/../lib/gcc/avr/4.3.3/avr5\libgcc.a(_fixunssfsi.o)
 .debug_loc     0x00000034      0x32a e:/private/courses/embedded/imt diploma/imt tools/sdk/imt_sdk_win_64/winavr/bin/../lib/gcc/avr/4.3.3/avr5\libgcc.a(_addsub_sf.o)
 .debug_loc     0x0000035e      0x104 e:/private/courses/embedded/imt diploma/imt tools/sdk/imt_sdk_win_64/winavr/bin/../lib/gcc/avr/4.3.3/avr5\libgcc.a(_mul_sf.o)
 .debug_loc     0x00000462       0xc0 e:/private/courses/embedded/imt diploma/imt tools/sdk/imt_sdk_win_64/winavr/bin/../lib/gcc/avr/4.3.3/avr5\libgcc.a(_div_sf.o)
 .debug_loc     0x00000522       0x3c e:/private/courses/embedded/imt diploma/imt tools/sdk/imt_sdk_win_64/winavr/bin/../lib/gcc/avr/4.3.3/avr5\libgcc.a(_gt_sf.o)
 .debug_loc     0x0000055e       0x3c e:/private/courses/embedded/imt diploma/imt tools/sdk/imt_sdk_win_64/winavr/bin/../lib/gcc/avr/4.3.3/avr5\libgcc.a(_ge_sf.o)
 .debug_loc     0x0000059a       0x3c e:/private/courses/embedded/imt diploma/imt tools/sdk/imt_sdk_win_64/winavr/bin/../lib/gcc/avr/4.3.3/avr5\libgcc.a(_lt_sf.o)
 .debug_loc     0x000005d6       0x7e e:/private/courses/embedded/imt diploma/imt tools/sdk/imt_sdk_win_64/winavr/bin/../lib/gcc/avr/4.3.3/avr5\libgcc.a(_sf_to_si.o)
 .debug_loc     0x00000654       0x4c e:/private/courses/embedded/imt diploma/imt tools/sdk/imt_sdk_win_64/winavr/bin/../lib/gcc/avr/4.3.3/avr5\libgcc.a(_usi_to_sf.o)
 .debug_loc     0x000006a0       0x94 e:/private/courses/embedded/imt diploma/imt tools/sdk/imt_sdk_win_64/winavr/bin/../lib/gcc/avr/4.3.3/avr5\libgcc.a(_clzsi2.o)
 .debug_loc     0x00000734      0x13e e:/private/courses/embedded/imt diploma/imt tools/sdk/imt_sdk_win_64/winavr/bin/../lib/gcc/avr/4.3.3/avr5\libgcc.a(_pack_sf.o)
 .debug_loc     0x00000872       0xac e:/private/courses/embedded/imt diploma/imt tools/sdk/imt_sdk_win_64/winavr/bin/../lib/gcc/avr/4.3.3/avr5\libgcc.a(_unpack_sf.o)
 .debug_loc     0x0000091e       0x50 e:/private/courses/embedded/imt diploma/imt tools/sdk/imt_sdk_win_64/winavr/bin/../lib/gcc/avr/4.3.3/avr5\libgcc.a(_fpcmp_parts_sf.o)

.debug_macinfo
 *(.debug_macinfo)
OUTPUT(Interfacing_Node.elf elf32-avr)
LOAD linker stubs

.debug_ranges   0x00000000       0x50
 .debug_ranges  0x00000000       0x50 e:/private/courses/embedded/imt diploma/imt tools/sdk/imt_sdk_win_64/winavr/bin/../lib/gcc/avr/4.3.3/avr5\libgcc.a(_mul_sf.o)
