Archive member included because of file (symbol)

e:/private/courses/embedded/imt diploma/imt tools/sdk/imt_sdk_win_64/winavr/bin/../lib/gcc/avr/4.3.3/avr5\libgcc.a(_udivmodhi4.o)
                              ./HAL/LCD_Handler_V2/LCD_prg.o (__udivmodhi4)
e:/private/courses/embedded/imt diploma/imt tools/sdk/imt_sdk_win_64/winavr/bin/../lib/gcc/avr/4.3.3/avr5\libgcc.a(_exit.o)
                              e:/private/courses/embedded/imt diploma/imt tools/sdk/imt_sdk_win_64/winavr/bin/../lib/gcc/avr/4.3.3/../../../../avr/lib/avr5/crtm32.o (exit)
e:/private/courses/embedded/imt diploma/imt tools/sdk/imt_sdk_win_64/winavr/bin/../lib/gcc/avr/4.3.3/avr5\libgcc.a(_copy_data.o)
                              ./APP/main.o (__do_copy_data)
e:/private/courses/embedded/imt diploma/imt tools/sdk/imt_sdk_win_64/winavr/bin/../lib/gcc/avr/4.3.3/avr5\libgcc.a(_clear_bss.o)
                              ./MCAL/USART_Driver_V1/USART_Prog.o (__do_clear_bss)
e:/private/courses/embedded/imt diploma/imt tools/sdk/imt_sdk_win_64/winavr/bin/../lib/gcc/avr/4.3.3/avr5\libgcc.a(_fixunssfsi.o)
                              ./HAL/LCD_Handler_V2/LCD_prg.o (__fixunssfsi)
e:/private/courses/embedded/imt diploma/imt tools/sdk/imt_sdk_win_64/winavr/bin/../lib/gcc/avr/4.3.3/avr5\libgcc.a(_addsub_sf.o)
                              e:/private/courses/embedded/imt diploma/imt tools/sdk/imt_sdk_win_64/winavr/bin/../lib/gcc/avr/4.3.3/avr5\libgcc.a(_fixunssfsi.o) (__subsf3)
e:/private/courses/embedded/imt diploma/imt tools/sdk/imt_sdk_win_64/winavr/bin/../lib/gcc/avr/4.3.3/avr5\libgcc.a(_mul_sf.o)
                              ./HAL/LCD_Handler_V2/LCD_prg.o (__mulsf3)
e:/private/courses/embedded/imt diploma/imt tools/sdk/imt_sdk_win_64/winavr/bin/../lib/gcc/avr/4.3.3/avr5\libgcc.a(_div_sf.o)
                              ./HAL/LCD_Handler_V2/LCD_prg.o (__divsf3)
e:/private/courses/embedded/imt diploma/imt tools/sdk/imt_sdk_win_64/winavr/bin/../lib/gcc/avr/4.3.3/avr5\libgcc.a(_gt_sf.o)
                              ./HAL/LCD_Handler_V2/LCD_prg.o (__gtsf2)
e:/private/courses/embedded/imt diploma/imt tools/sdk/imt_sdk_win_64/winavr/bin/../lib/gcc/avr/4.3.3/avr5\libgcc.a(_ge_sf.o)
                              e:/private/courses/embedded/imt diploma/imt tools/sdk/imt_sdk_win_64/winavr/bin/../lib/gcc/avr/4.3.3/avr5\libgcc.a(_fixunssfsi.o) (__gesf2)
e:/private/courses/embedded/imt diploma/imt tools/sdk/imt_sdk_win_64/winavr/bin/../lib/gcc/avr/4.3.3/avr5\libgcc.a(_lt_sf.o)
                              ./HAL/LCD_Handler_V2/LCD_prg.o (__ltsf2)
e:/private/courses/embedded/imt diploma/imt tools/sdk/imt_sdk_win_64/winavr/bin/../lib/gcc/avr/4.3.3/avr5\libgcc.a(_sf_to_si.o)
                              e:/private/courses/embedded/imt diploma/imt tools/sdk/imt_sdk_win_64/winavr/bin/../lib/gcc/avr/4.3.3/avr5\libgcc.a(_fixunssfsi.o) (__fixsfsi)
e:/private/courses/embedded/imt diploma/imt tools/sdk/imt_sdk_win_64/winavr/bin/../lib/gcc/avr/4.3.3/avr5\libgcc.a(_thenan_sf.o)
                              e:/private/courses/embedded/imt diploma/imt tools/sdk/imt_sdk_win_64/winavr/bin/../lib/gcc/avr/4.3.3/avr5\libgcc.a(_addsub_sf.o) (__thenan_sf)
e:/private/courses/embedded/imt diploma/imt tools/sdk/imt_sdk_win_64/winavr/bin/../lib/gcc/avr/4.3.3/avr5\libgcc.a(_prologue.o)
                              e:/private/courses/embedded/imt diploma/imt tools/sdk/imt_sdk_win_64/winavr/bin/../lib/gcc/avr/4.3.3/avr5\libgcc.a(_addsub_sf.o) (__prologue_saves__)
e:/private/courses/embedded/imt diploma/imt tools/sdk/imt_sdk_win_64/winavr/bin/../lib/gcc/avr/4.3.3/avr5\libgcc.a(_epilogue.o)
                              e:/private/courses/embedded/imt diploma/imt tools/sdk/imt_sdk_win_64/winavr/bin/../lib/gcc/avr/4.3.3/avr5\libgcc.a(_addsub_sf.o) (__epilogue_restores__)
e:/private/courses/embedded/imt diploma/imt tools/sdk/imt_sdk_win_64/winavr/bin/../lib/gcc/avr/4.3.3/avr5\libgcc.a(_pack_sf.o)
                              e:/private/courses/embedded/imt diploma/imt tools/sdk/imt_sdk_win_64/winavr/bin/../lib/gcc/avr/4.3.3/avr5\libgcc.a(_addsub_sf.o) (__pack_f)
e:/private/courses/embedded/imt diploma/imt tools/sdk/imt_sdk_win_64/winavr/bin/../lib/gcc/avr/4.3.3/avr5\libgcc.a(_unpack_sf.o)
                              e:/private/courses/embedded/imt diploma/imt tools/sdk/imt_sdk_win_64/winavr/bin/../lib/gcc/avr/4.3.3/avr5\libgcc.a(_addsub_sf.o) (__unpack_f)
e:/private/courses/embedded/imt diploma/imt tools/sdk/imt_sdk_win_64/winavr/bin/../lib/gcc/avr/4.3.3/avr5\libgcc.a(_fpcmp_parts_sf.o)
                              e:/private/courses/embedded/imt diploma/imt tools/sdk/imt_sdk_win_64/winavr/bin/../lib/gcc/avr/4.3.3/avr5\libgcc.a(_gt_sf.o) (__fpcmp_parts_f)

Allocating common symbols
Common symbol       size              file

REC_Message         0x10              ./HAL/MCP2515_driver/MCP2515_Programe.o

Memory Configuration

Name             Origin             Length             Attributes
text             0x00000000         0x00020000         xr
data             0x00800060         0x0000ffa0         rw !x
eeprom           0x00810000         0x00010000         rw !x
fuse             0x00820000         0x00000400         rw !x
lock             0x00830000         0x00000400         rw !x
signature        0x00840000         0x00000400         rw !x
*default*        0x00000000         0xffffffff

Linker script and memory map

LOAD e:/private/courses/embedded/imt diploma/imt tools/sdk/imt_sdk_win_64/winavr/bin/../lib/gcc/avr/4.3.3/../../../../avr/lib/avr5/crtm32.o
LOAD ./MCAL/USART_Driver_V1/USART_Prog.o
LOAD ./MCAL/SPI_driver/SPI_Program.o
LOAD ./MCAL/EXTI_Driver_V3/EXTI_prg.o
LOAD ./MCAL/DIO_V2/DIO_prg.o
LOAD ./HAL/MCP2515_driver/MCP2515_Programe.o
LOAD ./HAL/LCD_Handler_V2/LCD_prg.o
LOAD ./APP/main.o
LOAD e:/private/courses/embedded/imt diploma/imt tools/sdk/imt_sdk_win_64/winavr/bin/../lib/gcc/avr/4.3.3/avr5\libgcc.a
LOAD e:/private/courses/embedded/imt diploma/imt tools/sdk/imt_sdk_win_64/winavr/bin/../lib/gcc/avr/4.3.3/../../../../avr/lib/avr5\libc.a
LOAD e:/private/courses/embedded/imt diploma/imt tools/sdk/imt_sdk_win_64/winavr/bin/../lib/gcc/avr/4.3.3/avr5\libgcc.a

.hash
 *(.hash)

.dynsym
 *(.dynsym)

.dynstr
 *(.dynstr)

.gnu.version
 *(.gnu.version)

.gnu.version_d
 *(.gnu.version_d)

.gnu.version_r
 *(.gnu.version_r)

.rel.init
 *(.rel.init)

.rela.init
 *(.rela.init)

.rel.text
 *(.rel.text)
 *(.rel.text.*)
 *(.rel.gnu.linkonce.t*)

.rela.text
 *(.rela.text)
 *(.rela.text.*)
 *(.rela.gnu.linkonce.t*)

.rel.fini
 *(.rel.fini)

.rela.fini
 *(.rela.fini)

.rel.rodata
 *(.rel.rodata)
 *(.rel.rodata.*)
 *(.rel.gnu.linkonce.r*)

.rela.rodata
 *(.rela.rodata)
 *(.rela.rodata.*)
 *(.rela.gnu.linkonce.r*)

.rel.data
 *(.rel.data)
 *(.rel.data.*)
 *(.rel.gnu.linkonce.d*)

.rela.data
 *(.rela.data)
 *(.rela.data.*)
 *(.rela.gnu.linkonce.d*)

.rel.ctors
 *(.rel.ctors)

.rela.ctors
 *(.rela.ctors)

.rel.dtors
 *(.rel.dtors)

.rela.dtors
 *(.rela.dtors)

.rel.got
 *(.rel.got)

.rela.got
 *(.rela.got)

.rel.bss
 *(.rel.bss)

.rela.bss
 *(.rela.bss)

.rel.plt
 *(.rel.plt)

.rela.plt
 *(.rela.plt)

.text           0x00000000     0x34a6
 *(.vectors)
 .vectors       0x00000000       0x54 e:/private/courses/embedded/imt diploma/imt tools/sdk/imt_sdk_win_64/winavr/bin/../lib/gcc/avr/4.3.3/../../../../avr/lib/avr5/crtm32.o
                0x00000000                __vectors
                0x00000000                __vector_default
 *(.vectors)
 *(.progmem.gcc*)
 *(.progmem*)
                0x00000054                . = ALIGN (0x2)
                0x00000054                __trampolines_start = .
 *(.trampolines)
 .trampolines   0x00000054        0x0 linker stubs
 *(.trampolines*)
                0x00000054                __trampolines_end = .
 *(.jumptables)
 *(.jumptables*)
 *(.lowtext)
 *(.lowtext*)
                0x00000054                __ctors_start = .
 *(.ctors)
                0x00000054                __ctors_end = .
                0x00000054                __dtors_start = .
 *(.dtors)
                0x00000054                __dtors_end = .
 SORT(*)(.ctors)
 SORT(*)(.dtors)
 *(.init0)
 .init0         0x00000054        0x0 e:/private/courses/embedded/imt diploma/imt tools/sdk/imt_sdk_win_64/winavr/bin/../lib/gcc/avr/4.3.3/../../../../avr/lib/avr5/crtm32.o
                0x00000054                __init
 *(.init0)
 *(.init1)
 *(.init1)
 *(.init2)
 .init2         0x00000054        0xc e:/private/courses/embedded/imt diploma/imt tools/sdk/imt_sdk_win_64/winavr/bin/../lib/gcc/avr/4.3.3/../../../../avr/lib/avr5/crtm32.o
 *(.init2)
 *(.init3)
 *(.init3)
 *(.init4)
 .init4         0x00000060       0x16 e:/private/courses/embedded/imt diploma/imt tools/sdk/imt_sdk_win_64/winavr/bin/../lib/gcc/avr/4.3.3/avr5\libgcc.a(_copy_data.o)
                0x00000060                __do_copy_data
 .init4         0x00000076       0x10 e:/private/courses/embedded/imt diploma/imt tools/sdk/imt_sdk_win_64/winavr/bin/../lib/gcc/avr/4.3.3/avr5\libgcc.a(_clear_bss.o)
                0x00000076                __do_clear_bss
 *(.init4)
 *(.init5)
 *(.init5)
 *(.init6)
 *(.init6)
 *(.init7)
 *(.init7)
 *(.init8)
 *(.init8)
 *(.init9)
 .init9         0x00000086        0x8 e:/private/courses/embedded/imt diploma/imt tools/sdk/imt_sdk_win_64/winavr/bin/../lib/gcc/avr/4.3.3/../../../../avr/lib/avr5/crtm32.o
 *(.init9)
 *(.text)
 .text          0x0000008e        0x4 e:/private/courses/embedded/imt diploma/imt tools/sdk/imt_sdk_win_64/winavr/bin/../lib/gcc/avr/4.3.3/../../../../avr/lib/avr5/crtm32.o
                0x0000008e                __vector_12
                0x0000008e                __bad_interrupt
                0x0000008e                __vector_6
                0x0000008e                __vector_11
                0x0000008e                __vector_17
                0x0000008e                __vector_19
                0x0000008e                __vector_7
                0x0000008e                __vector_5
                0x0000008e                __vector_4
                0x0000008e                __vector_9
                0x0000008e                __vector_15
                0x0000008e                __vector_8
                0x0000008e                __vector_14
                0x0000008e                __vector_10
                0x0000008e                __vector_16
                0x0000008e                __vector_18
                0x0000008e                __vector_20
 .text          0x00000092        0x0 ./MCAL/USART_Driver_V1/USART_Prog.o
 .text          0x00000092        0x0 ./MCAL/SPI_driver/SPI_Program.o
 .text          0x00000092        0x0 ./MCAL/EXTI_Driver_V3/EXTI_prg.o
 .text          0x00000092        0x0 ./MCAL/DIO_V2/DIO_prg.o
 .text          0x00000092        0x0 ./HAL/MCP2515_driver/MCP2515_Programe.o
 .text          0x00000092        0x0 ./HAL/LCD_Handler_V2/LCD_prg.o
 .text          0x00000092        0x0 ./APP/main.o
 .text          0x00000092        0x0 e:/private/courses/embedded/imt diploma/imt tools/sdk/imt_sdk_win_64/winavr/bin/../lib/gcc/avr/4.3.3/avr5\libgcc.a(_udivmodhi4.o)
 .text          0x00000092        0x0 e:/private/courses/embedded/imt diploma/imt tools/sdk/imt_sdk_win_64/winavr/bin/../lib/gcc/avr/4.3.3/avr5\libgcc.a(_exit.o)
 .text          0x00000092        0x0 e:/private/courses/embedded/imt diploma/imt tools/sdk/imt_sdk_win_64/winavr/bin/../lib/gcc/avr/4.3.3/avr5\libgcc.a(_copy_data.o)
 .text          0x00000092        0x0 e:/private/courses/embedded/imt diploma/imt tools/sdk/imt_sdk_win_64/winavr/bin/../lib/gcc/avr/4.3.3/avr5\libgcc.a(_clear_bss.o)
 .text          0x00000092       0x58 e:/private/courses/embedded/imt diploma/imt tools/sdk/imt_sdk_win_64/winavr/bin/../lib/gcc/avr/4.3.3/avr5\libgcc.a(_fixunssfsi.o)
                0x00000092                __fixunssfsi
 .text          0x000000ea      0x354 e:/private/courses/embedded/imt diploma/imt tools/sdk/imt_sdk_win_64/winavr/bin/../lib/gcc/avr/4.3.3/avr5\libgcc.a(_addsub_sf.o)
                0x00000382                __subsf3
                0x000003e4                __addsf3
 .text          0x0000043e      0x1f4 e:/private/courses/embedded/imt diploma/imt tools/sdk/imt_sdk_win_64/winavr/bin/../lib/gcc/avr/4.3.3/avr5\libgcc.a(_mul_sf.o)
                0x0000043e                __mulsf3
 .text          0x00000632      0x158 e:/private/courses/embedded/imt diploma/imt tools/sdk/imt_sdk_win_64/winavr/bin/../lib/gcc/avr/4.3.3/avr5\libgcc.a(_div_sf.o)
                0x00000632                __divsf3
 .text          0x0000078a       0x60 e:/private/courses/embedded/imt diploma/imt tools/sdk/imt_sdk_win_64/winavr/bin/../lib/gcc/avr/4.3.3/avr5\libgcc.a(_gt_sf.o)
                0x0000078a                __gtsf2
 .text          0x000007ea       0x60 e:/private/courses/embedded/imt diploma/imt tools/sdk/imt_sdk_win_64/winavr/bin/../lib/gcc/avr/4.3.3/avr5\libgcc.a(_ge_sf.o)
                0x000007ea                __gesf2
 .text          0x0000084a       0x60 e:/private/courses/embedded/imt diploma/imt tools/sdk/imt_sdk_win_64/winavr/bin/../lib/gcc/avr/4.3.3/avr5\libgcc.a(_lt_sf.o)
                0x0000084a                __ltsf2
 .text          0x000008aa       0xa8 e:/private/courses/embedded/imt diploma/imt tools/sdk/imt_sdk_win_64/winavr/bin/../lib/gcc/avr/4.3.3/avr5\libgcc.a(_sf_to_si.o)
                0x000008aa                __fixsfsi
 .text          0x00000952        0x0 e:/private/courses/embedded/imt diploma/imt tools/sdk/imt_sdk_win_64/winavr/bin/../lib/gcc/avr/4.3.3/avr5\libgcc.a(_thenan_sf.o)
 .text          0x00000952        0x0 e:/private/courses/embedded/imt diploma/imt tools/sdk/imt_sdk_win_64/winavr/bin/../lib/gcc/avr/4.3.3/avr5\libgcc.a(_prologue.o)
 .text          0x00000952        0x0 e:/private/courses/embedded/imt diploma/imt tools/sdk/imt_sdk_win_64/winavr/bin/../lib/gcc/avr/4.3.3/avr5\libgcc.a(_epilogue.o)
 .text          0x00000952      0x1aa e:/private/courses/embedded/imt diploma/imt tools/sdk/imt_sdk_win_64/winavr/bin/../lib/gcc/avr/4.3.3/avr5\libgcc.a(_pack_sf.o)
                0x00000952                __pack_f
 .text          0x00000afc       0xf0 e:/private/courses/embedded/imt diploma/imt tools/sdk/imt_sdk_win_64/winavr/bin/../lib/gcc/avr/4.3.3/avr5\libgcc.a(_unpack_sf.o)
                0x00000afc                __unpack_f
 .text          0x00000bec       0xb2 e:/private/courses/embedded/imt diploma/imt tools/sdk/imt_sdk_win_64/winavr/bin/../lib/gcc/avr/4.3.3/avr5\libgcc.a(_fpcmp_parts_sf.o)
                0x00000bec                __fpcmp_parts_f
                0x00000c9e                . = ALIGN (0x2)
 *(.text.*)
 .text.USART_init
                0x00000c9e      0x162 ./MCAL/USART_Driver_V1/USART_Prog.o
                0x00000c9e                USART_init
 .text.USART_SendData
                0x00000e00       0x42 ./MCAL/USART_Driver_V1/USART_Prog.o
                0x00000e00                USART_SendData
 .text.USART_ReceiveData
                0x00000e42       0x4c ./MCAL/USART_Driver_V1/USART_Prog.o
                0x00000e42                USART_ReceiveData
 .text.USART_ReceiveData_interrupt
                0x00000e8e       0x58 ./MCAL/USART_Driver_V1/USART_Prog.o
                0x00000e8e                USART_ReceiveData_interrupt
 .text.__vector_13
                0x00000ee6       0x74 ./MCAL/USART_Driver_V1/USART_Prog.o
                0x00000ee6                __vector_13
 .text.MSPI_voidSpiMasterInit
                0x00000f5a       0x86 ./MCAL/SPI_driver/SPI_Program.o
                0x00000f5a                MSPI_voidSpiMasterInit
 .text.MSPI_voidSetPreSca
                0x00000fe0      0x1de ./MCAL/SPI_driver/SPI_Program.o
                0x00000fe0                MSPI_voidSetPreSca
 .text.MSPI_VidChipSelect
                0x000011be       0x30 ./MCAL/SPI_driver/SPI_Program.o
                0x000011be                MSPI_VidChipSelect
 .text.MSPI_U8MasterTransmit
                0x000011ee       0x34 ./MCAL/SPI_driver/SPI_Program.o
                0x000011ee                MSPI_U8MasterTransmit
 .text.EXTI_u8SetSource
                0x00001222      0x270 ./MCAL/EXTI_Driver_V3/EXTI_prg.o
                0x00001222                EXTI_u8SetSource
 .text.EXTI_u8EnablePIE
                0x00001492       0x7a ./MCAL/EXTI_Driver_V3/EXTI_prg.o
                0x00001492                EXTI_u8EnablePIE
 .text.EXTI_u8DisablePIE
                0x0000150c       0x7a ./MCAL/EXTI_Driver_V3/EXTI_prg.o
                0x0000150c                EXTI_u8DisablePIE
 .text.EXTI_voidEnableGIE
                0x00001586       0x1c ./MCAL/EXTI_Driver_V3/EXTI_prg.o
                0x00001586                EXTI_voidEnableGIE
 .text.EXTI_voidDisableGIE
                0x000015a2       0x1c ./MCAL/EXTI_Driver_V3/EXTI_prg.o
                0x000015a2                EXTI_voidDisableGIE
 .text.EXTI_voidSet_INT0_Cbf
                0x000015be       0x2c ./MCAL/EXTI_Driver_V3/EXTI_prg.o
                0x000015be                EXTI_voidSet_INT0_Cbf
 .text.EXTI_voidSet_INT1_Cbf
                0x000015ea       0x2c ./MCAL/EXTI_Driver_V3/EXTI_prg.o
                0x000015ea                EXTI_voidSet_INT1_Cbf
 .text.EXTI_voidSet_INT2_Cbf
                0x00001616       0x2c ./MCAL/EXTI_Driver_V3/EXTI_prg.o
                0x00001616                EXTI_voidSet_INT2_Cbf
 .text.__vector_1
                0x00001642       0x66 ./MCAL/EXTI_Driver_V3/EXTI_prg.o
                0x00001642                __vector_1
 .text.__vector_2
                0x000016a8       0x66 ./MCAL/EXTI_Driver_V3/EXTI_prg.o
                0x000016a8                __vector_2
 .text.__vector_3
                0x0000170e       0x66 ./MCAL/EXTI_Driver_V3/EXTI_prg.o
                0x0000170e                __vector_3
 .text.DIO_u8setPortDir
                0x00001774       0x90 ./MCAL/DIO_V2/DIO_prg.o
                0x00001774                DIO_u8setPortDir
 .text.DIO_u8setPortVal
                0x00001804       0x90 ./MCAL/DIO_V2/DIO_prg.o
                0x00001804                DIO_u8setPortVal
 .text.DIO_u8getPortVal
                0x00001894       0xa4 ./MCAL/DIO_V2/DIO_prg.o
                0x00001894                DIO_u8getPortVal
 .text.DIO_u8setPinDir
                0x00001938      0x224 ./MCAL/DIO_V2/DIO_prg.o
                0x00001938                DIO_u8setPinDir
 .text.DIO_u8setPinVal
                0x00001b5c      0x224 ./MCAL/DIO_V2/DIO_prg.o
                0x00001b5c                DIO_u8setPinVal
 .text.DIO_u8getPinVal
                0x00001d80      0x126 ./MCAL/DIO_V2/DIO_prg.o
                0x00001d80                DIO_u8getPinVal
 .text.HMCP2515_voidWriteReg
                0x00001ea6       0x36 ./HAL/MCP2515_driver/MCP2515_Programe.o
                0x00001ea6                HMCP2515_voidWriteReg
 .text.HMCP2515_U8ReadReg
                0x00001edc       0x38 ./HAL/MCP2515_driver/MCP2515_Programe.o
                0x00001edc                HMCP2515_U8ReadReg
 .text.HMCP2515_voidResetInst
                0x00001f14       0x20 ./HAL/MCP2515_driver/MCP2515_Programe.o
                0x00001f14                HMCP2515_voidResetInst
 .text.HMCP2515_voidBitModify
                0x00001f34       0x42 ./HAL/MCP2515_driver/MCP2515_Programe.o
                0x00001f34                HMCP2515_voidBitModify
 .text.HMCP2515_voidSetBitTiming
                0x00001f76       0x36 ./HAL/MCP2515_driver/MCP2515_Programe.o
                0x00001f76                HMCP2515_voidSetBitTiming
 .text.HMCP2515_voidSetMode
                0x00001fac       0x3c ./HAL/MCP2515_driver/MCP2515_Programe.o
                0x00001fac                HMCP2515_voidSetMode
 .text.HMCP2515_voidInitTransimiter
                0x00001fe8       0x3e ./HAL/MCP2515_driver/MCP2515_Programe.o
                0x00001fe8                HMCP2515_voidInitTransimiter
 .text.HMCP2515_VidSendCAN_Msg
                0x00002026       0xd2 ./HAL/MCP2515_driver/MCP2515_Programe.o
                0x00002026                HMCP2515_VidSendCAN_Msg
 .text.HMCP2515_voidRollOver
                0x000020f8       0x4a ./HAL/MCP2515_driver/MCP2515_Programe.o
                0x000020f8                HMCP2515_voidRollOver
 .text.HMCP2515_voidSetMask
                0x00002142       0xb6 ./HAL/MCP2515_driver/MCP2515_Programe.o
                0x00002142                HMCP2515_voidSetMask
 .text.HMCP2515_voidRecievInit
                0x000021f8       0x7e ./HAL/MCP2515_driver/MCP2515_Programe.o
                0x000021f8                HMCP2515_voidRecievInit
 .text.HMCP2515_voidRecieveMess
                0x00002276       0x62 ./HAL/MCP2515_driver/MCP2515_Programe.o
                0x00002276                HMCP2515_voidRecieveMess
 .text.LCD_vidInit
                0x000022d8      0x612 ./HAL/LCD_Handler_V2/LCD_prg.o
                0x000022d8                LCD_vidInit
 .text.LCD_vidSendCmd
                0x000028ea      0x1d4 ./HAL/LCD_Handler_V2/LCD_prg.o
                0x000028ea                LCD_vidSendCmd
 .text.LCD_vidWriteChar
                0x00002abe      0x1d4 ./HAL/LCD_Handler_V2/LCD_prg.o
                0x00002abe                LCD_vidWriteChar
 .text.LCD_vidClear
                0x00002c92      0x1a8 ./HAL/LCD_Handler_V2/LCD_prg.o
                0x00002c92                LCD_vidClear
 .text.LCD_u8Goto
                0x00002e3a       0x8e ./HAL/LCD_Handler_V2/LCD_prg.o
                0x00002e3a                LCD_u8Goto
 .text.LCD_vidSendString
                0x00002ec8       0x52 ./HAL/LCD_Handler_V2/LCD_prg.o
                0x00002ec8                LCD_vidSendString
 .text.LCD_vidSendInt
                0x00002f1a       0xe8 ./HAL/LCD_Handler_V2/LCD_prg.o
                0x00002f1a                LCD_vidSendInt
 .text.LCD_vidShiftDisplayRight
                0x00003002       0x22 ./HAL/LCD_Handler_V2/LCD_prg.o
                0x00003002                LCD_vidShiftDisplayRight
 .text.LCD_vidShiftDisplayLeft
                0x00003024       0x22 ./HAL/LCD_Handler_V2/LCD_prg.o
                0x00003024                LCD_vidShiftDisplayLeft
 .text.LCD_vidShiftCursorLeft
                0x00003046       0x22 ./HAL/LCD_Handler_V2/LCD_prg.o
                0x00003046                LCD_vidShiftCursorLeft
 .text.LCD_vidShiftCursorRight
                0x00003068       0x22 ./HAL/LCD_Handler_V2/LCD_prg.o
                0x00003068                LCD_vidShiftCursorRight
 .text.main     0x0000308a      0x28c ./APP/main.o
                0x0000308a                main
 .text.RX_CanMsg
                0x00003316       0x72 ./APP/main.o
                0x00003316                RX_CanMsg
 .text.Go_Forword
                0x00003388        0xe ./APP/main.o
                0x00003388                Go_Forword
 .text.Go_Backword
                0x00003396        0xe ./APP/main.o
                0x00003396                Go_Backword
 .text.Go_Left  0x000033a4        0xe ./APP/main.o
                0x000033a4                Go_Left
 .text.Go_Right
                0x000033b2        0xe ./APP/main.o
                0x000033b2                Go_Right
 .text.Car_Stop
                0x000033c0        0xe ./APP/main.o
                0x000033c0                Car_Stop
 .text.Set_Speed
                0x000033ce       0x14 ./APP/main.o
                0x000033ce                Set_Speed
 .text.Rx_Data_CallBack_USART
                0x000033e2       0x2a ./APP/main.o
                0x000033e2                Rx_Data_CallBack_USART
 .text.libgcc   0x0000340c       0x28 e:/private/courses/embedded/imt diploma/imt tools/sdk/imt_sdk_win_64/winavr/bin/../lib/gcc/avr/4.3.3/avr5\libgcc.a(_udivmodhi4.o)
                0x0000340c                __udivmodhi4
 .text.libgcc   0x00003434        0x0 e:/private/courses/embedded/imt diploma/imt tools/sdk/imt_sdk_win_64/winavr/bin/../lib/gcc/avr/4.3.3/avr5\libgcc.a(_exit.o)
 .text.libgcc   0x00003434        0x0 e:/private/courses/embedded/imt diploma/imt tools/sdk/imt_sdk_win_64/winavr/bin/../lib/gcc/avr/4.3.3/avr5\libgcc.a(_copy_data.o)
 .text.libgcc   0x00003434        0x0 e:/private/courses/embedded/imt diploma/imt tools/sdk/imt_sdk_win_64/winavr/bin/../lib/gcc/avr/4.3.3/avr5\libgcc.a(_clear_bss.o)
 .text.libgcc   0x00003434       0x38 e:/private/courses/embedded/imt diploma/imt tools/sdk/imt_sdk_win_64/winavr/bin/../lib/gcc/avr/4.3.3/avr5\libgcc.a(_prologue.o)
                0x00003434                __prologue_saves__
 .text.libgcc   0x0000346c       0x36 e:/private/courses/embedded/imt diploma/imt tools/sdk/imt_sdk_win_64/winavr/bin/../lib/gcc/avr/4.3.3/avr5\libgcc.a(_epilogue.o)
                0x0000346c                __epilogue_restores__
                0x000034a2                . = ALIGN (0x2)
 *(.fini9)
 .fini9         0x000034a2        0x0 e:/private/courses/embedded/imt diploma/imt tools/sdk/imt_sdk_win_64/winavr/bin/../lib/gcc/avr/4.3.3/avr5\libgcc.a(_exit.o)
                0x000034a2                exit
                0x000034a2                _exit
 *(.fini9)
 *(.fini8)
 *(.fini8)
 *(.fini7)
 *(.fini7)
 *(.fini6)
 *(.fini6)
 *(.fini5)
 *(.fini5)
 *(.fini4)
 *(.fini4)
 *(.fini3)
 *(.fini3)
 *(.fini2)
 *(.fini2)
 *(.fini1)
 *(.fini1)
 *(.fini0)
 .fini0         0x000034a2        0x4 e:/private/courses/embedded/imt diploma/imt tools/sdk/imt_sdk_win_64/winavr/bin/../lib/gcc/avr/4.3.3/avr5\libgcc.a(_exit.o)
 *(.fini0)
                0x000034a6                _etext = .

.data           0x00800060        0xe load address 0x000034a6
                0x00800060                PROVIDE (__data_start, .)
 *(.data)
 .data          0x00800060        0x0 e:/private/courses/embedded/imt diploma/imt tools/sdk/imt_sdk_win_64/winavr/bin/../lib/gcc/avr/4.3.3/../../../../avr/lib/avr5/crtm32.o
 .data          0x00800060        0x0 ./MCAL/USART_Driver_V1/USART_Prog.o
 .data          0x00800060        0x0 ./MCAL/SPI_driver/SPI_Program.o
 .data          0x00800060        0x0 ./MCAL/EXTI_Driver_V3/EXTI_prg.o
 .data          0x00800060        0x0 ./MCAL/DIO_V2/DIO_prg.o
 .data          0x00800060        0x0 ./HAL/MCP2515_driver/MCP2515_Programe.o
 .data          0x00800060        0x0 ./HAL/LCD_Handler_V2/LCD_prg.o
 .data          0x00800060        0x0 ./APP/main.o
 .data          0x00800060        0x0 e:/private/courses/embedded/imt diploma/imt tools/sdk/imt_sdk_win_64/winavr/bin/../lib/gcc/avr/4.3.3/avr5\libgcc.a(_udivmodhi4.o)
 .data          0x00800060        0x0 e:/private/courses/embedded/imt diploma/imt tools/sdk/imt_sdk_win_64/winavr/bin/../lib/gcc/avr/4.3.3/avr5\libgcc.a(_exit.o)
 .data          0x00800060        0x0 e:/private/courses/embedded/imt diploma/imt tools/sdk/imt_sdk_win_64/winavr/bin/../lib/gcc/avr/4.3.3/avr5\libgcc.a(_copy_data.o)
 .data          0x00800060        0x0 e:/private/courses/embedded/imt diploma/imt tools/sdk/imt_sdk_win_64/winavr/bin/../lib/gcc/avr/4.3.3/avr5\libgcc.a(_clear_bss.o)
 .data          0x00800060        0x0 e:/private/courses/embedded/imt diploma/imt tools/sdk/imt_sdk_win_64/winavr/bin/../lib/gcc/avr/4.3.3/avr5\libgcc.a(_fixunssfsi.o)
 .data          0x00800060        0x0 e:/private/courses/embedded/imt diploma/imt tools/sdk/imt_sdk_win_64/winavr/bin/../lib/gcc/avr/4.3.3/avr5\libgcc.a(_addsub_sf.o)
 .data          0x00800060        0x0 e:/private/courses/embedded/imt diploma/imt tools/sdk/imt_sdk_win_64/winavr/bin/../lib/gcc/avr/4.3.3/avr5\libgcc.a(_mul_sf.o)
 .data          0x00800060        0x0 e:/private/courses/embedded/imt diploma/imt tools/sdk/imt_sdk_win_64/winavr/bin/../lib/gcc/avr/4.3.3/avr5\libgcc.a(_div_sf.o)
 .data          0x00800060        0x0 e:/private/courses/embedded/imt diploma/imt tools/sdk/imt_sdk_win_64/winavr/bin/../lib/gcc/avr/4.3.3/avr5\libgcc.a(_gt_sf.o)
 .data          0x00800060        0x0 e:/private/courses/embedded/imt diploma/imt tools/sdk/imt_sdk_win_64/winavr/bin/../lib/gcc/avr/4.3.3/avr5\libgcc.a(_ge_sf.o)
 .data          0x00800060        0x0 e:/private/courses/embedded/imt diploma/imt tools/sdk/imt_sdk_win_64/winavr/bin/../lib/gcc/avr/4.3.3/avr5\libgcc.a(_lt_sf.o)
 .data          0x00800060        0x0 e:/private/courses/embedded/imt diploma/imt tools/sdk/imt_sdk_win_64/winavr/bin/../lib/gcc/avr/4.3.3/avr5\libgcc.a(_sf_to_si.o)
 .data          0x00800060        0x8 e:/private/courses/embedded/imt diploma/imt tools/sdk/imt_sdk_win_64/winavr/bin/../lib/gcc/avr/4.3.3/avr5\libgcc.a(_thenan_sf.o)
                0x00800060                __thenan_sf
 .data          0x00800068        0x0 e:/private/courses/embedded/imt diploma/imt tools/sdk/imt_sdk_win_64/winavr/bin/../lib/gcc/avr/4.3.3/avr5\libgcc.a(_prologue.o)
 .data          0x00800068        0x0 e:/private/courses/embedded/imt diploma/imt tools/sdk/imt_sdk_win_64/winavr/bin/../lib/gcc/avr/4.3.3/avr5\libgcc.a(_epilogue.o)
 .data          0x00800068        0x0 e:/private/courses/embedded/imt diploma/imt tools/sdk/imt_sdk_win_64/winavr/bin/../lib/gcc/avr/4.3.3/avr5\libgcc.a(_pack_sf.o)
 .data          0x00800068        0x0 e:/private/courses/embedded/imt diploma/imt tools/sdk/imt_sdk_win_64/winavr/bin/../lib/gcc/avr/4.3.3/avr5\libgcc.a(_unpack_sf.o)
 .data          0x00800068        0x0 e:/private/courses/embedded/imt diploma/imt tools/sdk/imt_sdk_win_64/winavr/bin/../lib/gcc/avr/4.3.3/avr5\libgcc.a(_fpcmp_parts_sf.o)
 *(.data*)
 *(.rodata)
 *(.rodata*)
 .rodata.C.0.1351
                0x00800068        0x5 ./APP/main.o
 *(.gnu.linkonce.d*)
                0x0080006e                . = ALIGN (0x2)
 *fill*         0x0080006d        0x1 00
                0x0080006e                _edata = .
                0x0080006e                PROVIDE (__data_end, .)

.bss            0x0080006e       0x2c
                0x0080006e                PROVIDE (__bss_start, .)
 *(.bss)
 .bss           0x0080006e        0x0 e:/private/courses/embedded/imt diploma/imt tools/sdk/imt_sdk_win_64/winavr/bin/../lib/gcc/avr/4.3.3/../../../../avr/lib/avr5/crtm32.o
 .bss           0x0080006e        0x0 ./MCAL/USART_Driver_V1/USART_Prog.o
 .bss           0x0080006e        0x0 ./MCAL/SPI_driver/SPI_Program.o
 .bss           0x0080006e        0x0 ./MCAL/EXTI_Driver_V3/EXTI_prg.o
 .bss           0x0080006e        0x0 ./MCAL/DIO_V2/DIO_prg.o
 .bss           0x0080006e        0x0 ./HAL/MCP2515_driver/MCP2515_Programe.o
 .bss           0x0080006e        0x0 ./HAL/LCD_Handler_V2/LCD_prg.o
 .bss           0x0080006e        0x0 ./APP/main.o
 .bss           0x0080006e        0x0 e:/private/courses/embedded/imt diploma/imt tools/sdk/imt_sdk_win_64/winavr/bin/../lib/gcc/avr/4.3.3/avr5\libgcc.a(_udivmodhi4.o)
 .bss           0x0080006e        0x0 e:/private/courses/embedded/imt diploma/imt tools/sdk/imt_sdk_win_64/winavr/bin/../lib/gcc/avr/4.3.3/avr5\libgcc.a(_exit.o)
 .bss           0x0080006e        0x0 e:/private/courses/embedded/imt diploma/imt tools/sdk/imt_sdk_win_64/winavr/bin/../lib/gcc/avr/4.3.3/avr5\libgcc.a(_copy_data.o)
 .bss           0x0080006e        0x0 e:/private/courses/embedded/imt diploma/imt tools/sdk/imt_sdk_win_64/winavr/bin/../lib/gcc/avr/4.3.3/avr5\libgcc.a(_clear_bss.o)
 .bss           0x0080006e        0x0 e:/private/courses/embedded/imt diploma/imt tools/sdk/imt_sdk_win_64/winavr/bin/../lib/gcc/avr/4.3.3/avr5\libgcc.a(_fixunssfsi.o)
 .bss           0x0080006e        0x0 e:/private/courses/embedded/imt diploma/imt tools/sdk/imt_sdk_win_64/winavr/bin/../lib/gcc/avr/4.3.3/avr5\libgcc.a(_addsub_sf.o)
 .bss           0x0080006e        0x0 e:/private/courses/embedded/imt diploma/imt tools/sdk/imt_sdk_win_64/winavr/bin/../lib/gcc/avr/4.3.3/avr5\libgcc.a(_mul_sf.o)
 .bss           0x0080006e        0x0 e:/private/courses/embedded/imt diploma/imt tools/sdk/imt_sdk_win_64/winavr/bin/../lib/gcc/avr/4.3.3/avr5\libgcc.a(_div_sf.o)
 .bss           0x0080006e        0x0 e:/private/courses/embedded/imt diploma/imt tools/sdk/imt_sdk_win_64/winavr/bin/../lib/gcc/avr/4.3.3/avr5\libgcc.a(_gt_sf.o)
 .bss           0x0080006e        0x0 e:/private/courses/embedded/imt diploma/imt tools/sdk/imt_sdk_win_64/winavr/bin/../lib/gcc/avr/4.3.3/avr5\libgcc.a(_ge_sf.o)
 .bss           0x0080006e        0x0 e:/private/courses/embedded/imt diploma/imt tools/sdk/imt_sdk_win_64/winavr/bin/../lib/gcc/avr/4.3.3/avr5\libgcc.a(_lt_sf.o)
 .bss           0x0080006e        0x0 e:/private/courses/embedded/imt diploma/imt tools/sdk/imt_sdk_win_64/winavr/bin/../lib/gcc/avr/4.3.3/avr5\libgcc.a(_sf_to_si.o)
 .bss           0x0080006e        0x0 e:/private/courses/embedded/imt diploma/imt tools/sdk/imt_sdk_win_64/winavr/bin/../lib/gcc/avr/4.3.3/avr5\libgcc.a(_thenan_sf.o)
 .bss           0x0080006e        0x0 e:/private/courses/embedded/imt diploma/imt tools/sdk/imt_sdk_win_64/winavr/bin/../lib/gcc/avr/4.3.3/avr5\libgcc.a(_prologue.o)
 .bss           0x0080006e        0x0 e:/private/courses/embedded/imt diploma/imt tools/sdk/imt_sdk_win_64/winavr/bin/../lib/gcc/avr/4.3.3/avr5\libgcc.a(_epilogue.o)
 .bss           0x0080006e        0x0 e:/private/courses/embedded/imt diploma/imt tools/sdk/imt_sdk_win_64/winavr/bin/../lib/gcc/avr/4.3.3/avr5\libgcc.a(_pack_sf.o)
 .bss           0x0080006e        0x0 e:/private/courses/embedded/imt diploma/imt tools/sdk/imt_sdk_win_64/winavr/bin/../lib/gcc/avr/4.3.3/avr5\libgcc.a(_unpack_sf.o)
 .bss           0x0080006e        0x0 e:/private/courses/embedded/imt diploma/imt tools/sdk/imt_sdk_win_64/winavr/bin/../lib/gcc/avr/4.3.3/avr5\libgcc.a(_fpcmp_parts_sf.o)
 *(.bss*)
 .bss.USART_FPTR
                0x0080006e        0x2 ./MCAL/USART_Driver_V1/USART_Prog.o
 .bss.INT0_Cbf_ptr
                0x00800070        0x2 ./MCAL/EXTI_Driver_V3/EXTI_prg.o
 .bss.INT1_Cbf_ptr
                0x00800072        0x2 ./MCAL/EXTI_Driver_V3/EXTI_prg.o
 .bss.INT2_Cbf_ptr
                0x00800074        0x2 ./MCAL/EXTI_Driver_V3/EXTI_prg.o
 .bss.App_CANRecMessage
                0x00800076       0x10 ./APP/main.o
 .bss.Old_Speed
                0x00800086        0x1 ./APP/main.o
 .bss.SpeedFrame
                0x00800087        0x3 ./APP/main.o
 *(COMMON)
 COMMON         0x0080008a       0x10 ./HAL/MCP2515_driver/MCP2515_Programe.o
                0x0080008a                REC_Message
                0x0080009a                PROVIDE (__bss_end, .)
                0x000034a6                __data_load_start = LOADADDR (.data)
                0x000034b4                __data_load_end = (__data_load_start + SIZEOF (.data))

.noinit         0x0080009a        0x0
                0x0080009a                PROVIDE (__noinit_start, .)
 *(.noinit*)
                0x0080009a                PROVIDE (__noinit_end, .)
                0x0080009a                _end = .
                0x0080009a                PROVIDE (__heap_start, .)

.eeprom         0x00810000        0x0
 *(.eeprom*)
                0x00810000                __eeprom_end = .

.fuse
 *(.fuse)
 *(.lfuse)
 *(.hfuse)
 *(.efuse)

.lock
 *(.lock*)

.signature
 *(.signature*)

.stab           0x00000000     0x38e8
 *(.stab)
 .stab          0x00000000      0x804 ./MCAL/USART_Driver_V1/USART_Prog.o
 .stab          0x00000804      0x4a4 ./MCAL/SPI_driver/SPI_Program.o
                                0x4b0 (size before relaxing)
 .stab          0x00000ca8      0x708 ./MCAL/EXTI_Driver_V3/EXTI_prg.o
                                0x8d0 (size before relaxing)
 .stab          0x000013b0      0x72c ./MCAL/DIO_V2/DIO_prg.o
                                0x738 (size before relaxing)
 .stab          0x00001adc      0x828 ./HAL/MCP2515_driver/MCP2515_Programe.o
                                0x834 (size before relaxing)
 .stab          0x00002304      0xf48 ./HAL/LCD_Handler_V2/LCD_prg.o
                               0x10d4 (size before relaxing)
 .stab          0x0000324c      0x69c ./APP/main.o
                                0x6a8 (size before relaxing)

.stabstr        0x00000000     0x1d41
 *(.stabstr)
 .stabstr       0x00000000     0x1d41 ./MCAL/USART_Driver_V1/USART_Prog.o

.stab.excl
 *(.stab.excl)

.stab.exclstr
 *(.stab.exclstr)

.stab.index
 *(.stab.index)

.stab.indexstr
 *(.stab.indexstr)

.comment
 *(.comment)

.debug
 *(.debug)

.line
 *(.line)

.debug_srcinfo
 *(.debug_srcinfo)

.debug_sfnames
 *(.debug_sfnames)

.debug_aranges  0x00000000      0x160
 *(.debug_aranges)
 .debug_aranges
                0x00000000       0x20 e:/private/courses/embedded/imt diploma/imt tools/sdk/imt_sdk_win_64/winavr/bin/../lib/gcc/avr/4.3.3/avr5\libgcc.a(_fixunssfsi.o)
 .debug_aranges
                0x00000020       0x20 e:/private/courses/embedded/imt diploma/imt tools/sdk/imt_sdk_win_64/winavr/bin/../lib/gcc/avr/4.3.3/avr5\libgcc.a(_addsub_sf.o)
 .debug_aranges
                0x00000040       0x20 e:/private/courses/embedded/imt diploma/imt tools/sdk/imt_sdk_win_64/winavr/bin/../lib/gcc/avr/4.3.3/avr5\libgcc.a(_mul_sf.o)
 .debug_aranges
                0x00000060       0x20 e:/private/courses/embedded/imt diploma/imt tools/sdk/imt_sdk_win_64/winavr/bin/../lib/gcc/avr/4.3.3/avr5\libgcc.a(_div_sf.o)
 .debug_aranges
                0x00000080       0x20 e:/private/courses/embedded/imt diploma/imt tools/sdk/imt_sdk_win_64/winavr/bin/../lib/gcc/avr/4.3.3/avr5\libgcc.a(_gt_sf.o)
 .debug_aranges
                0x000000a0       0x20 e:/private/courses/embedded/imt diploma/imt tools/sdk/imt_sdk_win_64/winavr/bin/../lib/gcc/avr/4.3.3/avr5\libgcc.a(_ge_sf.o)
 .debug_aranges
                0x000000c0       0x20 e:/private/courses/embedded/imt diploma/imt tools/sdk/imt_sdk_win_64/winavr/bin/../lib/gcc/avr/4.3.3/avr5\libgcc.a(_lt_sf.o)
 .debug_aranges
                0x000000e0       0x20 e:/private/courses/embedded/imt diploma/imt tools/sdk/imt_sdk_win_64/winavr/bin/../lib/gcc/avr/4.3.3/avr5\libgcc.a(_sf_to_si.o)
 .debug_aranges
                0x00000100       0x20 e:/private/courses/embedded/imt diploma/imt tools/sdk/imt_sdk_win_64/winavr/bin/../lib/gcc/avr/4.3.3/avr5\libgcc.a(_pack_sf.o)
 .debug_aranges
                0x00000120       0x20 e:/private/courses/embedded/imt diploma/imt tools/sdk/imt_sdk_win_64/winavr/bin/../lib/gcc/avr/4.3.3/avr5\libgcc.a(_unpack_sf.o)
 .debug_aranges
                0x00000140       0x20 e:/private/courses/embedded/imt diploma/imt tools/sdk/imt_sdk_win_64/winavr/bin/../lib/gcc/avr/4.3.3/avr5\libgcc.a(_fpcmp_parts_sf.o)

.debug_pubnames
                0x00000000      0x18f
 *(.debug_pubnames)
 .debug_pubnames
                0x00000000       0x23 e:/private/courses/embedded/imt diploma/imt tools/sdk/imt_sdk_win_64/winavr/bin/../lib/gcc/avr/4.3.3/avr5\libgcc.a(_fixunssfsi.o)
 .debug_pubnames
                0x00000023       0x2c e:/private/courses/embedded/imt diploma/imt tools/sdk/imt_sdk_win_64/winavr/bin/../lib/gcc/avr/4.3.3/avr5\libgcc.a(_addsub_sf.o)
 .debug_pubnames
                0x0000004f       0x1f e:/private/courses/embedded/imt diploma/imt tools/sdk/imt_sdk_win_64/winavr/bin/../lib/gcc/avr/4.3.3/avr5\libgcc.a(_mul_sf.o)
 .debug_pubnames
                0x0000006e       0x1f e:/private/courses/embedded/imt diploma/imt tools/sdk/imt_sdk_win_64/winavr/bin/../lib/gcc/avr/4.3.3/avr5\libgcc.a(_div_sf.o)
 .debug_pubnames
                0x0000008d       0x1e e:/private/courses/embedded/imt diploma/imt tools/sdk/imt_sdk_win_64/winavr/bin/../lib/gcc/avr/4.3.3/avr5\libgcc.a(_gt_sf.o)
 .debug_pubnames
                0x000000ab       0x1e e:/private/courses/embedded/imt diploma/imt tools/sdk/imt_sdk_win_64/winavr/bin/../lib/gcc/avr/4.3.3/avr5\libgcc.a(_ge_sf.o)
 .debug_pubnames
                0x000000c9       0x1e e:/private/courses/embedded/imt diploma/imt tools/sdk/imt_sdk_win_64/winavr/bin/../lib/gcc/avr/4.3.3/avr5\libgcc.a(_lt_sf.o)
 .debug_pubnames
                0x000000e7       0x20 e:/private/courses/embedded/imt diploma/imt tools/sdk/imt_sdk_win_64/winavr/bin/../lib/gcc/avr/4.3.3/avr5\libgcc.a(_sf_to_si.o)
 .debug_pubnames
                0x00000107       0x22 e:/private/courses/embedded/imt diploma/imt tools/sdk/imt_sdk_win_64/winavr/bin/../lib/gcc/avr/4.3.3/avr5\libgcc.a(_thenan_sf.o)
 .debug_pubnames
                0x00000129       0x1f e:/private/courses/embedded/imt diploma/imt tools/sdk/imt_sdk_win_64/winavr/bin/../lib/gcc/avr/4.3.3/avr5\libgcc.a(_pack_sf.o)
 .debug_pubnames
                0x00000148       0x21 e:/private/courses/embedded/imt diploma/imt tools/sdk/imt_sdk_win_64/winavr/bin/../lib/gcc/avr/4.3.3/avr5\libgcc.a(_unpack_sf.o)
 .debug_pubnames
                0x00000169       0x26 e:/private/courses/embedded/imt diploma/imt tools/sdk/imt_sdk_win_64/winavr/bin/../lib/gcc/avr/4.3.3/avr5\libgcc.a(_fpcmp_parts_sf.o)

.debug_info     0x00000000     0x2045
 *(.debug_info)
 .debug_info    0x00000000       0xb1 e:/private/courses/embedded/imt diploma/imt tools/sdk/imt_sdk_win_64/winavr/bin/../lib/gcc/avr/4.3.3/avr5\libgcc.a(_fixunssfsi.o)
 .debug_info    0x000000b1      0x47a e:/private/courses/embedded/imt diploma/imt tools/sdk/imt_sdk_win_64/winavr/bin/../lib/gcc/avr/4.3.3/avr5\libgcc.a(_addsub_sf.o)
 .debug_info    0x0000052b      0x485 e:/private/courses/embedded/imt diploma/imt tools/sdk/imt_sdk_win_64/winavr/bin/../lib/gcc/avr/4.3.3/avr5\libgcc.a(_mul_sf.o)
 .debug_info    0x000009b0      0x3fc e:/private/courses/embedded/imt diploma/imt tools/sdk/imt_sdk_win_64/winavr/bin/../lib/gcc/avr/4.3.3/avr5\libgcc.a(_div_sf.o)
 .debug_info    0x00000dac      0x27f e:/private/courses/embedded/imt diploma/imt tools/sdk/imt_sdk_win_64/winavr/bin/../lib/gcc/avr/4.3.3/avr5\libgcc.a(_gt_sf.o)
 .debug_info    0x0000102b      0x27f e:/private/courses/embedded/imt diploma/imt tools/sdk/imt_sdk_win_64/winavr/bin/../lib/gcc/avr/4.3.3/avr5\libgcc.a(_ge_sf.o)
 .debug_info    0x000012aa      0x27f e:/private/courses/embedded/imt diploma/imt tools/sdk/imt_sdk_win_64/winavr/bin/../lib/gcc/avr/4.3.3/avr5\libgcc.a(_lt_sf.o)
 .debug_info    0x00001529      0x2b0 e:/private/courses/embedded/imt diploma/imt tools/sdk/imt_sdk_win_64/winavr/bin/../lib/gcc/avr/4.3.3/avr5\libgcc.a(_sf_to_si.o)
 .debug_info    0x000017d9      0x12c e:/private/courses/embedded/imt diploma/imt tools/sdk/imt_sdk_win_64/winavr/bin/../lib/gcc/avr/4.3.3/avr5\libgcc.a(_thenan_sf.o)
 .debug_info    0x00001905      0x2df e:/private/courses/embedded/imt diploma/imt tools/sdk/imt_sdk_win_64/winavr/bin/../lib/gcc/avr/4.3.3/avr5\libgcc.a(_pack_sf.o)
 .debug_info    0x00001be4      0x251 e:/private/courses/embedded/imt diploma/imt tools/sdk/imt_sdk_win_64/winavr/bin/../lib/gcc/avr/4.3.3/avr5\libgcc.a(_unpack_sf.o)
 .debug_info    0x00001e35      0x210 e:/private/courses/embedded/imt diploma/imt tools/sdk/imt_sdk_win_64/winavr/bin/../lib/gcc/avr/4.3.3/avr5\libgcc.a(_fpcmp_parts_sf.o)
 *(.gnu.linkonce.wi.*)

.debug_abbrev   0x00000000     0x1101
 *(.debug_abbrev)
 .debug_abbrev  0x00000000       0x5d e:/private/courses/embedded/imt diploma/imt tools/sdk/imt_sdk_win_64/winavr/bin/../lib/gcc/avr/4.3.3/avr5\libgcc.a(_fixunssfsi.o)
 .debug_abbrev  0x0000005d      0x1ea e:/private/courses/embedded/imt diploma/imt tools/sdk/imt_sdk_win_64/winavr/bin/../lib/gcc/avr/4.3.3/avr5\libgcc.a(_addsub_sf.o)
 .debug_abbrev  0x00000247      0x21b e:/private/courses/embedded/imt diploma/imt tools/sdk/imt_sdk_win_64/winavr/bin/../lib/gcc/avr/4.3.3/avr5\libgcc.a(_mul_sf.o)
 .debug_abbrev  0x00000462      0x216 e:/private/courses/embedded/imt diploma/imt tools/sdk/imt_sdk_win_64/winavr/bin/../lib/gcc/avr/4.3.3/avr5\libgcc.a(_div_sf.o)
 .debug_abbrev  0x00000678      0x15a e:/private/courses/embedded/imt diploma/imt tools/sdk/imt_sdk_win_64/winavr/bin/../lib/gcc/avr/4.3.3/avr5\libgcc.a(_gt_sf.o)
 .debug_abbrev  0x000007d2      0x15a e:/private/courses/embedded/imt diploma/imt tools/sdk/imt_sdk_win_64/winavr/bin/../lib/gcc/avr/4.3.3/avr5\libgcc.a(_ge_sf.o)
 .debug_abbrev  0x0000092c      0x15a e:/private/courses/embedded/imt diploma/imt tools/sdk/imt_sdk_win_64/winavr/bin/../lib/gcc/avr/4.3.3/avr5\libgcc.a(_lt_sf.o)
 .debug_abbrev  0x00000a86      0x17f e:/private/courses/embedded/imt diploma/imt tools/sdk/imt_sdk_win_64/winavr/bin/../lib/gcc/avr/4.3.3/avr5\libgcc.a(_sf_to_si.o)
 .debug_abbrev  0x00000c05       0xad e:/private/courses/embedded/imt diploma/imt tools/sdk/imt_sdk_win_64/winavr/bin/../lib/gcc/avr/4.3.3/avr5\libgcc.a(_thenan_sf.o)
 .debug_abbrev  0x00000cb2      0x1c0 e:/private/courses/embedded/imt diploma/imt tools/sdk/imt_sdk_win_64/winavr/bin/../lib/gcc/avr/4.3.3/avr5\libgcc.a(_pack_sf.o)
 .debug_abbrev  0x00000e72      0x154 e:/private/courses/embedded/imt diploma/imt tools/sdk/imt_sdk_win_64/winavr/bin/../lib/gcc/avr/4.3.3/avr5\libgcc.a(_unpack_sf.o)
 .debug_abbrev  0x00000fc6      0x13b e:/private/courses/embedded/imt diploma/imt tools/sdk/imt_sdk_win_64/winavr/bin/../lib/gcc/avr/4.3.3/avr5\libgcc.a(_fpcmp_parts_sf.o)

.debug_line     0x00000000      0xf82
 *(.debug_line)
 .debug_line    0x00000000       0xa7 e:/private/courses/embedded/imt diploma/imt tools/sdk/imt_sdk_win_64/winavr/bin/../lib/gcc/avr/4.3.3/avr5\libgcc.a(_fixunssfsi.o)
 .debug_line    0x000000a7      0x2af e:/private/courses/embedded/imt diploma/imt tools/sdk/imt_sdk_win_64/winavr/bin/../lib/gcc/avr/4.3.3/avr5\libgcc.a(_addsub_sf.o)
 .debug_line    0x00000356      0x239 e:/private/courses/embedded/imt diploma/imt tools/sdk/imt_sdk_win_64/winavr/bin/../lib/gcc/avr/4.3.3/avr5\libgcc.a(_mul_sf.o)
 .debug_line    0x0000058f      0x1d5 e:/private/courses/embedded/imt diploma/imt tools/sdk/imt_sdk_win_64/winavr/bin/../lib/gcc/avr/4.3.3/avr5\libgcc.a(_div_sf.o)
 .debug_line    0x00000764       0xd3 e:/private/courses/embedded/imt diploma/imt tools/sdk/imt_sdk_win_64/winavr/bin/../lib/gcc/avr/4.3.3/avr5\libgcc.a(_gt_sf.o)
 .debug_line    0x00000837       0xd3 e:/private/courses/embedded/imt diploma/imt tools/sdk/imt_sdk_win_64/winavr/bin/../lib/gcc/avr/4.3.3/avr5\libgcc.a(_ge_sf.o)
 .debug_line    0x0000090a       0xd3 e:/private/courses/embedded/imt diploma/imt tools/sdk/imt_sdk_win_64/winavr/bin/../lib/gcc/avr/4.3.3/avr5\libgcc.a(_lt_sf.o)
 .debug_line    0x000009dd      0x109 e:/private/courses/embedded/imt diploma/imt tools/sdk/imt_sdk_win_64/winavr/bin/../lib/gcc/avr/4.3.3/avr5\libgcc.a(_sf_to_si.o)
 .debug_line    0x00000ae6       0x90 e:/private/courses/embedded/imt diploma/imt tools/sdk/imt_sdk_win_64/winavr/bin/../lib/gcc/avr/4.3.3/avr5\libgcc.a(_thenan_sf.o)
 .debug_line    0x00000b76      0x18a e:/private/courses/embedded/imt diploma/imt tools/sdk/imt_sdk_win_64/winavr/bin/../lib/gcc/avr/4.3.3/avr5\libgcc.a(_pack_sf.o)
 .debug_line    0x00000d00      0x14b e:/private/courses/embedded/imt diploma/imt tools/sdk/imt_sdk_win_64/winavr/bin/../lib/gcc/avr/4.3.3/avr5\libgcc.a(_unpack_sf.o)
 .debug_line    0x00000e4b      0x137 e:/private/courses/embedded/imt diploma/imt tools/sdk/imt_sdk_win_64/winavr/bin/../lib/gcc/avr/4.3.3/avr5\libgcc.a(_fpcmp_parts_sf.o)

.debug_frame    0x00000000      0x180
 *(.debug_frame)
 .debug_frame   0x00000000       0x20 e:/private/courses/embedded/imt diploma/imt tools/sdk/imt_sdk_win_64/winavr/bin/../lib/gcc/avr/4.3.3/avr5\libgcc.a(_fixunssfsi.o)
 .debug_frame   0x00000020       0x40 e:/private/courses/embedded/imt diploma/imt tools/sdk/imt_sdk_win_64/winavr/bin/../lib/gcc/avr/4.3.3/avr5\libgcc.a(_addsub_sf.o)
 .debug_frame   0x00000060       0x20 e:/private/courses/embedded/imt diploma/imt tools/sdk/imt_sdk_win_64/winavr/bin/../lib/gcc/avr/4.3.3/avr5\libgcc.a(_mul_sf.o)
 .debug_frame   0x00000080       0x20 e:/private/courses/embedded/imt diploma/imt tools/sdk/imt_sdk_win_64/winavr/bin/../lib/gcc/avr/4.3.3/avr5\libgcc.a(_div_sf.o)
 .debug_frame   0x000000a0       0x20 e:/private/courses/embedded/imt diploma/imt tools/sdk/imt_sdk_win_64/winavr/bin/../lib/gcc/avr/4.3.3/avr5\libgcc.a(_gt_sf.o)
 .debug_frame   0x000000c0       0x20 e:/private/courses/embedded/imt diploma/imt tools/sdk/imt_sdk_win_64/winavr/bin/../lib/gcc/avr/4.3.3/avr5\libgcc.a(_ge_sf.o)
 .debug_frame   0x000000e0       0x20 e:/private/courses/embedded/imt diploma/imt tools/sdk/imt_sdk_win_64/winavr/bin/../lib/gcc/avr/4.3.3/avr5\libgcc.a(_lt_sf.o)
 .debug_frame   0x00000100       0x20 e:/private/courses/embedded/imt diploma/imt tools/sdk/imt_sdk_win_64/winavr/bin/../lib/gcc/avr/4.3.3/avr5\libgcc.a(_sf_to_si.o)
 .debug_frame   0x00000120       0x20 e:/private/courses/embedded/imt diploma/imt tools/sdk/imt_sdk_win_64/winavr/bin/../lib/gcc/avr/4.3.3/avr5\libgcc.a(_pack_sf.o)
 .debug_frame   0x00000140       0x20 e:/private/courses/embedded/imt diploma/imt tools/sdk/imt_sdk_win_64/winavr/bin/../lib/gcc/avr/4.3.3/avr5\libgcc.a(_unpack_sf.o)
 .debug_frame   0x00000160       0x20 e:/private/courses/embedded/imt diploma/imt tools/sdk/imt_sdk_win_64/winavr/bin/../lib/gcc/avr/4.3.3/avr5\libgcc.a(_fpcmp_parts_sf.o)

.debug_str      0x00000000      0x2c2
 *(.debug_str)
 .debug_str     0x00000000       0xbf e:/private/courses/embedded/imt diploma/imt tools/sdk/imt_sdk_win_64/winavr/bin/../lib/gcc/avr/4.3.3/avr5\libgcc.a(_fixunssfsi.o)
                                 0xfe (size before relaxing)
 .debug_str     0x000000bf      0x14d e:/private/courses/embedded/imt diploma/imt tools/sdk/imt_sdk_win_64/winavr/bin/../lib/gcc/avr/4.3.3/avr5\libgcc.a(_addsub_sf.o)
                                0x206 (size before relaxing)
 .debug_str     0x0000020c       0x27 e:/private/courses/embedded/imt diploma/imt tools/sdk/imt_sdk_win_64/winavr/bin/../lib/gcc/avr/4.3.3/avr5\libgcc.a(_mul_sf.o)
                                0x1bf (size before relaxing)
 .debug_str     0x00000233       0x35 e:/private/courses/embedded/imt diploma/imt tools/sdk/imt_sdk_win_64/winavr/bin/../lib/gcc/avr/4.3.3/avr5\libgcc.a(_div_sf.o)
                                0x1c8 (size before relaxing)
 .debug_str     0x00000268        0xf e:/private/courses/embedded/imt diploma/imt tools/sdk/imt_sdk_win_64/winavr/bin/../lib/gcc/avr/4.3.3/avr5\libgcc.a(_gt_sf.o)
                                0x195 (size before relaxing)
 .debug_str     0x00000277        0x8 e:/private/courses/embedded/imt diploma/imt tools/sdk/imt_sdk_win_64/winavr/bin/../lib/gcc/avr/4.3.3/avr5\libgcc.a(_ge_sf.o)
                                0x195 (size before relaxing)
 .debug_str     0x0000027f        0x8 e:/private/courses/embedded/imt diploma/imt tools/sdk/imt_sdk_win_64/winavr/bin/../lib/gcc/avr/4.3.3/avr5\libgcc.a(_lt_sf.o)
                                0x195 (size before relaxing)
 .debug_str     0x00000287        0xa e:/private/courses/embedded/imt diploma/imt tools/sdk/imt_sdk_win_64/winavr/bin/../lib/gcc/avr/4.3.3/avr5\libgcc.a(_sf_to_si.o)
                                0x19e (size before relaxing)
 .debug_str     0x00000000      0x103 e:/private/courses/embedded/imt diploma/imt tools/sdk/imt_sdk_win_64/winavr/bin/../lib/gcc/avr/4.3.3/avr5\libgcc.a(_thenan_sf.o)
 .debug_str     0x00000291       0x16 e:/private/courses/embedded/imt diploma/imt tools/sdk/imt_sdk_win_64/winavr/bin/../lib/gcc/avr/4.3.3/avr5\libgcc.a(_pack_sf.o)
                                0x19d (size before relaxing)
 .debug_str     0x000002a7        0xb e:/private/courses/embedded/imt diploma/imt tools/sdk/imt_sdk_win_64/winavr/bin/../lib/gcc/avr/4.3.3/avr5\libgcc.a(_unpack_sf.o)
                                0x17f (size before relaxing)
 .debug_str     0x000002b2       0x10 e:/private/courses/embedded/imt diploma/imt tools/sdk/imt_sdk_win_64/winavr/bin/../lib/gcc/avr/4.3.3/avr5\libgcc.a(_fpcmp_parts_sf.o)
                                0x163 (size before relaxing)

.debug_loc      0x00000000      0x88e
 *(.debug_loc)
 .debug_loc     0x00000000       0x34 e:/private/courses/embedded/imt diploma/imt tools/sdk/imt_sdk_win_64/winavr/bin/../lib/gcc/avr/4.3.3/avr5\libgcc.a(_fixunssfsi.o)
 .debug_loc     0x00000034      0x32a e:/private/courses/embedded/imt diploma/imt tools/sdk/imt_sdk_win_64/winavr/bin/../lib/gcc/avr/4.3.3/avr5\libgcc.a(_addsub_sf.o)
 .debug_loc     0x0000035e      0x104 e:/private/courses/embedded/imt diploma/imt tools/sdk/imt_sdk_win_64/winavr/bin/../lib/gcc/avr/4.3.3/avr5\libgcc.a(_mul_sf.o)
 .debug_loc     0x00000462       0xc0 e:/private/courses/embedded/imt diploma/imt tools/sdk/imt_sdk_win_64/winavr/bin/../lib/gcc/avr/4.3.3/avr5\libgcc.a(_div_sf.o)
 .debug_loc     0x00000522       0x3c e:/private/courses/embedded/imt diploma/imt tools/sdk/imt_sdk_win_64/winavr/bin/../lib/gcc/avr/4.3.3/avr5\libgcc.a(_gt_sf.o)
 .debug_loc     0x0000055e       0x3c e:/private/courses/embedded/imt diploma/imt tools/sdk/imt_sdk_win_64/winavr/bin/../lib/gcc/avr/4.3.3/avr5\libgcc.a(_ge_sf.o)
 .debug_loc     0x0000059a       0x3c e:/private/courses/embedded/imt diploma/imt tools/sdk/imt_sdk_win_64/winavr/bin/../lib/gcc/avr/4.3.3/avr5\libgcc.a(_lt_sf.o)
 .debug_loc     0x000005d6       0x7e e:/private/courses/embedded/imt diploma/imt tools/sdk/imt_sdk_win_64/winavr/bin/../lib/gcc/avr/4.3.3/avr5\libgcc.a(_sf_to_si.o)
 .debug_loc     0x00000654      0x13e e:/private/courses/embedded/imt diploma/imt tools/sdk/imt_sdk_win_64/winavr/bin/../lib/gcc/avr/4.3.3/avr5\libgcc.a(_pack_sf.o)
 .debug_loc     0x00000792       0xac e:/private/courses/embedded/imt diploma/imt tools/sdk/imt_sdk_win_64/winavr/bin/../lib/gcc/avr/4.3.3/avr5\libgcc.a(_unpack_sf.o)
 .debug_loc     0x0000083e       0x50 e:/private/courses/embedded/imt diploma/imt tools/sdk/imt_sdk_win_64/winavr/bin/../lib/gcc/avr/4.3.3/avr5\libgcc.a(_fpcmp_parts_sf.o)

.debug_macinfo
 *(.debug_macinfo)
OUTPUT(Control_Node.elf elf32-avr)
LOAD linker stubs

.debug_ranges   0x00000000       0x50
 .debug_ranges  0x00000000       0x50 e:/private/courses/embedded/imt diploma/imt tools/sdk/imt_sdk_win_64/winavr/bin/../lib/gcc/avr/4.3.3/avr5\libgcc.a(_mul_sf.o)
